******************************************************************************
                  TI ARM Linker PC v18.1.1                     
******************************************************************************
>> Linked Wed Feb 19 11:04:36 2020

OUTPUT FILE NAME:   <Swi_thread_DYNAMIC.out>
ENTRY POINT SYMBOL: "_c_int00"  address: 00003aa9


MEMORY CONFIGURATION

         name            origin    length      used     unused   attr    fill
----------------------  --------  ---------  --------  --------  ----  --------
  FLASH                 00000000   00040000  000074c6  00038b3a  R  X
  SRAM                  20000000   00008000  00001616  000069ea  RW X


SEGMENT ALLOCATION MAP

run origin  load origin   length   init length attrs members
----------  ----------- ---------- ----------- ----- -------
00000000    00000000    000074d0   000074d0    r-x
  00000000    00000000    0000003c   0000003c    r-- .resetVecs
  00000040    00000040    00005372   00005372    r-x .text
  000053b4    000053b4    00001f10   00001f10    r-- .const
  000072c8    000072c8    00000208   00000208    r-- .cinit
20000000    20000000    00001618   00000000    rw-
  20000000    20000000    00000360   00000000    rw- .vecs
  20000360    20000360    00000ba4   00000000    rw- .bss
  20000f04    20000f04    00000412   00000000    rw- .data
  20001318    20001318    00000300   00000000    rw- .stack


SECTION ALLOCATION MAP

 output                                  attributes/
section   page    origin      length       input sections
--------  ----  ----------  ----------   ----------------
.text      0    00000040    00005372     
                  00000040    00000430     sysbios.aem4f : BIOS.obj (.text:ti_sysbios_family_arm_m3_Hwi_excDumpRegs__I)
                  00000470    0000034c     ti.targets.arm.rtsarm.aem4f : System.oem4f (.text:xdc_runtime_System_doPrint__I)
                  000007bc    00000004     driverlib.lib : timer.obj (.text:TimerIntClear)
                  000007c0    000002d0     sysbios.aem4f : BIOS.obj (.text:ti_sysbios_knl_Semaphore_pend__E)
                  00000a90    0000026c                   : BIOS.obj (.text:ti_sysbios_heaps_HeapMem_free__E)
                  00000cfc    00000004     rtsv7M4_T_le_v4SPD16_eabi.lib : exit.c.obj (.text:abort:abort)
                  00000d00    00000250     sysbios.aem4f : BIOS.obj (.text:ti_sysbios_heaps_HeapMem_alloc__E)
                  00000f50    000001fc                   : BIOS.obj (.text:ti_sysbios_family_arm_m3_Hwi_excHandlerMax__I)
                  0000114c    00000004     Swi_thread_DYNAMIC_pem4f.oem4f (.text:ti_sysbios_BIOS_RtsGateProxy_enter__E)
                  00001150    00000174     sysbios.aem4f : BIOS.obj (.text:ti_sysbios_family_arm_m3_Hwi_excBusFault__I)
                  000012c4    00000004     Swi_thread_DYNAMIC_pem4f.oem4f (.text:ti_sysbios_BIOS_RtsGateProxy_leave__E)
                  000012c8    00000164     sysbios.aem4f : BIOS.obj (.text:ti_sysbios_family_arm_m3_Hwi_excUsageFault__I)
                  0000142c    00000150     drivers_tivaware.aem4f : GPIOTiva.oem4f (.text:GPIO_setConfig)
                  0000157c    00000004     sysbios.aem4f : BIOS.obj (.text:ti_sysbios_family_arm_lm4_Timer_masterEnable__I)
                  00001580    00000148                   : BIOS.obj (.text:ti_sysbios_family_arm_m3_Hwi_excMemFault__I)
                  000016c8    0000013c                   : BIOS.obj (.text:ti_sysbios_heaps_HeapMem_Instance_init__E)
                  00001804    00000004     Swi_thread_DYNAMIC_pem4f.oem4f (.text:ti_sysbios_family_arm_m3_TaskSupport_Module__startupDone__S)
                  00001808    00000134     sysbios.aem4f : BIOS.obj (.text:ti_sysbios_family_arm_lm4_Timer_start__E)
                  0000193c    00000130     driverlib.lib : gpio.obj (.text:GPIOPadConfigSet)
                  00001a6c    00000118     ti.targets.arm.rtsarm.aem4f : Error.oem4f (.text:xdc_runtime_Error_policyDefault__E)
                  00001b84    0000010c     driverlib.lib : sysctl.obj (.text:SysCtlClockGet)
                  00001c90    00000100     Boot.aem4f : Boot_sysctl.oem4f (.text:ti_catalog_arm_cortexm4_tiva_ce_Boot_sysCtlClockSetI__I)
                  00001d90    00000100     ti.targets.arm.rtsarm.aem4f : Core-mem.oem4f (.text:xdc_runtime_Core_createObject__I)
                  00001e90    000000f8                                 : Startup.oem4f (.text:xdc_runtime_Startup_startMods__I)
                  00001f88    000000f8     Swi_thread_DYNAMIC_pem4f.oem4f (.text:xdc_runtime_System_printfExtend__I)
                  00002080    000000f4     sysbios.aem4f : m3_Hwi_asm.obj (.text:ti_sysbios_family_arm_m3_Hwi_dispatch__I)
                  00002174    000000f0     driverlib.lib : sysctl.obj (.text:SysCtlClockSet)
                  00002264    00000004     Swi_thread_DYNAMIC_pem4f.oem4f (.text:ti_sysbios_hal_Hwi_HwiProxy_delete)
                  00002268    000000ec     sysbios.aem4f : BIOS.obj (.text:ti_sysbios_knl_Semaphore_post__E)
                  00002354    00000004     Swi_thread_DYNAMIC_pem4f.oem4f (.text:ti_sysbios_heaps_HeapMem_Module_GateProxy_enter__E)
                  00002358    000000d4     sysbios.aem4f : BIOS.obj (.text:ti_sysbios_knl_Swi_Instance_init__E)
                  0000242c    000000cc     ti.targets.arm.rtsarm.aem4f : Core-smem.oem4f (.text:xdc_runtime_Core_constructObject__I)
                  000024f8    000000bc     sysbios.aem4f : BIOS.obj (.text:ti_sysbios_family_arm_m3_Hwi_excDebugMon__I)
                  000025b4    00000004     Swi_thread_DYNAMIC_pem4f.oem4f (.text:ti_sysbios_heaps_HeapMem_Module_GateProxy_leave__E)
                  000025b8    000000bc     sysbios.aem4f : BIOS.obj (.text:ti_sysbios_family_arm_m3_Hwi_excHardFault__I)
                  00002674    00000004     Swi_thread_DYNAMIC_pem4f.oem4f (.text:ti_sysbios_knl_Clock_TimerProxy_getMaxTicks__E)
                  00002678    000000b4     sysbios.aem4f : BIOS.obj (.text:ti_sysbios_gates_GateMutex_enter__E)
                  0000272c    00000004     Swi_thread_DYNAMIC_pem4f.oem4f (.text:ti_sysbios_knl_Queue_destruct)
                  00002730    000000b4     sysbios.aem4f : BIOS.obj (.text:ti_sysbios_knl_Task_checkStacks__E)
                  000027e4    00000004     Swi_thread_DYNAMIC_pem4f.oem4f (.text:ti_sysbios_knl_Semaphore_destruct)
                  000027e8    000000ac     sysbios.aem4f : BIOS.obj (.text:ti_sysbios_family_arm_lm4_Timer_enableTiva__I)
                  00002894    000000a8     Swi_thread_DYNAMIC.obj (.text:main)
                  0000293c    00000004     ti.targets.arm.rtsarm.aem4f : Error.oem4f (.text:xdc_runtime_Error_getSite__E)
                  00002940    000000a8     sysbios.aem4f : BIOS.obj (.text:ti_sysbios_family_arm_lm4_Timer_enableTimers__I)
                  000029e8    000000a8                   : BIOS.obj (.text:ti_sysbios_knl_Task_postInit__I)
                  00002a90    000000a0     auto_init.aem4f : auto_init.oem4f (.text)
                  00002b30    000000a0     ti.targets.arm.rtsarm.aem4f : Text.oem4f (.text:xdc_runtime_Text_putMod__E)
                  00002bd0    0000009c     rtsv7M4_T_le_v4SPD16_eabi.lib : memcpy_t2.asm.obj (.text)
                  00002c6c    00000004     Swi_thread_DYNAMIC_pem4f.oem4f (.text:xdc_runtime_System_Module_GateProxy_enter__E)
                  00002c70    0000009c     sysbios.aem4f : BIOS.obj (.text:ti_sysbios_knl_Semaphore_Instance_init__E)
                  00002d0c    0000009a     ti.targets.arm.rtsarm.aem4f : Text.oem4f (.text:xdc_runtime_Text_putSite__E)
                  00002da6    00000002     rtsv7M4_T_le_v4SPD16_eabi.lib : _lock.c.obj (.text:_nop)
                  00002da8    00000098     Boot.aem4f : Boot.oem4f (.text:ti_catalog_arm_cortexm4_tiva_ce_Boot_sysCtlClockSet__E)
                  00002e40    00000094     sysbios.aem4f : BIOS.obj (.text:ti_sysbios_family_arm_m3_Hwi_Instance_init__E)
                  00002ed4    00000004     Swi_thread_DYNAMIC_pem4f.oem4f (.text:xdc_runtime_System_Module_GateProxy_leave__E)
                  00002ed8    00000094     sysbios.aem4f : BIOS.obj (.text:ti_sysbios_family_arm_m3_Hwi_initNVIC__E)
                  00002f6c    0000008c     drivers_tivaware.aem4f : GPIOTiva.oem4f (.text:GPIO_init)
                  00002ff8    0000008c     sysbios.aem4f : m3_TaskSupport_asm.obj (.text:ti_sysbios_family_arm_m3_TaskSupport_buildTaskStack)
                  00003084    00000004     ti.targets.arm.rtsarm.aem4f : System.oem4f (.text:xdc_runtime_System_aprintf_va__F)
                  00003088    00000084     sysbios.aem4f : BIOS.obj (.text:ti_sysbios_family_arm_m3_Hwi_postInit__I)
                  0000310c    0000007a     rtsv7M4_T_le_v4SPD16_eabi.lib : memset_t2.asm.obj (.text)
                  00003186    00000002                                   : div0.asm.obj (.text)
                  00003188    00000070     sysbios.aem4f : BIOS.obj (.text:ti_sysbios_knl_Clock_workFunc__E)
                  000031f8    00000070                   : BIOS.obj (.text:ti_sysbios_knl_Task_exit__E)
                  00003268    0000006d     ti.targets.arm.rtsarm.aem4f : System.oem4f (.text:xdc_runtime_System_formatNum__I)
                  000032d5    00000001     --HOLE-- [fill = 0]
                  000032d6    00000002     Swi_thread_DYNAMIC_pem4f.oem4f (.text:ti_sysbios_BIOS_nullFunc__I)
                  000032d8    0000006c     Swi_thread_DYNAMIC_pem4f.oem4f (.text:ti_sysbios_family_arm_m3_Hwi_Object__create__S)
                  00003344    00000004     ti.targets.arm.rtsarm.aem4f : System.oem4f (.text:xdc_runtime_System_printf_va__F)
                  00003348    0000006c     sysbios.aem4f : BIOS.obj (.text:ti_sysbios_knl_Swi_restoreHwi__E)
                  000033b4    0000006c     ti.targets.arm.rtsarm.aem4f : Error.oem4f (.text:xdc_runtime_Error_print__E)
                  00003420    0000006c                                 : Memory.oem4f (.text:xdc_runtime_Memory_alloc__E)
                  0000348c    00000068     rtsv7M4_T_le_v4SPD16_eabi.lib : copy_decompress_lzss.c.obj (.text:decompress:lzss:__TI_decompress_lzss)
                  000034f4    00000066     ti.targets.arm.rtsarm.aem4f : Core-mem.oem4f (.text:xdc_runtime_Core_deleteObject__I)
                  0000355a    00000002     Swi_thread_DYNAMIC_pem4f.oem4f (.text:xdc_runtime_Startup_reset__I)
                  0000355c    00000064     drivers_tivaware.aem4f : GPIOTiva.oem4f (.text:GPIO_hwiIntFxn)
                  000035c0    00000064     sysbios.aem4f : BIOS.obj (.text:ti_sysbios_family_arm_lm4_Timer_Module_startup__E)
                  00003624    00000064     Swi_thread_DYNAMIC_pem4f.oem4f (.text:ti_sysbios_family_arm_m3_Hwi_create)
                  00003688    00000064     sysbios.aem4f : BIOS.obj (.text:ti_sysbios_family_arm_m3_Hwi_dispatchC__I)
                  000036ec    00000064     Swi_thread_DYNAMIC_pem4f.oem4f (.text:ti_sysbios_hal_Hwi_create)
                  00003750    00000060     driverlib.lib : timer.obj (.text:TimerConfigure)
                  000037b0    00000060     sysbios.aem4f : BIOS.obj (.text:ti_sysbios_family_arm_lm4_Timer_isrStub__E)
                  00003810    00000060                   : BIOS.obj (.text:ti_sysbios_knl_Task_schedule__I)
                  00003870    0000005c     Swi_thread_DYNAMIC_pem4f.oem4f (.text:ti_sysbios_knl_Swi_create)
                  000038cc    00000004     --HOLE-- [fill = 0]
                  000038d0    0000005c     sysbios.aem4f : BIOS.obj (.text:ti_sysbios_knl_Swi_run__I)
                  0000392c    00000004     --HOLE-- [fill = 0]
                  00003930    0000005c                   : BIOS.obj (.text:ti_sysbios_knl_Swi_schedule__I)
                  0000398c    00000004     --HOLE-- [fill = 0]
                  00003990    0000005c                   : BIOS.obj (.text:ti_sysbios_knl_Task_Module_startup__E)
                  000039ec    00000004     --HOLE-- [fill = 0]
                  000039f0    0000005c                   : BIOS.obj (.text:ti_sysbios_knl_Task_startCore__E)
                  00003a4c    0000005b     ti.targets.arm.rtsarm.aem4f : Text.oem4f (.text:xdc_runtime_Text_putLab__E)
                  00003aa7    00000001     --HOLE-- [fill = 0]
                  00003aa8    00000058     boot.aem4f : boot.oem4f (.text)
                  00003b00    00000058     rtsv7M4_T_le_v4SPD16_eabi.lib : hostwrite.c.obj (.text:HOSTwrite)
                  00003b58    00000058     sysbios.aem4f : m3_Hwi_asm_switch.obj (.text:ti_sysbios_family_arm_m3_Hwi_initStacks__E)
                  00003bb0    00000056     driverlib.lib : gpio.obj (.text:GPIOIntTypeSet)
                  00003c06    00000002     --HOLE-- [fill = 0]
                  00003c08    00000054     sysbios.aem4f : BIOS.obj (.text:ti_sysbios_knl_Swi_Instance_finalize__E)
                  00003c5c    00000054     ti.targets.arm.rtsarm.aem4f : Assert.oem4f (.text:xdc_runtime_Assert_raise__I)
                  00003cb0    00000050     drivers_tivaware.aem4f : GPIOTiva.oem4f (.text:GPIO_setCallback)
                  00003d00    00000050                            : GPIOTiva.oem4f (.text:GPIO_toggle)
                  00003d50    00000050     sysbios.aem4f : BIOS.obj (.text:ti_sysbios_family_arm_m3_Hwi_Module_startup__E)
                  00003da0    00000050     ti.targets.arm.rtsarm.aem4f : Startup.oem4f (.text:xdc_runtime_Startup_exec__E)
                  00003df0    00000050                                 : Text.oem4f (.text:xdc_runtime_Text_visitRope2__I)
                  00003e40    0000004c     rtsv7M4_T_le_v4SPD16_eabi.lib : cpy_tbl.c.obj (.text:copy_in)
                  00003e8c    00000004     --HOLE-- [fill = 0]
                  00003e90    0000004c     sysbios.aem4f : BIOS.obj (.text:ti_sysbios_heaps_HeapMem_getStats__E)
                  00003edc    00000004     --HOLE-- [fill = 0]
                  00003ee0    0000004c                   : BIOS.obj (.text:ti_sysbios_knl_Swi_runLoop__I)
                  00003f2c    00000004     --HOLE-- [fill = 0]
                  00003f30    0000004c                   : BIOS.obj (.text:ti_sysbios_knl_Task_allBlockedFunction__I)
                  00003f7c    00000048     Swi_thread_DYNAMIC.obj (.text:Timer2A_Interrupt_Init)
                  00003fc4    00000004     --HOLE-- [fill = 0]
                  00003fc8    00000048     sysbios.aem4f : BIOS.obj (.text:ti_sysbios_family_arm_m3_Hwi_disableInterrupt__E)
                  00004010    00000048                   : BIOS.obj (.text:ti_sysbios_family_arm_m3_Hwi_enableInterrupt__E)
                  00004058    00000048                   : BIOS.obj (.text:ti_sysbios_family_arm_m3_Hwi_excReserved__I)
                  000040a0    00000046     ti.targets.arm.rtsarm.aem4f : Core-params.oem4f (.text:xdc_runtime_Core_assignParams__I)
                  000040e6    00000002     --HOLE-- [fill = 0]
                  000040e8    00000044     sysbios.aem4f : BIOS.obj (.text:ti_sysbios_family_arm_m3_Hwi_getStackInfo__E)
                  0000412c    00000004     --HOLE-- [fill = 0]
                  00004130    00000044                   : BIOS.obj (.text:ti_sysbios_knl_Swi_post__E)
                  00004174    00000044     ti.targets.arm.rtsarm.aem4f : Error.oem4f (.text:xdc_runtime_Error_setX__E)
                  000041b8    00000044                                 : SysMin.oem4f (.text:xdc_runtime_SysMin_flush__E)
                  000041fc    00000044                                 : Text.oem4f (.text:xdc_runtime_Text_xprintf__I)
                  00004240    00000040     EK_TM4C123GXL.obj (.text:EK_TM4C123GXL_initGeneral)
                  00004280    00000040     rtsv7M4_T_le_v4SPD16_eabi.lib : u_divt2.asm.obj (.text)
                  000042c0    00000040     sysbios.aem4f : BIOS.obj (.text:ti_sysbios_family_arm_lm4_Timer_startup__E)
                  00004300    0000003c                   : BIOS.obj (.text:ti_sysbios_family_arm_m3_Hwi_excSvCall__I)
                  0000433c    00000004     --HOLE-- [fill = 0]
                  00004340    0000003c                   : BIOS.obj (.text:ti_sysbios_heaps_HeapMem_init__I)
                  0000437c    00000004     --HOLE-- [fill = 0]
                  00004380    0000003c                   : BIOS.obj (.text:ti_sysbios_knl_Swi_restore__E)
                  000043bc    00000038     rtsv7M4_T_le_v4SPD16_eabi.lib : trgmsg.c.obj (.text:__TI_writemsg)
                  000043f4    00000004     --HOLE-- [fill = 0]
                  000043f8    00000038     sysbios.aem4f : BIOS.obj (.text:ti_sysbios_family_arm_m3_Hwi_excNoIsr__I)
                  00004430    00000038                   : BIOS.obj (.text:ti_sysbios_knl_Task_processVitalTaskFlag__I)
                  00004468    00000038     ti.targets.arm.rtsarm.aem4f : SysMin.oem4f (.text:xdc_runtime_SysMin_putch__E)
                  000044a0    00000038                                 : System.oem4f (.text:xdc_runtime_System_atexit__E)
                  000044d8    00000034     driverlib.lib : sysctl.obj (.text:SysCtlPeripheralEnable)
                  0000450c    00000034     rtsv7M4_T_le_v4SPD16_eabi.lib : trgmsg.c.obj (.text:__TI_readmsg)
                  00004540    00000034     sysbios.aem4f : BIOS.obj (.text:ti_sysbios_family_arm_m3_Hwi_Instance_finalize__E)
                  00004574    00000004     --HOLE-- [fill = 0]
                  00004578    00000034                   : BIOS.obj (.text:ti_sysbios_family_arm_m3_Hwi_excNmi__I)
                  000045ac    00000004     --HOLE-- [fill = 0]
                  000045b0    00000034                   : BIOS.obj (.text:ti_sysbios_hal_Hwi_checkStack)
                  000045e4    00000034     ti.targets.arm.rtsarm.aem4f : Core-label.oem4f (.text:xdc_runtime_Core_assignLabel__I)
                  00004618    00000033                                 : Text.oem4f (.text:xdc_runtime_Text_printVisFxn__I)
                  0000464b    00000005     --HOLE-- [fill = 0]
                  00004650    00000032     sysbios.aem4f : BIOS.obj (.text:ti_sysbios_hal_Hwi_initStack)
                  00004682    00000002     --HOLE-- [fill = 0]
                  00004684    00000030     EK_TM4C123GXL.obj (.text:EK_TM4C123GXL_initGPIO)
                  000046b4    00000030     Swi_thread_DYNAMIC_pem4f.oem4f (.text:ti_sysbios_BIOS_atExitFunc__I)
                  000046e4    00000004     --HOLE-- [fill = 0]
                  000046e8    00000030     sysbios.aem4f : BIOS.obj (.text:ti_sysbios_family_arm_lm4_Timer_stop__E)
                  00004718    00000030                   : BIOS.obj (.text:ti_sysbios_family_arm_m3_TaskSupport_start__E)
                  00004748    00000030     Swi_thread_DYNAMIC_pem4f.oem4f (.text:ti_sysbios_gates_GateHwi_Object__create__S)
                  00004778    00000030     Swi_thread_DYNAMIC_pem4f.oem4f (.text:ti_sysbios_gates_GateMutex_Object__create__S)
                  000047a8    00000030     Swi_thread_DYNAMIC_pem4f.oem4f (.text:ti_sysbios_heaps_HeapMem_Object__create__S)
                  000047d8    00000030     Swi_thread_DYNAMIC_pem4f.oem4f (.text:ti_sysbios_knl_Semaphore_construct)
                  00004808    00000030     sysbios.aem4f : BIOS.obj (.text:ti_sysbios_knl_Semaphore_pendTimeout__I)
                  00004838    00000030                   : BIOS.obj (.text:ti_sysbios_knl_Task_unblockI__E)
                  00004868    00000030     ti.targets.arm.rtsarm.aem4f : SysMin.oem4f (.text:xdc_runtime_SysMin_abort__E)
                  00004898    00000030                                 : System.oem4f (.text:xdc_runtime_System_processAtExit__E)
                  000048c8    0000002c     Swi_thread_DYNAMIC_pem4f.oem4f (.text:ti_sysbios_knl_Clock_doTick__I)
                  000048f4    0000002c     Swi_thread_DYNAMIC_pem4f.oem4f (.text:ti_sysbios_knl_Queue_construct)
                  00004920    0000002c     sysbios.aem4f : BIOS.obj (.text:ti_sysbios_knl_Task_restore__E)
                  0000494c    0000002c     ti.targets.arm.rtsarm.aem4f : Text.oem4f (.text:xdc_runtime_Text_cordText__E)
                  00004978    0000002a     driverlib.lib : gpio.obj (.text:GPIODirModeSet)
                  000049a2    0000002a     ti.targets.arm.rtsarm.aem4f : System.oem4f (.text:xdc_runtime_System_putchar__I)
                  000049cc    00000004     --HOLE-- [fill = 0]
                  000049d0    00000028     sysbios.aem4f : BIOS.obj (.text:ti_sysbios_hal_Hwi_Instance_init__E)
                  000049f8    00000028                   : BIOS.obj (.text:ti_sysbios_knl_Swi_Module_startup__E)
                  00004a20    00000026                   : m3_Hwi_asm.obj (.text:ti_sysbios_family_arm_m3_Hwi_pendSV__I)
                  00004a46    00000026     ti.targets.arm.rtsarm.aem4f : System.oem4f (.text:xdc_runtime_System_avprintf__E)
                  00004a6c    00000024     Swi_thread_DYNAMIC_pem4f.oem4f (.text:ti_sysbios_BIOS_errorRaiseHook__I)
                  00004a90    00000024     Swi_thread_DYNAMIC_pem4f.oem4f (.text:ti_sysbios_BIOS_registerRTSLock__I)
                  00004ab4    00000024     Swi_thread_DYNAMIC_pem4f.oem4f (.text:ti_sysbios_BIOS_removeRTSLock__I)
                  00004ad8    00000024     Swi_thread_DYNAMIC_pem4f.oem4f (.text:ti_sysbios_BIOS_startFunc__I)
                  00004afc    00000024     Swi_thread_DYNAMIC_pem4f.oem4f (.text:ti_sysbios_gates_GateMutex_Object__delete__S)
                  00004b20    00000024     sysbios.aem4f : BIOS.obj (.text:ti_sysbios_knl_Clock_Module_startup__E)
                  00004b44    00000004     --HOLE-- [fill = 0]
                  00004b48    00000024                   : BIOS.obj (.text:ti_sysbios_knl_Task_restoreHwi__E)
                  00004b6c    00000024     ti.targets.arm.rtsarm.aem4f : System.oem4f (.text:xdc_runtime_System_vprintf__E)
                  00004b90    00000022     sysbios.aem4f : BIOS.obj (.text:ti_sysbios_family_arm_lm4_Timer_write__I)
                  00004bb2    00000022     Swi_thread_DYNAMIC_pem4f.oem4f (.text:xdc_runtime_SysMin_output__I)
                  00004bd4    00000020     Swi_thread_DYNAMIC.obj (.text:hwi_ledController)
                  00004bf4    00000020     Swi_thread_DYNAMIC_pem4f.oem4f (.text:ti_sysbios_BIOS_rtsLock__I)
                  00004c14    00000020     Swi_thread_DYNAMIC_pem4f.oem4f (.text:ti_sysbios_family_arm_m3_Hwi_Object__delete__S)
                  00004c34    00000020     sysbios.aem4f : m3_Hwi_asm.obj (.text:ti_sysbios_family_arm_m3_Hwi_excHandlerAsm__I)
                  00004c54    00000004     --HOLE-- [fill = 0]
                  00004c58    00000020                   : BIOS.obj (.text:ti_sysbios_family_arm_m3_Hwi_excHandler__I)
                  00004c78    00000020     Swi_thread_DYNAMIC_pem4f.oem4f (.text:ti_sysbios_gates_GateHwi_Object__delete__S)
                  00004c98    00000020     Swi_thread_DYNAMIC_pem4f.oem4f (.text:ti_sysbios_heaps_HeapMem_Object__delete__S)
                  00004cb8    00000020     sysbios.aem4f : BIOS.obj (.text:ti_sysbios_knl_Idle_run__E)
                  00004cd8    00000020     Swi_thread_DYNAMIC_pem4f.oem4f (.text:ti_sysbios_knl_Semaphore_Object__destruct__S)
                  00004cf8    00000020     ti.targets.arm.rtsarm.aem4f : Registry.oem4f (.text:xdc_runtime_Registry_findById__E)
                  00004d18    00000020                                 : SysMin.oem4f (.text:xdc_runtime_SysMin_Module_startup__E)
                  00004d38    0000001e     sysbios.aem4f : m3_Hwi_asm_switch.obj (.text:ti_sysbios_family_xxx_Hwi_switchAndRunFunc)
                  00004d56    0000001c     drivers_tivaware.aem4f : GPIOTiva.oem4f (.text:getGpioIntIndex)
                  00004d72    00000006     driverlib.lib : gpio.obj (.text:GPIOIntClear)
                  00004d78    0000001c     sysbios.aem4f : BIOS.obj (.text:ti_sysbios_gates_GateMutex_Instance_init__E)
                  00004d94    0000001c     Swi_thread_DYNAMIC_pem4f.oem4f (.text:ti_sysbios_hal_Hwi_HwiProxy_create)
                  00004db0    0000001c     Swi_thread_DYNAMIC_pem4f.oem4f (.text:ti_sysbios_knl_Queue_Object__destruct__S)
                  00004dcc    00000004     --HOLE-- [fill = 0]
                  00004dd0    0000001c     sysbios.aem4f : BIOS.obj (.text:ti_sysbios_knl_Task_enter__I)
                  00004dec    0000001c     ti.targets.arm.rtsarm.aem4f : Error.oem4f (.text:xdc_runtime_Error_raiseX__E)
                  00004e08    0000001c                                 : Memory.oem4f (.text:xdc_runtime_Memory_valloc__E)
                  00004e24    0000001c                                 : SysMin.oem4f (.text:xdc_runtime_SysMin_exit__E)
                  00004e40    0000001c                                 : System.oem4f (.text:xdc_runtime_System_abort__E)
                  00004e5c    0000001a     Swi_thread_DYNAMIC_pem4f.oem4f (.text:ti_sysbios_family_arm_m3_Hwi_Handle__label__S)
                  00004e76    0000001a     Swi_thread_DYNAMIC_pem4f.oem4f (.text:ti_sysbios_gates_GateHwi_Handle__label__S)
                  00004e90    0000001a     Swi_thread_DYNAMIC_pem4f.oem4f (.text:ti_sysbios_gates_GateMutex_Handle__label__S)
                  00004eaa    0000001a     Swi_thread_DYNAMIC_pem4f.oem4f (.text:ti_sysbios_heaps_HeapMem_Handle__label__S)
                  00004ec4    0000001a     Swi_thread_DYNAMIC_pem4f.oem4f (.text:ti_sysbios_knl_Swi_Handle__label__S)
                  00004ede    0000001a     Swi_thread_DYNAMIC_pem4f.oem4f (.text:ti_sysbios_knl_Task_Handle__label__S)
                  00004ef8    0000001a     Swi_thread_DYNAMIC_pem4f.oem4f (.text:xdc_runtime_System_aprintf__E)
                  00004f12    0000001a     Swi_thread_DYNAMIC_pem4f.oem4f (.text:xdc_runtime_System_printf__E)
                  00004f2c    00000018     rtsv7M4_T_le_v4SPD16_eabi.lib : args_main.c.obj (.text:_args_main)
                  00004f44    00000018     Swi_thread_DYNAMIC_pem4f.oem4f (.text:ti_sysbios_BIOS_rtsUnlock__I)
                  00004f5c    00000018     Swi_thread_DYNAMIC_pem4f.oem4f (.text:ti_sysbios_family_arm_lm4_Timer_Module__startupDone__F)
                  00004f74    00000018     Swi_thread_DYNAMIC_pem4f.oem4f (.text:ti_sysbios_family_arm_m3_Hwi_Module__startupDone__F)
                  00004f8c    00000018     sysbios.aem4f : m3_TaskSupport_asm.obj (.text:ti_sysbios_family_arm_m3_TaskSupport_swap__E)
                  00004fa4    00000004     --HOLE-- [fill = 0]
                  00004fa8    00000018                   : BIOS.obj (.text:ti_sysbios_gates_GateMutex_leave__E)
                  00004fc0    00000018     ti.targets.arm.rtsarm.aem4f : Error.oem4f (.text:xdc_runtime_Error_check__E)
                  00004fd8    00000018                                 : System.oem4f (.text:xdc_runtime_System_exit__E)
                  00004ff0    00000018                                 : Text.oem4f (.text:xdc_runtime_Text_ropeText__E)
                  00005008    00000016     Swi_thread_DYNAMIC_pem4f.oem4f (.text:ti_sysbios_BIOS_exitFunc__I)
                  0000501e    00000016     Swi_thread_DYNAMIC.obj (.text:ti_sysbios_hal_Hwi_Params_init)
                  00005034    00000016     Swi_thread_DYNAMIC.obj (.text:ti_sysbios_knl_Swi_Params_init)
                  0000504a    00000014     rtsv7M4_T_le_v4SPD16_eabi.lib : strlen.c.obj (.text:strlen)
                  0000505e    00000002     --HOLE-- [fill = 0]
                  00005060    00000014     Swi_thread_DYNAMIC_pem4f.oem4f (.text:ti_sysbios_family_arm_m3_Hwi_Object__get__S)
                  00005074    00000004     --HOLE-- [fill = 0]
                  00005078    00000014     sysbios.aem4f : BIOS.obj (.text:ti_sysbios_family_arm_m3_Hwi_switchFromBootStack__E)
                  0000508c    00000014     Swi_thread_DYNAMIC_pem4f.oem4f (.text:ti_sysbios_heaps_HeapMem_Object__get__S)
                  000050a0    00000014     Swi_thread_DYNAMIC_pem4f.oem4f (.text:ti_sysbios_knl_Swi_Object__get__S)
                  000050b4    00000012     driverlib.lib : gpio.obj (.text:GPIOPinTypeGPIOInput)
                  000050c6    00000012                   : timer.obj (.text:TimerLoadSet)
                  000050d8    00000012     sysbios.aem4f : BIOS.obj (.text:ti_sysbios_hal_Hwi_Module_startup__E)
                  000050ea    00000012     Swi_thread_DYNAMIC_pem4f.oem4f (.text:xdc_runtime_Startup_exec__I)
                  000050fc    00000004     --HOLE-- [fill = 0]
                  00005100    00000010     sysbios.aem4f : BIOS.obj (.text:ti_sysbios_BIOS_setThreadType__E)
                  00005110    00000010                   : BIOS.obj (.text:ti_sysbios_BIOS_start__E)
                  00005120    00000010                   : m3_TaskSupport_asm.obj (.text:ti_sysbios_family_arm_m3_TaskSupport_glue)
                  00005130    00000010                   : BIOS.obj (.text:ti_sysbios_gates_GateMutex_Instance_finalize__E)
                  00005140    00000010     Swi_thread_DYNAMIC_pem4f.oem4f (.text:ti_sysbios_hal_Hwi_HwiProxy_Object__create__S)
                  00005150    00000010     sysbios.aem4f : BIOS.obj (.text:ti_sysbios_knl_Semaphore_Instance_finalize__E)
                  00005160    00000010                   : BIOS.obj (.text:ti_sysbios_knl_Swi_disable__E)
                  00005170    00000010     Swi_thread_DYNAMIC_pem4f.oem4f (.text:ti_sysbios_knl_Task_Object__get__S)
                  00005180    00000010     sysbios.aem4f : BIOS.obj (.text:ti_sysbios_knl_Task_disable__E)
                  00005190    00000010     ti.targets.arm.rtsarm.aem4f : Gate.oem4f (.text:xdc_runtime_Gate_leaveSystem__E)
                  000051a0    00000010                                 : Memory.oem4f (.text:xdc_runtime_Memory_free__E)
                  000051b0    00000010                                 : SysMin.oem4f (.text:xdc_runtime_SysMin_ready__E)
                  000051c0    00000010                                 : System.oem4f (.text:xdc_runtime_System_vsnprintf__E)
                  000051d0    00000010     Swi_thread_DYNAMIC_pem4f.oem4f (.text:xdc_runtime_Text_visitRope__I)
                  000051e0    0000000e     driverlib.lib : gpio.obj (.text:GPIOIntStatus)
                  000051ee    0000000e     Swi_thread_DYNAMIC.obj (.text:Swi_ledController)
                  000051fc    0000000e     driverlib.lib : timer.obj (.text:TimerEnable)
                  0000520a    0000000e     rtsv7M4_T_le_v4SPD16_eabi.lib : copy_decompress_none.c.obj (.text:decompress:none:__TI_decompress_none)
                  00005218    0000000e     sysbios.aem4f : BIOS.obj (.text:ti_sysbios_knl_Idle_loop__E)
                  00005226    00000002     --HOLE-- [fill = 0]
                  00005228    0000000e                   : BIOS.obj (.text:ti_sysbios_knl_Queue_empty__E)
                  00005236    00000002     --HOLE-- [fill = 0]
                  00005238    0000000c     Swi_thread_DYNAMIC_pem4f.oem4f (.text:.bootCodeSection:ti_catalog_arm_cortexm4_tiva_ce_Boot_init__I)
                  00005244    0000000c     rtsv7M4_T_le_v4SPD16_eabi.lib : _lock.c.obj (.text:_register_lock)
                  00005250    0000000c                                   : _lock.c.obj (.text:_register_unlock)
                  0000525c    0000000c                                   : copy_zero_init.c.obj (.text:decompress:ZI:__TI_zero_init)
                  00005268    0000000c     sysbios.aem4f : BIOS.obj (.text:ti_sysbios_family_arm_lm4_Timer_getMaxTicks__E)
                  00005274    0000000c     Swi_thread_DYNAMIC_pem4f.oem4f (.text:ti_sysbios_family_arm_m3_Hwi_Params__init__S)
                  00005280    0000000c     sysbios.aem4f : BIOS.obj (.text:ti_sysbios_family_arm_m3_Hwi_disableFxn__E)
                  0000528c    00000004     --HOLE-- [fill = 0]
                  00005290    0000000c                   : BIOS.obj (.text:ti_sysbios_family_arm_m3_TaskSupport_checkStack__E)
                  0000529c    00000004     --HOLE-- [fill = 0]
                  000052a0    0000000c                   : BIOS.obj (.text:ti_sysbios_gates_GateHwi_enter__E)
                  000052ac    0000000c     Swi_thread_DYNAMIC_pem4f.oem4f (.text:ti_sysbios_hal_Hwi_Params__init__S)
                  000052b8    0000000c     Swi_thread_DYNAMIC_pem4f.oem4f (.text:ti_sysbios_knl_Queue_Object__get__S)
                  000052c4    0000000c     Swi_thread_DYNAMIC_pem4f.oem4f (.text:ti_sysbios_knl_Swi_Params__init__S)
                  000052d0    0000000c     ti.targets.arm.rtsarm.aem4f : Error.oem4f (.text:xdc_runtime_Error_init__E)
                  000052dc    0000000c                                 : Gate.oem4f (.text:xdc_runtime_Gate_enterSystem__E)
                  000052e8    0000000c                                 : Memory.oem4f (.text:xdc_runtime_Memory_calloc__E)
                  000052f4    0000000c                                 : Memory.oem4f (.text:xdc_runtime_Memory_getMaxDefaultTypeAlign__E)
                  00005300    0000000a     sysbios.aem4f : BIOS.obj (.text:ti_sysbios_hal_Hwi_Instance_finalize__E)
                  0000530a    0000000a     Swi_thread_DYNAMIC_pem4f.oem4f (.text:xdc_runtime_IHeap_alloc)
                  00005314    0000000a     Swi_thread_DYNAMIC_pem4f.oem4f (.text:xdc_runtime_IHeap_free)
                  0000531e    00000008     driverlib.lib : timer.obj (.text:TimerIntEnable)
                  00005326    00000008     sysbios.aem4f : BIOS.obj (.text:ti_sysbios_family_arm_lm4_Timer_masterDisable__I)
                  0000532e    00000002     --HOLE-- [fill = 0]
                  00005330    00000008                   : BIOS.obj (.text:ti_sysbios_family_arm_m3_Hwi_doSwiRestore__I)
                  00005338    00000008                   : BIOS.obj (.text:ti_sysbios_family_arm_m3_Hwi_startup__E)
                  00005340    00000006     driverlib.lib : gpio.obj (.text:GPIOPinRead)
                  00005346    00000006                   : gpio.obj (.text:GPIOPinWrite)
                  0000534c    00000006                   : sysctl.obj (.text:SysCtlDelay)
                  00005352    00000006     Boot.aem4f : Boot_sysctl.oem4f (.text:ti_catalog_arm_cortexm4_tiva_ce_Boot_sysCtlDelayI__I)
                  00005358    00000006     sysbios.aem4f : BIOS.obj (.text:ti_sysbios_family_arm_m3_Hwi_doTaskRestore__I)
                  0000535e    00000002     --HOLE-- [fill = 0]
                  00005360    00000006                   : BIOS.obj (.text:ti_sysbios_family_arm_m3_Hwi_restoreFxn__E)
                  00005366    00000002     --HOLE-- [fill = 0]
                  00005368    00000006                   : BIOS.obj (.text:ti_sysbios_gates_GateHwi_leave__E)
                  0000536e    00000002     --HOLE-- [fill = 0]
                  00005370    00000006                   : BIOS.obj (.text:ti_sysbios_heaps_HeapMem_isBlocking__E)
                  00005376    00000002     --HOLE-- [fill = 0]
                  00005378    00000006                   : BIOS.obj (.text:ti_sysbios_knl_Queue_Instance_init__E)
                  0000537e    00000002     --HOLE-- [fill = 0]
                  00005380    00000006                   : BIOS.obj (.text:ti_sysbios_knl_Swi_startup__E)
                  00005386    00000006     ti.targets.arm.rtsarm.aem4f : System.oem4f (.text:xdc_runtime_System_Module_startup__E)
                  0000538c    00000004     --HOLE-- [fill = 0]
                  00005390    00000004     sysbios.aem4f : BIOS.obj (.text:ti_sysbios_gates_GateHwi_query__E)
                  00005394    00000004     --HOLE-- [fill = 0]
                  00005398    00000004                   : BIOS.obj (.text:ti_sysbios_gates_GateMutex_query__E)
                  0000539c    00000004     --HOLE-- [fill = 0]
                  000053a0    00000004                   : BIOS.obj (.text:ti_sysbios_knl_Task_startup__E)
                  000053a4    00000004     --HOLE-- [fill = 0]
                  000053a8    00000002                   : BIOS.obj (.text:ti_sysbios_gates_GateHwi_Instance_init__E)
                  000053aa    00000006     --HOLE-- [fill = 0]
                  000053b0    00000002                   : BIOS.obj (.text:ti_sysbios_knl_Clock_logTick__E)

.const     0    000053b4    00001f10     
                  000053b4    00001861     Swi_thread_DYNAMIC_pem4f.oem4f (.const:xdc_runtime_Text_charTab__A)
                  00006c15    00000001     Swi_thread_DYNAMIC_pem4f.oem4f (.const:xdc_runtime_Error_policy__C)
                  00006c16    000000bc     Swi_thread_DYNAMIC_pem4f.oem4f (.const:xdc_runtime_Text_nodeTab__A)
                  00006cd2    00000002     Swi_thread_DYNAMIC_pem4f.oem4f (.const:ti_catalog_arm_cortexm4_tiva_ce_Boot_Module__id__C)
                  00006cd4    0000006c     driverlib.lib : sysctl.obj (.const:g_pui32Xtals)
                  00006d40    00000054     drivers_tivaware.aem4f : GPIOTiva.oem4f (.const:.string)
                  00006d94    00000048     Swi_thread_DYNAMIC_pem4f.oem4f (.const:.string)
                  00006ddc    00000048     drivers_tivaware.aem4f : GPIOTiva.oem4f (.const:gpioBaseAddresses)
                  00006e24    00000030     Swi_thread_DYNAMIC_pem4f.oem4f (.const:ti_sysbios_family_arm_m3_Hwi_Object__PARAMS__C)
                  00006e54    0000002c     Swi_thread_DYNAMIC_pem4f.oem4f (.const:ti_sysbios_hal_Hwi_Object__PARAMS__C)
                  00006e80    00000028     Swi_thread_DYNAMIC_pem4f.oem4f (.const:ti_sysbios_heaps_HeapMem_Module__FXNS__C)
                  00006ea8    00000028     Swi_thread_DYNAMIC_pem4f.oem4f (.const:ti_sysbios_knl_Swi_Object__PARAMS__C)
                  00006ed0    00000024     Swi_thread_DYNAMIC_pem4f.oem4f (.const:ti_sysbios_gates_GateHwi_Module__FXNS__C)
                  00006ef4    00000024     Swi_thread_DYNAMIC_pem4f.oem4f (.const:ti_sysbios_gates_GateMutex_Module__FXNS__C)
                  00006f18    00000024     Swi_thread_DYNAMIC_pem4f.oem4f (.const:ti_sysbios_heaps_HeapMem_Object__PARAMS__C)
                  00006f3c    00000024     Swi_thread_DYNAMIC_pem4f.oem4f (.const:ti_sysbios_knl_Semaphore_Object__PARAMS__C)
                  00006f60    00000020     Swi_thread_DYNAMIC_pem4f.oem4f (.const:ti_sysbios_family_arm_m3_Hwi_Object__DESC__C)
                  00006f80    00000020     Swi_thread_DYNAMIC_pem4f.oem4f (.const:ti_sysbios_gates_GateHwi_Object__DESC__C)
                  00006fa0    00000020     Swi_thread_DYNAMIC_pem4f.oem4f (.const:ti_sysbios_gates_GateMutex_Object__DESC__C)
                  00006fc0    00000020     Swi_thread_DYNAMIC_pem4f.oem4f (.const:ti_sysbios_hal_Hwi_Object__DESC__C)
                  00006fe0    00000020     Swi_thread_DYNAMIC_pem4f.oem4f (.const:ti_sysbios_heaps_HeapMem_Object__DESC__C)
                  00007000    00000020     Swi_thread_DYNAMIC_pem4f.oem4f (.const:ti_sysbios_knl_Queue_Object__DESC__C)
                  00007020    00000020     Swi_thread_DYNAMIC_pem4f.oem4f (.const:ti_sysbios_knl_Semaphore_Object__DESC__C)
                  00007040    00000020     Swi_thread_DYNAMIC_pem4f.oem4f (.const:ti_sysbios_knl_Swi_Object__DESC__C)
                  00007060    00000020     Swi_thread_DYNAMIC_pem4f.oem4f (.const:xdc_runtime_Startup_sfxnTab__A)
                  00007080    00000018     Swi_thread_DYNAMIC_pem4f.oem4f (.const:ti_sysbios_gates_GateHwi_Object__PARAMS__C)
                  00007098    00000018     Swi_thread_DYNAMIC_pem4f.oem4f (.const:ti_sysbios_gates_GateMutex_Object__PARAMS__C)
                  000070b0    00000018     Swi_thread_DYNAMIC_pem4f.oem4f (.const:ti_sysbios_knl_Queue_Object__PARAMS__C)
                  000070c8    00000014     EK_TM4C123GXL.obj (.const:GPIOTiva_config)
                  000070dc    00000014     Swi_thread_DYNAMIC_pem4f.oem4f (.const:xdc_runtime_Startup_firstFxns__A)
                  000070f0    00000010     Swi_thread_DYNAMIC_pem4f.oem4f (.const:xdc_runtime_Startup_sfxnRts__A)
                  00007100    00000008     Swi_thread_DYNAMIC_pem4f.oem4f (.const:ti_sysbios_family_arm_m3_Hwi_excHookFuncs__A)
                  00007108    00000008     Swi_thread_DYNAMIC_pem4f.oem4f (.const:ti_sysbios_knl_Idle_funcList__C)
                  00007110    00000008     Swi_thread_DYNAMIC_pem4f.oem4f (.const:xdc_runtime_Startup_firstFxns__C)
                  00007118    00000008     Swi_thread_DYNAMIC_pem4f.oem4f (.const:xdc_runtime_Startup_lastFxns__C)
                  00007120    00000004     Swi_thread_DYNAMIC_pem4f.oem4f (.const:ti_catalog_arm_cortexm4_tiva_ce_Boot_A_mustUseEnhancedClockMode__C)
                  00007124    00000004     Swi_thread_DYNAMIC_pem4f.oem4f (.const:ti_catalog_arm_cortexm4_tiva_ce_Boot_Module__diagsEnabled__C)
                  00007128    00000004     Swi_thread_DYNAMIC_pem4f.oem4f (.const:ti_catalog_arm_cortexm4_tiva_ce_Boot_Module__diagsIncluded__C)
                  0000712c    00000004     Swi_thread_DYNAMIC_pem4f.oem4f (.const:ti_catalog_arm_cortexm4_tiva_ce_Boot_Module__diagsMask__C)
                  00007130    00000004     Swi_thread_DYNAMIC_pem4f.oem4f (.const:ti_sysbios_family_arm_lm4_Timer_enableFunc__C)
                  00007134    00000004     Swi_thread_DYNAMIC_pem4f.oem4f (.const:ti_sysbios_family_arm_lm4_Timer_numTimerDevices__C)
                  00007138    00000004     Swi_thread_DYNAMIC_pem4f.oem4f (.const:ti_sysbios_family_arm_lm4_Timer_startupNeeded__C)
                  0000713c    00000004     Swi_thread_DYNAMIC_pem4f.oem4f (.const:ti_sysbios_family_arm_m3_Hwi_E_NMI__C)
                  00007140    00000004     Swi_thread_DYNAMIC_pem4f.oem4f (.const:ti_sysbios_family_arm_m3_Hwi_E_alreadyDefined__C)
                  00007144    00000004     Swi_thread_DYNAMIC_pem4f.oem4f (.const:ti_sysbios_family_arm_m3_Hwi_E_busFault__C)
                  00007148    00000004     Swi_thread_DYNAMIC_pem4f.oem4f (.const:ti_sysbios_family_arm_m3_Hwi_E_debugMon__C)
                  0000714c    00000004     Swi_thread_DYNAMIC_pem4f.oem4f (.const:ti_sysbios_family_arm_m3_Hwi_E_hardFault__C)
                  00007150    00000004     Swi_thread_DYNAMIC_pem4f.oem4f (.const:ti_sysbios_family_arm_m3_Hwi_E_memFault__C)
                  00007154    00000004     Swi_thread_DYNAMIC_pem4f.oem4f (.const:ti_sysbios_family_arm_m3_Hwi_E_noIsr__C)
                  00007158    00000004     Swi_thread_DYNAMIC_pem4f.oem4f (.const:ti_sysbios_family_arm_m3_Hwi_E_reserved__C)
                  0000715c    00000004     Swi_thread_DYNAMIC_pem4f.oem4f (.const:ti_sysbios_family_arm_m3_Hwi_E_svCall__C)
                  00007160    00000004     Swi_thread_DYNAMIC_pem4f.oem4f (.const:ti_sysbios_family_arm_m3_Hwi_E_usageFault__C)
                  00007164    00000004     Swi_thread_DYNAMIC_pem4f.oem4f (.const:ti_sysbios_family_arm_m3_Hwi_NUM_INTERRUPTS__C)
                  00007168    00000004     Swi_thread_DYNAMIC_pem4f.oem4f (.const:ti_sysbios_family_arm_m3_Hwi_Object__count__C)
                  0000716c    00000004     Swi_thread_DYNAMIC_pem4f.oem4f (.const:ti_sysbios_family_arm_m3_Hwi_ccr__C)
                  00007170    00000004     Swi_thread_DYNAMIC_pem4f.oem4f (.const:ti_sysbios_family_arm_m3_Hwi_excHandlerFunc__C)
                  00007174    00000004     Swi_thread_DYNAMIC_pem4f.oem4f (.const:ti_sysbios_family_arm_m3_Hwi_excHookFuncs__C)
                  00007178    00000004     Swi_thread_DYNAMIC_pem4f.oem4f (.const:ti_sysbios_family_arm_m3_Hwi_nullIsrFunc__C)
                  0000717c    00000004     Swi_thread_DYNAMIC_pem4f.oem4f (.const:ti_sysbios_family_arm_m3_Hwi_priGroup__C)
                  00007180    00000004     Swi_thread_DYNAMIC_pem4f.oem4f (.const:ti_sysbios_gates_GateMutex_A_badContext__C)
                  00007184    00000004     Swi_thread_DYNAMIC_pem4f.oem4f (.const:ti_sysbios_gates_GateMutex_Instance_State_sem__O)
                  00007188    00000004     Swi_thread_DYNAMIC_pem4f.oem4f (.const:ti_sysbios_gates_GateMutex_Module__diagsEnabled__C)
                  0000718c    00000004     Swi_thread_DYNAMIC_pem4f.oem4f (.const:ti_sysbios_gates_GateMutex_Module__diagsIncluded__C)
                  00007190    00000004     Swi_thread_DYNAMIC_pem4f.oem4f (.const:ti_sysbios_gates_GateMutex_Module__diagsMask__C)
                  00007194    00000004     Swi_thread_DYNAMIC_pem4f.oem4f (.const:ti_sysbios_hal_Hwi_E_stackOverflow__C)
                  00007198    00000004     Swi_thread_DYNAMIC_pem4f.oem4f (.const:ti_sysbios_heaps_HeapMem_A_align__C)
                  0000719c    00000004     Swi_thread_DYNAMIC_pem4f.oem4f (.const:ti_sysbios_heaps_HeapMem_A_heapSize__C)
                  000071a0    00000004     Swi_thread_DYNAMIC_pem4f.oem4f (.const:ti_sysbios_heaps_HeapMem_A_invalidFree__C)
                  000071a4    00000004     Swi_thread_DYNAMIC_pem4f.oem4f (.const:ti_sysbios_heaps_HeapMem_A_zeroBlock__C)
                  000071a8    00000004     Swi_thread_DYNAMIC_pem4f.oem4f (.const:ti_sysbios_heaps_HeapMem_E_memory__C)
                  000071ac    00000004     Swi_thread_DYNAMIC_pem4f.oem4f (.const:ti_sysbios_heaps_HeapMem_Module__diagsEnabled__C)
                  000071b0    00000004     Swi_thread_DYNAMIC_pem4f.oem4f (.const:ti_sysbios_heaps_HeapMem_Module__diagsIncluded__C)
                  000071b4    00000004     Swi_thread_DYNAMIC_pem4f.oem4f (.const:ti_sysbios_heaps_HeapMem_Module__diagsMask__C)
                  000071b8    00000004     Swi_thread_DYNAMIC_pem4f.oem4f (.const:ti_sysbios_heaps_HeapMem_Module__gateObj__C)
                  000071bc    00000004     Swi_thread_DYNAMIC_pem4f.oem4f (.const:ti_sysbios_heaps_HeapMem_Object__count__C)
                  000071c0    00000004     Swi_thread_DYNAMIC_pem4f.oem4f (.const:ti_sysbios_heaps_HeapMem_reqAlign__C)
                  000071c4    00000004     Swi_thread_DYNAMIC_pem4f.oem4f (.const:ti_sysbios_knl_Clock_Module_State_clockQ__O)
                  000071c8    00000004     Swi_thread_DYNAMIC_pem4f.oem4f (.const:ti_sysbios_knl_Idle_funcList__A)
                  000071cc    00000004     Swi_thread_DYNAMIC_pem4f.oem4f (.const:ti_sysbios_knl_Semaphore_A_badContext__C)
                  000071d0    00000004     Swi_thread_DYNAMIC_pem4f.oem4f (.const:ti_sysbios_knl_Semaphore_A_noEvents__C)
                  000071d4    00000004     Swi_thread_DYNAMIC_pem4f.oem4f (.const:ti_sysbios_knl_Semaphore_A_overflow__C)
                  000071d8    00000004     Swi_thread_DYNAMIC_pem4f.oem4f (.const:ti_sysbios_knl_Semaphore_A_pendTaskDisabled__C)
                  000071dc    00000004     Swi_thread_DYNAMIC_pem4f.oem4f (.const:ti_sysbios_knl_Semaphore_Instance_State_pendQ__O)
                  000071e0    00000004     Swi_thread_DYNAMIC_pem4f.oem4f (.const:ti_sysbios_knl_Semaphore_Module__diagsEnabled__C)
                  000071e4    00000004     Swi_thread_DYNAMIC_pem4f.oem4f (.const:ti_sysbios_knl_Semaphore_Module__diagsIncluded__C)
                  000071e8    00000004     Swi_thread_DYNAMIC_pem4f.oem4f (.const:ti_sysbios_knl_Semaphore_Module__diagsMask__C)
                  000071ec    00000004     Swi_thread_DYNAMIC_pem4f.oem4f (.const:ti_sysbios_knl_Swi_A_badPriority__C)
                  000071f0    00000004     Swi_thread_DYNAMIC_pem4f.oem4f (.const:ti_sysbios_knl_Swi_Module__diagsEnabled__C)
                  000071f4    00000004     Swi_thread_DYNAMIC_pem4f.oem4f (.const:ti_sysbios_knl_Swi_Module__diagsIncluded__C)
                  000071f8    00000004     Swi_thread_DYNAMIC_pem4f.oem4f (.const:ti_sysbios_knl_Swi_Module__diagsMask__C)
                  000071fc    00000004     Swi_thread_DYNAMIC_pem4f.oem4f (.const:ti_sysbios_knl_Swi_Object__count__C)
                  00007200    00000004     Swi_thread_DYNAMIC_pem4f.oem4f (.const:ti_sysbios_knl_Task_E_spOutOfBounds__C)
                  00007204    00000004     Swi_thread_DYNAMIC_pem4f.oem4f (.const:ti_sysbios_knl_Task_E_stackOverflow__C)
                  00007208    00000004     Swi_thread_DYNAMIC_pem4f.oem4f (.const:ti_sysbios_knl_Task_Module_State_inactiveQ__O)
                  0000720c    00000004     Swi_thread_DYNAMIC_pem4f.oem4f (.const:ti_sysbios_knl_Task_Object__count__C)
                  00007210    00000004     Swi_thread_DYNAMIC_pem4f.oem4f (.const:ti_sysbios_knl_Task_allBlockedFunc__C)
                  00007214    00000004     Swi_thread_DYNAMIC_pem4f.oem4f (.const:ti_sysbios_knl_Task_numConstructedTasks__C)
                  00007218    00000004     Swi_thread_DYNAMIC_pem4f.oem4f (.const:xdc_runtime_Assert_E_assertFailed__C)
                  0000721c    00000004     Swi_thread_DYNAMIC_pem4f.oem4f (.const:xdc_runtime_Core_A_initializedParams__C)
                  00007220    00000004     Swi_thread_DYNAMIC_pem4f.oem4f (.const:xdc_runtime_Core_Module__diagsEnabled__C)
                  00007224    00000004     Swi_thread_DYNAMIC_pem4f.oem4f (.const:xdc_runtime_Core_Module__diagsIncluded__C)
                  00007228    00000004     Swi_thread_DYNAMIC_pem4f.oem4f (.const:xdc_runtime_Core_Module__diagsMask__C)
                  0000722c    00000004     Swi_thread_DYNAMIC_pem4f.oem4f (.const:xdc_runtime_Error_E_memory__C)
                  00007230    00000004     Swi_thread_DYNAMIC_pem4f.oem4f (.const:xdc_runtime_Error_Module__diagsEnabled__C)
                  00007234    00000004     Swi_thread_DYNAMIC_pem4f.oem4f (.const:xdc_runtime_Error_Module__diagsIncluded__C)
                  00007238    00000004     Swi_thread_DYNAMIC_pem4f.oem4f (.const:xdc_runtime_Error_Module__diagsMask__C)
                  0000723c    00000004     Swi_thread_DYNAMIC_pem4f.oem4f (.const:xdc_runtime_Error_Module__loggerFxn8__C)
                  00007240    00000004     Swi_thread_DYNAMIC_pem4f.oem4f (.const:xdc_runtime_Error_Module__loggerObj__C)
                  00007244    00000004     Swi_thread_DYNAMIC_pem4f.oem4f (.const:xdc_runtime_Error_policyFxn__C)
                  00007248    00000004     Swi_thread_DYNAMIC_pem4f.oem4f (.const:xdc_runtime_Error_raiseHook__C)
                  0000724c    00000004     Swi_thread_DYNAMIC_pem4f.oem4f (.const:xdc_runtime_IGateProvider_Interface__BASE__C)
                  00007250    00000004     Swi_thread_DYNAMIC_pem4f.oem4f (.const:xdc_runtime_IHeap_Interface__BASE__C)
                  00007254    00000004     Swi_thread_DYNAMIC_pem4f.oem4f (.const:xdc_runtime_IModule_Interface__BASE__C)
                  00007258    00000004     Swi_thread_DYNAMIC_pem4f.oem4f (.const:xdc_runtime_Log_L_error__C)
                  0000725c    00000004     Swi_thread_DYNAMIC_pem4f.oem4f (.const:xdc_runtime_Memory_defaultHeapInstance__C)
                  00007260    00000004     Swi_thread_DYNAMIC_pem4f.oem4f (.const:xdc_runtime_Startup_execImpl__C)
                  00007264    00000004     Swi_thread_DYNAMIC_pem4f.oem4f (.const:xdc_runtime_Startup_maxPasses__C)
                  00007268    00000004     Swi_thread_DYNAMIC_pem4f.oem4f (.const:xdc_runtime_Startup_sfxnRts__C)
                  0000726c    00000004     Swi_thread_DYNAMIC_pem4f.oem4f (.const:xdc_runtime_Startup_sfxnTab__C)
                  00007270    00000004     Swi_thread_DYNAMIC_pem4f.oem4f (.const:xdc_runtime_SysMin_bufSize__C)
                  00007274    00000004     Swi_thread_DYNAMIC_pem4f.oem4f (.const:xdc_runtime_SysMin_outputFunc__C)
                  00007278    00000004     Swi_thread_DYNAMIC_pem4f.oem4f (.const:xdc_runtime_System_Module__gateObj__C)
                  0000727c    00000004     Swi_thread_DYNAMIC_pem4f.oem4f (.const:xdc_runtime_System_abortFxn__C)
                  00007280    00000004     Swi_thread_DYNAMIC_pem4f.oem4f (.const:xdc_runtime_System_exitFxn__C)
                  00007284    00000004     Swi_thread_DYNAMIC_pem4f.oem4f (.const:xdc_runtime_System_extendFxn__C)
                  00007288    00000004     Swi_thread_DYNAMIC_pem4f.oem4f (.const:xdc_runtime_System_maxAtexitHandlers__C)
                  0000728c    00000004     Swi_thread_DYNAMIC_pem4f.oem4f (.const:xdc_runtime_Text_charTab__C)
                  00007290    00000004     Swi_thread_DYNAMIC_pem4f.oem4f (.const:xdc_runtime_Text_nameEmpty__C)
                  00007294    00000004     Swi_thread_DYNAMIC_pem4f.oem4f (.const:xdc_runtime_Text_nameStatic__C)
                  00007298    00000004     Swi_thread_DYNAMIC_pem4f.oem4f (.const:xdc_runtime_Text_nameUnknown__C)
                  0000729c    00000004     Swi_thread_DYNAMIC_pem4f.oem4f (.const:xdc_runtime_Text_nodeTab__C)
                  000072a0    00000004     Swi_thread_DYNAMIC_pem4f.oem4f (.const:xdc_runtime_Text_visitRopeFxn__C)
                  000072a4    00000002     Swi_thread_DYNAMIC_pem4f.oem4f (.const:ti_sysbios_family_arm_m3_Hwi_Module__id__C)
                  000072a6    00000002     Swi_thread_DYNAMIC_pem4f.oem4f (.const:ti_sysbios_gates_GateMutex_Module__id__C)
                  000072a8    00000002     Swi_thread_DYNAMIC_pem4f.oem4f (.const:ti_sysbios_hal_Hwi_Module__id__C)
                  000072aa    00000002     Swi_thread_DYNAMIC_pem4f.oem4f (.const:ti_sysbios_heaps_HeapMem_Module__id__C)
                  000072ac    00000002     Swi_thread_DYNAMIC_pem4f.oem4f (.const:ti_sysbios_knl_Semaphore_Module__id__C)
                  000072ae    00000002     Swi_thread_DYNAMIC_pem4f.oem4f (.const:ti_sysbios_knl_Swi_Module__id__C)
                  000072b0    00000002     Swi_thread_DYNAMIC_pem4f.oem4f (.const:ti_sysbios_knl_Task_Module__id__C)
                  000072b2    00000002     Swi_thread_DYNAMIC_pem4f.oem4f (.const:xdc_runtime_Core_Module__id__C)
                  000072b4    00000002     Swi_thread_DYNAMIC_pem4f.oem4f (.const:xdc_runtime_Error_Module__loggerDefined__C)
                  000072b6    00000002     Swi_thread_DYNAMIC_pem4f.oem4f (.const:xdc_runtime_Error_maxDepth__C)
                  000072b8    00000002     Swi_thread_DYNAMIC_pem4f.oem4f (.const:xdc_runtime_Memory_Module__id__C)
                  000072ba    00000002     Swi_thread_DYNAMIC_pem4f.oem4f (.const:xdc_runtime_SysMin_flushAtExit__C)
                  000072bc    00000002     Swi_thread_DYNAMIC_pem4f.oem4f (.const:xdc_runtime_Text_charCnt__C)
                  000072be    00000002     Swi_thread_DYNAMIC_pem4f.oem4f (.const:xdc_runtime_Text_isLoaded__C)
                  000072c0    00000002     Swi_thread_DYNAMIC_pem4f.oem4f (.const:xdc_runtime_Text_registryModsLastId__C)
                  000072c2    00000002     Swi_thread_DYNAMIC_pem4f.oem4f (.const:xdc_runtime_Text_unnamedModsLastId__C)

.cinit     0    000072c8    00000208     
                  000072c8    000001d2     (.cinit..data.load) [load image, compression = lzss]
                  0000749a    00000002     --HOLE-- [fill = 0]
                  0000749c    0000000c     (__TI_handler_table)
                  000074a8    00000008     (.cinit..bss.load) [load image, compression = zero_init]
                  000074b0    00000008     (.cinit..vecs.load) [load image, compression = zero_init]
                  000074b8    00000018     (__TI_cinit_table)

.init_array 
*          0    00000000    00000000     UNINITIALIZED

.resetVecs 
*          0    00000000    0000003c     
                  00000000    0000003c     Swi_thread_DYNAMIC_pem4f.oem4f (.resetVecs)

.bss       0    20000360    00000ba4     UNINITIALIZED
                  20000360    00000400     (.common:ti_sysbios_heaps_HeapMem_Instance_State_0_buf__A)
                  20000760    00000360     (.common:ti_sysbios_family_arm_m3_Hwi_dispatchTable)
                  20000ac0    00000200     Swi_thread_DYNAMIC_pem4f.oem4f (.bss:taskStackSection)
                  20000cc0    00000120     rtsv7M4_T_le_v4SPD16_eabi.lib : trgmsg.c.obj (.bss:_CIOBUF_)
                  20000de0    00000090     drivers_tivaware.aem4f : GPIOTiva.oem4f (.bss:gpioCallbackInfo)
                  20000e70    00000080     (.common:xdc_runtime_SysMin_Module_State_0_outbuf__A)
                  20000ef0    00000008     (.common:parmbuf)
                  20000ef8    00000004     (.common:gpioInterruptVectors)
                  20000efc    00000004     (.common:hwi0)
                  20000f00    00000004     (.common:swi0)

.data      0    20000f04    00000412     UNINITIALIZED
                  20000f04    00000080     Swi_thread_DYNAMIC_pem4f.oem4f (.data:ti_sysbios_knl_Swi_Module_State_0_readyQ__A)
                  20000f84    00000080     Swi_thread_DYNAMIC_pem4f.oem4f (.data:ti_sysbios_knl_Task_Module_State_0_readyQ__A)
                  20001004    0000004c     Swi_thread_DYNAMIC_pem4f.oem4f (.data:ti_sysbios_knl_Task_Object__table__V)
                  20001050    00000044     Swi_thread_DYNAMIC_pem4f.oem4f (.data:ti_sysbios_knl_Task_Module__state__V)
                  20001094    00000040     Swi_thread_DYNAMIC_pem4f.oem4f (.data:ti_sysbios_family_arm_lm4_Timer_Object__table__V)
                  200010d4    00000038     Swi_thread_DYNAMIC_pem4f.oem4f (.data:ti_sysbios_gates_GateMutex_Object__table__V)
                  2000110c    00000034     Swi_thread_DYNAMIC_pem4f.oem4f (.data:ti_sysbios_family_arm_m3_Hwi_Module__state__V)
                  20001140    00000030     Swi_thread_DYNAMIC_pem4f.oem4f (.data:ti_sysbios_family_arm_lm4_Timer_Module_State_0_device__A)
                  20001170    00000030     Swi_thread_DYNAMIC_pem4f.oem4f (.data:ti_sysbios_knl_Swi_Object__table__V)
                  200011a0    0000002c     Swi_thread_DYNAMIC_pem4f.oem4f (.data:ti_sysbios_knl_Clock_Module__state__V)
                  200011cc    00000024     Swi_thread_DYNAMIC_pem4f.oem4f (.data:ti_sysbios_BIOS_Module__state__V)
                  200011f0    0000001c     Swi_thread_DYNAMIC_pem4f.oem4f (.data:ti_sysbios_knl_Swi_Module__state__V)
                  2000120c    00000018     Swi_thread_DYNAMIC_pem4f.oem4f (.data:ti_sysbios_family_arm_lm4_Timer_Module_State_0_handles__A)
                  20001224    00000018     Swi_thread_DYNAMIC_pem4f.oem4f (.data:ti_sysbios_family_arm_m3_Hwi_Object__table__V)
                  2000123c    00000018     Swi_thread_DYNAMIC_pem4f.oem4f (.data:ti_sysbios_heaps_HeapMem_Object__table__V)
                  20001254    00000014     EK_TM4C123GXL.obj (.data:gpioPinConfigs)
                  20001268    0000000c     Swi_thread_DYNAMIC_pem4f.oem4f (.data:ti_sysbios_family_arm_lm4_Timer_Module__state__V)
                  20001274    0000000c     Swi_thread_DYNAMIC_pem4f.oem4f (.data:xdc_runtime_SysMin_Module__state__V)
                  20001280    00000008     rtsv7M4_T_le_v4SPD16_eabi.lib : _lock.c.obj (.data:$O1$$)
                  20001288    00000008     EK_TM4C123GXL.obj (.data:gpioCallbackFunctions)
                  20001290    00000008     Swi_thread_DYNAMIC_pem4f.oem4f (.data:ti_sysbios_family_arm_m3_Hwi_Module__root__V)
                  20001298    00000008     Swi_thread_DYNAMIC_pem4f.oem4f (.data:ti_sysbios_gates_GateHwi_Module__root__V)
                  200012a0    00000008     Swi_thread_DYNAMIC_pem4f.oem4f (.data:ti_sysbios_gates_GateMutex_Module__root__V)
                  200012a8    00000008     Swi_thread_DYNAMIC_pem4f.oem4f (.data:ti_sysbios_hal_Hwi_Module__root__V)
                  200012b0    00000008     Swi_thread_DYNAMIC_pem4f.oem4f (.data:ti_sysbios_heaps_HeapMem_Module__root__V)
                  200012b8    00000008     Swi_thread_DYNAMIC_pem4f.oem4f (.data:ti_sysbios_knl_Queue_Module__root__V)
                  200012c0    00000008     Swi_thread_DYNAMIC_pem4f.oem4f (.data:ti_sysbios_knl_Semaphore_Module__root__V)
                  200012c8    00000008     Swi_thread_DYNAMIC_pem4f.oem4f (.data:ti_sysbios_knl_Swi_Module__root__V)
                  200012d0    00000008     Swi_thread_DYNAMIC_pem4f.oem4f (.data:xdc_runtime_Registry_Module__state__V)
                  200012d8    00000008     Swi_thread_DYNAMIC_pem4f.oem4f (.data:xdc_runtime_Startup_Module__state__V)
                  200012e0    00000008     Swi_thread_DYNAMIC_pem4f.oem4f (.data:xdc_runtime_System_Module_State_0_atexitHandlers__A)
                  200012e8    00000008     Swi_thread_DYNAMIC_pem4f.oem4f (.data:xdc_runtime_System_Module__state__V)
                  200012f0    00000005     drivers_tivaware.aem4f : GPIOTiva.oem4f (.data)
                  200012f5    00000001     --HOLE--
                  200012f6    00000002     Swi_thread_DYNAMIC_pem4f.oem4f (.data:ti_sysbios_family_arm_m3_Hwi_Module_State_0_excActive__A)
                  200012f8    00000004     Swi_thread_DYNAMIC.obj (.data)
                  200012fc    00000004     rtsv7M4_T_le_v4SPD16_eabi.lib : stkdepth_vars.c.obj (.data)
                  20001300    00000004     Swi_thread_DYNAMIC_pem4f.oem4f (.data:ti_sysbios_family_arm_m3_Hwi_Module_State_0_excContext__A)
                  20001304    00000004     Swi_thread_DYNAMIC_pem4f.oem4f (.data:ti_sysbios_family_arm_m3_Hwi_Module_State_0_excStack__A)
                  20001308    00000004     Swi_thread_DYNAMIC_pem4f.oem4f (.data:ti_sysbios_gates_GateHwi_Object__table__V)
                  2000130c    00000004     Swi_thread_DYNAMIC_pem4f.oem4f (.data:ti_sysbios_knl_Task_Module_State_0_idleTask__A)
                  20001310    00000004     Swi_thread_DYNAMIC_pem4f.oem4f (.data:xdc_runtime_Memory_Module__state__V)
                  20001314    00000002     Swi_thread_DYNAMIC_pem4f.oem4f (.data:xdc_runtime_Error_Module__state__V)

.stack     0    20001318    00000300     UNINITIALIZED
                  20001318    00000300     --HOLE--

.bootVecs 
*          0    00000000    00000008     DSECT
                  00000000    00000008     boot.aem4f : boot.oem4f (.bootVecs)

.vecs      0    20000000    00000360     UNINITIALIZED
                  20000000    00000360     Swi_thread_DYNAMIC_pem4f.oem4f (.vecs)

xdc.meta   0    00000000    000000fe     COPY SECTION
                  00000000    000000fe     Swi_thread_DYNAMIC_pem4f.oem4f (xdc.meta)

MODULE SUMMARY

       Module                           code    ro data   rw data
       ------                           ----    -------   -------
    .\
       Swi_thread_DYNAMIC.obj           330     0         12     
       EK_TM4C123GXL.obj                112     20        28     
    +--+--------------------------------+-------+---------+---------+
       Total:                           442     20        40     
                                                                 
    C:\Users\ArieZaleski\projects\ti_rtos\Swi_thread_DYNAMIC\Debug\configPkg\package\cfg\
       Swi_thread_DYNAMIC_pem4f.oem4f   1962    7728      4384   
    +--+--------------------------------+-------+---------+---------+
       Total:                           1962    7728      4384   
                                                                 
    C:/ti/tirtos_tivac_2_16_00_08/products/TivaWare_C_Series-2.1.1.71b/driverlib/ccs/Debug/driverlib.lib
       sysctl.obj                       566     108       0      
       gpio.obj                         482     0         0      
       timer.obj                        140     0         0      
    +--+--------------------------------+-------+---------+---------+
       Total:                           1188    108       0      
                                                                 
    C:/ti/tirtos_tivac_2_16_00_08/products/tidrivers_tivac_2_16_00_08/packages/ti/drivers/lib/drivers_tivaware.aem4f
       GPIOTiva.oem4f                   764     156       153    
    +--+--------------------------------+-------+---------+---------+
       Total:                           764     156       153    
                                                                 
    C:\Users\ArieZaleski\projects\ti_rtos\Swi_thread_DYNAMIC\src\sysbios\sysbios.aem4f
       BIOS.obj                         10732   0         0      
       m3_Hwi_asm.obj                   314     0         0      
       m3_TaskSupport_asm.obj           180     0         0      
       m3_Hwi_asm_switch.obj            118     0         0      
    +--+--------------------------------+-------+---------+---------+
       Total:                           11344   0         0      
                                                                 
    C:\ti\ccsv8\tools\compiler\ti-cgt-arm_18.1.1.LTS\lib\rtsv7M4_T_le_v4SPD16_eabi.lib
       trgmsg.c.obj                     108     0         288    
       memcpy_t2.asm.obj                156     0         0      
       memset_t2.asm.obj                122     0         0      
       copy_decompress_lzss.c.obj       104     0         0      
       hostwrite.c.obj                  88      0         0      
       cpy_tbl.c.obj                    76      0         0      
       u_divt2.asm.obj                  64      0         0      
       _lock.c.obj                      26      0         8      
       args_main.c.obj                  24      0         0      
       strlen.c.obj                     20      0         0      
       copy_decompress_none.c.obj       14      0         0      
       copy_zero_init.c.obj             12      0         0      
       hostopen.c.obj                   0       0         8      
       exit.c.obj                       4       0         0      
       stkdepth_vars.c.obj              0       0         4      
       div0.asm.obj                     2       0         0      
    +--+--------------------------------+-------+---------+---------+
       Total:                           820     0         308    
                                                                 
    C:\ti\tirtos_tivac_2_16_00_08\products\bios_6_45_01_29\packages\ti\catalog\arm\cortexm4\tiva\ce\lib\Boot.aem4f
       Boot_sysctl.oem4f                262     0         0      
       Boot.oem4f                       152     0         0      
    +--+--------------------------------+-------+---------+---------+
       Total:                           414     0         0      
                                                                 
    C:\ti\tirtos_tivac_2_16_00_08\products\bios_6_45_01_29\packages\ti\targets\arm\rtsarm\lib\auto_init.aem4f
       auto_init.oem4f                  160     0         0      
    +--+--------------------------------+-------+---------+---------+
       Total:                           160     0         0      
                                                                 
    C:\ti\tirtos_tivac_2_16_00_08\products\bios_6_45_01_29\packages\ti\targets\arm\rtsarm\lib\boot.aem4f
       boot.oem4f                       88      0         0      
    +--+--------------------------------+-------+---------+---------+
       Total:                           88      0         0      
                                                                 
    C:\ti\tirtos_tivac_2_16_00_08\products\bios_6_45_01_29\packages\ti\targets\arm\rtsarm\lib\ti.targets.arm.rtsarm.aem4f
       System.oem4f                     1255    0         0      
       Text.oem4f                       672     0         0      
       Error.oem4f                      524     0         0      
       Core-mem.oem4f                   358     0         0      
       Startup.oem4f                    328     0         0      
       SysMin.oem4f                     248     0         0      
       Core-smem.oem4f                  204     0         0      
       Memory.oem4f                     176     0         0      
       Assert.oem4f                     84      0         0      
       Core-params.oem4f                70      0         0      
       Core-label.oem4f                 52      0         0      
       Registry.oem4f                   32      0         0      
       Gate.oem4f                       28      0         0      
    +--+--------------------------------+-------+---------+---------+
       Total:                           4031    0         0      
                                                                 
       Stack:                           0       0         768    
       Linker Generated:                0       518       0      
    +--+--------------------------------+-------+---------+---------+
       Grand Total:                     21213   8530      5653   


LINKER GENERATED COPY TABLES

__TI_cinit_table @ 000074b8 records: 3, size/record: 8, table size: 24
	.data: load addr=000072c8, load size=000001d2 bytes, run addr=20000f04, run size=00000412 bytes, compression=lzss
	.bss: load addr=000074a8, load size=00000008 bytes, run addr=20000360, run size=00000ba4 bytes, compression=zero_init
	.vecs: load addr=000074b0, load size=00000008 bytes, run addr=20000000, run size=00000360 bytes, compression=zero_init


LINKER GENERATED HANDLER TABLE

__TI_handler_table @ 0000749c records: 3, size/record: 4, table size: 12
	index: 0, handler: __TI_decompress_lzss
	index: 1, handler: __TI_decompress_none
	index: 2, handler: __TI_zero_init


GLOBAL SYMBOLS: SORTED ALPHABETICALLY BY Name 

address   name                                                              
-------   ----                                                              
00000cfd  C$$EXIT                                                           
000043eb  C$$IO$$                                                           
00004685  EK_TM4C123GXL_initGPIO                                            
00004241  EK_TM4C123GXL_initGeneral                                         
00004979  GPIODirModeSet                                                    
00004d73  GPIOIntClear                                                      
000051e1  GPIOIntStatus                                                     
00003bb1  GPIOIntTypeSet                                                    
0000193d  GPIOPadConfigSet                                                  
00005341  GPIOPinRead                                                       
000050b5  GPIOPinTypeGPIOInput                                              
00005347  GPIOPinWrite                                                      
000070c8  GPIOTiva_config                                                   
0000355d  GPIO_hwiIntFxn                                                    
00002f6d  GPIO_init                                                         
00003cb1  GPIO_setCallback                                                  
0000142d  GPIO_setConfig                                                    
00003d01  GPIO_toggle                                                       
00003b01  HOSTwrite                                                         
UNDEFED   SHT$$INIT_ARRAY$$Base                                             
UNDEFED   SHT$$INIT_ARRAY$$Limit                                            
000051ef  Swi_ledController                                                 
00001b85  SysCtlClockGet                                                    
00002175  SysCtlClockSet                                                    
0000534d  SysCtlDelay                                                       
000044d9  SysCtlPeripheralEnable                                            
200012f8  Timer2A_Vector                                                    
00003751  TimerConfigure                                                    
000051fd  TimerEnable                                                       
000007bd  TimerIntClear                                                     
0000531f  TimerIntEnable                                                    
000050c7  TimerLoadSet                                                      
00000000  __ASM__                                                           
20000cc0  __CIOBUF_                                                         
0000007c  __ISA__                                                           
0000008f  __PLAT__                                                          
20001618  __STACK_END                                                       
00000300  __STACK_SIZE                                                      
000000b0  __TARG__                                                          
000074b8  __TI_CINIT_Base                                                   
000074d0  __TI_CINIT_Limit                                                  
0000749c  __TI_Handler_Table_Base                                           
000074a8  __TI_Handler_Table_Limit                                          
00002a91  __TI_auto_init                                                    
0000348d  __TI_decompress_lzss                                              
0000520b  __TI_decompress_none                                              
ffffffff  __TI_pprof_out_hndl                                               
ffffffff  __TI_prof_data_size                                               
ffffffff  __TI_prof_data_start                                              
0000450d  __TI_readmsg                                                      
000072c8  __TI_static_base__                                                
000043bd  __TI_writemsg                                                     
0000525d  __TI_zero_init                                                    
000000d6  __TRDR__                                                          
00003187  __aeabi_idiv0                                                     
00003187  __aeabi_ldiv0                                                     
0000310d  __aeabi_memclr                                                    
0000310d  __aeabi_memclr4                                                   
0000310d  __aeabi_memclr8                                                   
00002bd1  __aeabi_memcpy                                                    
00002bd1  __aeabi_memcpy4                                                   
00002bd1  __aeabi_memcpy8                                                   
0000310f  __aeabi_memset                                                    
0000310f  __aeabi_memset4                                                   
0000310f  __aeabi_memset8                                                   
00004281  __aeabi_uidiv                                                     
00004281  __aeabi_uidivmod                                                  
ffffffff  __binit__                                                         
ffffffff  __c_args__                                                        
20001318  __stack                                                           
00004f2d  _args_main                                                        
00003aa9  _c_int00                                                          
20001280  _lock                                                             
00002da7  _nop                                                              
00005245  _register_lock                                                    
00005251  _register_unlock                                                  
20001284  _unlock                                                           
00000cfd  abort                                                             
ffffffff  binit                                                             
00003e41  copy_in                                                           
20001288  gpioCallbackFunctions                                             
20001254  gpioPinConfigs                                                    
20000efc  hwi0                                                              
00004bd5  hwi_ledController                                                 
00002895  main                                                              
200012fc  main_func_sp                                                      
00002bd1  memcpy                                                            
00003115  memset                                                            
00005181  osi_TaskDisable                                                   
00005111  osi_start                                                         
20000ef0  parmbuf                                                           
0000504b  strlen                                                            
20000f00  swi0                                                              
00007120  ti_catalog_arm_cortexm4_tiva_ce_Boot_A_mustUseEnhancedClockMode__C
00007124  ti_catalog_arm_cortexm4_tiva_ce_Boot_Module__diagsEnabled__C      
00007128  ti_catalog_arm_cortexm4_tiva_ce_Boot_Module__diagsIncluded__C     
0000712c  ti_catalog_arm_cortexm4_tiva_ce_Boot_Module__diagsMask__C         
00006cd2  ti_catalog_arm_cortexm4_tiva_ce_Boot_Module__id__C                
00005239  ti_catalog_arm_cortexm4_tiva_ce_Boot_init__I                      
00001c91  ti_catalog_arm_cortexm4_tiva_ce_Boot_sysCtlClockSetI__I           
00002da9  ti_catalog_arm_cortexm4_tiva_ce_Boot_sysCtlClockSet__E            
00005353  ti_catalog_arm_cortexm4_tiva_ce_Boot_sysCtlDelayI__I              
200011cc  ti_sysbios_BIOS_Module__state__V                                  
00004e91  ti_sysbios_BIOS_RtsGateProxy_Handle__label__S                     
00004afd  ti_sysbios_BIOS_RtsGateProxy_Object__delete__S                    
0000114d  ti_sysbios_BIOS_RtsGateProxy_enter__E                             
000012c5  ti_sysbios_BIOS_RtsGateProxy_leave__E                             
00005399  ti_sysbios_BIOS_RtsGateProxy_query__E                             
000046b5  ti_sysbios_BIOS_atExitFunc__I                                     
00004a6d  ti_sysbios_BIOS_errorRaiseHook__I                                 
00005009  ti_sysbios_BIOS_exitFunc__I                                       
000032d7  ti_sysbios_BIOS_nullFunc__I                                       
00004a91  ti_sysbios_BIOS_registerRTSLock__I                                
00004ab5  ti_sysbios_BIOS_removeRTSLock__I                                  
00004bf5  ti_sysbios_BIOS_rtsLock__I                                        
00004f45  ti_sysbios_BIOS_rtsUnlock__I                                      
00005101  ti_sysbios_BIOS_setThreadType__E                                  
00004ad9  ti_sysbios_BIOS_startFunc__I                                      
00005111  ti_sysbios_BIOS_start__E                                          
20001140  ti_sysbios_family_arm_lm4_Timer_Module_State_0_device__A          
2000120c  ti_sysbios_family_arm_lm4_Timer_Module_State_0_handles__A         
00004f5d  ti_sysbios_family_arm_lm4_Timer_Module__startupDone__F            
00004f5d  ti_sysbios_family_arm_lm4_Timer_Module__startupDone__S            
20001268  ti_sysbios_family_arm_lm4_Timer_Module__state__V                  
000035c1  ti_sysbios_family_arm_lm4_Timer_Module_startup__E                 
20001094  ti_sysbios_family_arm_lm4_Timer_Object__table__V                  
00007130  ti_sysbios_family_arm_lm4_Timer_enableFunc__C                     
00002941  ti_sysbios_family_arm_lm4_Timer_enableTimers__I                   
000027e9  ti_sysbios_family_arm_lm4_Timer_enableTiva__I                     
00005269  ti_sysbios_family_arm_lm4_Timer_getMaxTicks__E                    
000037b1  ti_sysbios_family_arm_lm4_Timer_isrStub__E                        
00005327  ti_sysbios_family_arm_lm4_Timer_masterDisable__I                  
0000157d  ti_sysbios_family_arm_lm4_Timer_masterEnable__I                   
00007134  ti_sysbios_family_arm_lm4_Timer_numTimerDevices__C                
00001809  ti_sysbios_family_arm_lm4_Timer_start__E                          
00007138  ti_sysbios_family_arm_lm4_Timer_startupNeeded__C                  
000042c1  ti_sysbios_family_arm_lm4_Timer_startup__E                        
000046e9  ti_sysbios_family_arm_lm4_Timer_stop__E                           
00004b91  ti_sysbios_family_arm_lm4_Timer_write__I                          
0000713c  ti_sysbios_family_arm_m3_Hwi_E_NMI__C                             
00007140  ti_sysbios_family_arm_m3_Hwi_E_alreadyDefined__C                  
00007144  ti_sysbios_family_arm_m3_Hwi_E_busFault__C                        
00007148  ti_sysbios_family_arm_m3_Hwi_E_debugMon__C                        
0000714c  ti_sysbios_family_arm_m3_Hwi_E_hardFault__C                       
00007150  ti_sysbios_family_arm_m3_Hwi_E_memFault__C                        
00007154  ti_sysbios_family_arm_m3_Hwi_E_noIsr__C                           
[...]
00005245  _register_lock                                                    
00005251  _register_unlock                                                  
0000525d  __TI_zero_init                                                    
00005269  ti_sysbios_family_arm_lm4_Timer_getMaxTicks__E                    
00005275  ti_sysbios_family_arm_m3_Hwi_Params__init__S                      
00005275  ti_sysbios_hal_Hwi_HwiProxy_Params__init__S                       
00005281  ti_sysbios_family_arm_m3_Hwi_disableFxn__E                        
00005281  ti_sysbios_hal_Hwi_HwiProxy_disable__E                            
00005291  ti_sysbios_family_arm_m3_TaskSupport_checkStack__E                
00005291  ti_sysbios_knl_Task_SupportProxy_checkStack__E                    
000052a1  ti_sysbios_gates_GateHwi_enter__E                                 
000052ad  ti_sysbios_hal_Hwi_Params__init__S                                
000052b9  ti_sysbios_knl_Queue_Object__get__S                               
000052c5  ti_sysbios_knl_Swi_Params__init__S                                
000052d1  xdc_runtime_Error_init__E                                         
000052dd  xdc_runtime_Gate_enterSystem__E                                   
000052e9  xdc_runtime_Memory_calloc__E                                      
000052f5  xdc_runtime_Memory_getMaxDefaultTypeAlign__E                      
00005301  ti_sysbios_hal_Hwi_Instance_finalize__E                           
0000530b  xdc_runtime_Memory_HeapProxy_alloc__E                             
00005315  xdc_runtime_Memory_HeapProxy_free__E                              
0000531f  TimerIntEnable                                                    
00005327  ti_sysbios_family_arm_lm4_Timer_masterDisable__I                  
00005331  ti_sysbios_family_arm_m3_Hwi_doSwiRestore__I                      
00005339  ti_sysbios_family_arm_m3_Hwi_startup__E                           
00005339  ti_sysbios_hal_Hwi_HwiProxy_startup__E                            
00005339  ti_sysbios_hal_Hwi_startup__E                                     
00005341  GPIOPinRead                                                       
00005347  GPIOPinWrite                                                      
0000534d  SysCtlDelay                                                       
00005353  ti_catalog_arm_cortexm4_tiva_ce_Boot_sysCtlDelayI__I              
00005359  ti_sysbios_family_arm_m3_Hwi_doTaskRestore__I                     
00005361  ti_sysbios_family_arm_m3_Hwi_restoreFxn__E                        
00005361  ti_sysbios_hal_Hwi_HwiProxy_restore__E                            
00005369  ti_sysbios_gates_GateHwi_leave__E                                 
00005371  ti_sysbios_heaps_HeapMem_isBlocking__E                            
00005379  ti_sysbios_knl_Queue_Instance_init__E                             
00005381  ti_sysbios_knl_Swi_startup__E                                     
00005387  xdc_runtime_System_Module_startup__E                              
00005391  ti_sysbios_gates_GateHwi_query__E                                 
00005391  xdc_runtime_Main_Module_GateProxy_query__E                        
00005391  xdc_runtime_System_Module_GateProxy_query__E                      
00005399  ti_sysbios_BIOS_RtsGateProxy_query__E                             
00005399  ti_sysbios_gates_GateMutex_query__E                               
00005399  ti_sysbios_heaps_HeapMem_Module_GateProxy_query__E                
000053a1  ti_sysbios_knl_Task_startup__E                                    
000053a9  ti_sysbios_gates_GateHwi_Instance_init__E                         
000053b1  ti_sysbios_knl_Clock_logTick__E                                   
000053b4  xdc_runtime_Text_charTab__A                                       
00006c15  xdc_runtime_Error_policy__C                                       
00006c16  xdc_runtime_Text_nodeTab__A                                       
00006cd2  ti_catalog_arm_cortexm4_tiva_ce_Boot_Module__id__C                
00006e24  ti_sysbios_family_arm_m3_Hwi_Object__PARAMS__C                    
00006e54  ti_sysbios_hal_Hwi_Object__PARAMS__C                              
00006e80  ti_sysbios_heaps_HeapMem_Module__FXNS__C                          
00006ea8  ti_sysbios_knl_Swi_Object__PARAMS__C                              
00006ed0  ti_sysbios_gates_GateHwi_Module__FXNS__C                          
00006ef4  ti_sysbios_gates_GateMutex_Module__FXNS__C                        
00006f18  ti_sysbios_heaps_HeapMem_Object__PARAMS__C                        
00006f3c  ti_sysbios_knl_Semaphore_Object__PARAMS__C                        
00006f60  ti_sysbios_family_arm_m3_Hwi_Object__DESC__C                      
00006f80  ti_sysbios_gates_GateHwi_Object__DESC__C                          
00006fa0  ti_sysbios_gates_GateMutex_Object__DESC__C                        
00006fc0  ti_sysbios_hal_Hwi_Object__DESC__C                                
00006fe0  ti_sysbios_heaps_HeapMem_Object__DESC__C                          
00007000  ti_sysbios_knl_Queue_Object__DESC__C                              
00007020  ti_sysbios_knl_Semaphore_Object__DESC__C                          
00007040  ti_sysbios_knl_Swi_Object__DESC__C                                
00007060  xdc_runtime_Startup_sfxnTab__A                                    
00007080  ti_sysbios_gates_GateHwi_Object__PARAMS__C                        
00007098  ti_sysbios_gates_GateMutex_Object__PARAMS__C                      
000070b0  ti_sysbios_knl_Queue_Object__PARAMS__C                            
000070c8  GPIOTiva_config                                                   
000070dc  xdc_runtime_Startup_firstFxns__A                                  
000070f0  xdc_runtime_Startup_sfxnRts__A                                    
00007100  ti_sysbios_family_arm_m3_Hwi_excHookFuncs__A                      
00007108  ti_sysbios_knl_Idle_funcList__C                                   
00007110  xdc_runtime_Startup_firstFxns__C                                  
00007118  xdc_runtime_Startup_lastFxns__C                                   
00007120  ti_catalog_arm_cortexm4_tiva_ce_Boot_A_mustUseEnhancedClockMode__C
00007124  ti_catalog_arm_cortexm4_tiva_ce_Boot_Module__diagsEnabled__C      
00007128  ti_catalog_arm_cortexm4_tiva_ce_Boot_Module__diagsIncluded__C     
0000712c  ti_catalog_arm_cortexm4_tiva_ce_Boot_Module__diagsMask__C         
00007130  ti_sysbios_family_arm_lm4_Timer_enableFunc__C                     
00007134  ti_sysbios_family_arm_lm4_Timer_numTimerDevices__C                
00007138  ti_sysbios_family_arm_lm4_Timer_startupNeeded__C                  
0000713c  ti_sysbios_family_arm_m3_Hwi_E_NMI__C                             
00007140  ti_sysbios_family_arm_m3_Hwi_E_alreadyDefined__C                  
00007144  ti_sysbios_family_arm_m3_Hwi_E_busFault__C                        
00007148  ti_sysbios_family_arm_m3_Hwi_E_debugMon__C                        
0000714c  ti_sysbios_family_arm_m3_Hwi_E_hardFault__C                       
00007150  ti_sysbios_family_arm_m3_Hwi_E_memFault__C                        
00007154  ti_sysbios_family_arm_m3_Hwi_E_noIsr__C                           
00007158  ti_sysbios_family_arm_m3_Hwi_E_reserved__C                        
0000715c  ti_sysbios_family_arm_m3_Hwi_E_svCall__C                          
00007160  ti_sysbios_family_arm_m3_Hwi_E_usageFault__C                      
00007164  ti_sysbios_family_arm_m3_Hwi_NUM_INTERRUPTS__C                    
00007168  ti_sysbios_family_arm_m3_Hwi_Object__count__C                     
0000716c  ti_sysbios_family_arm_m3_Hwi_ccr__C                               
00007170  ti_sysbios_family_arm_m3_Hwi_excHandlerFunc__C                    
00007174  ti_sysbios_family_arm_m3_Hwi_excHookFuncs__C                      
00007178  ti_sysbios_family_arm_m3_Hwi_nullIsrFunc__C                       
0000717c  ti_sysbios_family_arm_m3_Hwi_priGroup__C                          
00007180  ti_sysbios_gates_GateMutex_A_badContext__C                        
00007184  ti_sysbios_gates_GateMutex_Instance_State_sem__O                  
00007188  ti_sysbios_gates_GateMutex_Module__diagsEnabled__C                
0000718c  ti_sysbios_gates_GateMutex_Module__diagsIncluded__C               
00007190  ti_sysbios_gates_GateMutex_Module__diagsMask__C                   
00007194  ti_sysbios_hal_Hwi_E_stackOverflow__C                             
00007198  ti_sysbios_heaps_HeapMem_A_align__C                               
0000719c  ti_sysbios_heaps_HeapMem_A_heapSize__C                            
000071a0  ti_sysbios_heaps_HeapMem_A_invalidFree__C                         
000071a4  ti_sysbios_heaps_HeapMem_A_zeroBlock__C                           
000071a8  ti_sysbios_heaps_HeapMem_E_memory__C                              
000071ac  ti_sysbios_heaps_HeapMem_Module__diagsEnabled__C                  
000071b0  ti_sysbios_heaps_HeapMem_Module__diagsIncluded__C                 
000071b4  ti_sysbios_heaps_HeapMem_Module__diagsMask__C                     
000071b8  ti_sysbios_heaps_HeapMem_Module__gateObj__C                       
000071bc  ti_sysbios_heaps_HeapMem_Object__count__C                         
000071c0  ti_sysbios_heaps_HeapMem_reqAlign__C                              
000071c4  ti_sysbios_knl_Clock_Module_State_clockQ__O                       
000071c8  ti_sysbios_knl_Idle_funcList__A                                   
000071cc  ti_sysbios_knl_Semaphore_A_badContext__C                          
000071d0  ti_sysbios_knl_Semaphore_A_noEvents__C                            
000071d4  ti_sysbios_knl_Semaphore_A_overflow__C                            
000071d8  ti_sysbios_knl_Semaphore_A_pendTaskDisabled__C                    
000071dc  ti_sysbios_knl_Semaphore_Instance_State_pendQ__O                  
000071e0  ti_sysbios_knl_Semaphore_Module__diagsEnabled__C                  
000071e4  ti_sysbios_knl_Semaphore_Module__diagsIncluded__C                 
000071e8  ti_sysbios_knl_Semaphore_Module__diagsMask__C                     
000071ec  ti_sysbios_knl_Swi_A_badPriority__C                               
000071f0  ti_sysbios_knl_Swi_Module__diagsEnabled__C                        
000071f4  ti_sysbios_knl_Swi_Module__diagsIncluded__C                       
000071f8  ti_sysbios_knl_Swi_Module__diagsMask__C                           
000071fc  ti_sysbios_knl_Swi_Object__count__C                               
00007200  ti_sysbios_knl_Task_E_spOutOfBounds__C                            
00007204  ti_sysbios_knl_Task_E_stackOverflow__C                            
00007208  ti_sysbios_knl_Task_Module_State_inactiveQ__O                     
0000720c  ti_sysbios_knl_Task_Object__count__C                              
00007210  ti_sysbios_knl_Task_allBlockedFunc__C                             
00007214  ti_sysbios_knl_Task_numConstructedTasks__C                        
00007218  xdc_runtime_Assert_E_assertFailed__C                              
0000721c  xdc_runtime_Core_A_initializedParams__C                           
00007220  xdc_runtime_Core_Module__diagsEnabled__C                          
00007224  xdc_runtime_Core_Module__diagsIncluded__C                         
00007228  xdc_runtime_Core_Module__diagsMask__C                             
0000722c  xdc_runtime_Error_E_memory__C                                     
00007230  xdc_runtime_Error_Module__diagsEnabled__C                         
00007234  xdc_runtime_Error_Module__diagsIncluded__C                        
00007238  xdc_runtime_Error_Module__diagsMask__C                            
0000723c  xdc_runtime_Error_Module__loggerFxn8__C                           
00007240  xdc_runtime_Error_Module__loggerObj__C                            
00007244  xdc_runtime_Error_policyFxn__C                                    
00007248  xdc_runtime_Error_raiseHook__C                                    
0000724c  xdc_runtime_IGateProvider_Interface__BASE__C                      
00007250  xdc_runtime_IHeap_Interface__BASE__C                              
00007254  xdc_runtime_IModule_Interface__BASE__C                            
00007258  xdc_runtime_Log_L_error__C                                        
0000725c  xdc_runtime_Memory_defaultHeapInstance__C                         
00007260  xdc_runtime_Startup_execImpl__C                                   
00007264  xdc_runtime_Startup_maxPasses__C                                  
00007268  xdc_runtime_Startup_sfxnRts__C                                    
0000726c  xdc_runtime_Startup_sfxnTab__C                                    
00007270  xdc_runtime_SysMin_bufSize__C                                     
00007274  xdc_runtime_SysMin_outputFunc__C                                  
00007278  xdc_runtime_System_Module__gateObj__C                             
0000727c  xdc_runtime_System_abortFxn__C                                    
00007280  xdc_runtime_System_exitFxn__C                                     
00007284  xdc_runtime_System_extendFxn__C                                   
00007288  xdc_runtime_System_maxAtexitHandlers__C                           
0000728c  xdc_runtime_Text_charTab__C                                       
00007290  xdc_runtime_Text_nameEmpty__C                                     
00007294  xdc_runtime_Text_nameStatic__C                                    
00007298  xdc_runtime_Text_nameUnknown__C                                   
0000729c  xdc_runtime_Text_nodeTab__C                                       
000072a0  xdc_runtime_Text_visitRopeFxn__C                                  
000072a4  ti_sysbios_family_arm_m3_Hwi_Module__id__C                        
000072a6  ti_sysbios_gates_GateMutex_Module__id__C                          
000072a8  ti_sysbios_hal_Hwi_Module__id__C                                  
000072aa  ti_sysbios_heaps_HeapMem_Module__id__C                            
000072ac  ti_sysbios_knl_Semaphore_Module__id__C                            
000072ae  ti_sysbios_knl_Swi_Module__id__C                                  
000072b0  ti_sysbios_knl_Task_Module__id__C                                 
000072b2  xdc_runtime_Core_Module__id__C                                    
000072b4  xdc_runtime_Error_Module__loggerDefined__C                        
000072b6  xdc_runtime_Error_maxDepth__C                                     
000072b8  xdc_runtime_Memory_Module__id__C                                  
000072ba  xdc_runtime_SysMin_flushAtExit__C                                 
000072bc  xdc_runtime_Text_charCnt__C                                       
000072be  xdc_runtime_Text_isLoaded__C                                      
000072c0  xdc_runtime_Text_registryModsLastId__C                            
000072c2  xdc_runtime_Text_unnamedModsLastId__C                             
000072c8  __TI_static_base__                                                
0000749c  __TI_Handler_Table_Base                                           
000074a8  __TI_Handler_Table_Limit                                          
000074b8  __TI_CINIT_Base                                                   
000074d0  __TI_CINIT_Limit                                                  
20000000  ti_sysbios_family_arm_m3_Hwi_ramVectors                           
20000360  ti_sysbios_heaps_HeapMem_Instance_State_0_buf__A                  
20000760  ti_sysbios_family_arm_m3_Hwi_dispatchTable                        
20000ac0  ti_sysbios_knl_Task_Instance_State_0_stack__A                     
20000cc0  __CIOBUF_                                                         
20000e70  xdc_runtime_SysMin_Module_State_0_outbuf__A                       
20000ef0  parmbuf                                                           
20000efc  hwi0                                                              
20000f00  swi0                                                              
20000f04  ti_sysbios_knl_Swi_Module_State_0_readyQ__A                       
20000f84  ti_sysbios_knl_Task_Module_State_0_readyQ__A                      
20001004  ti_sysbios_knl_Task_Object__table__V                              
20001050  ti_sysbios_knl_Task_Module__state__V                              
20001094  ti_sysbios_family_arm_lm4_Timer_Object__table__V                  
200010d4  ti_sysbios_gates_GateMutex_Object__table__V                       
2000110c  ti_sysbios_family_arm_m3_Hwi_Module__state__V                     
20001140  ti_sysbios_family_arm_lm4_Timer_Module_State_0_device__A          
20001170  ti_sysbios_knl_Swi_Object__table__V                               
200011a0  ti_sysbios_knl_Clock_Module__state__V                             
200011cc  ti_sysbios_BIOS_Module__state__V                                  
200011f0  ti_sysbios_knl_Swi_Module__state__V                               
2000120c  ti_sysbios_family_arm_lm4_Timer_Module_State_0_handles__A         
20001224  ti_sysbios_family_arm_m3_Hwi_Object__table__V                     
2000123c  ti_sysbios_heaps_HeapMem_Object__table__V                         
20001254  gpioPinConfigs                                                    
20001268  ti_sysbios_family_arm_lm4_Timer_Module__state__V                  
20001274  xdc_runtime_SysMin_Module__state__V                               
20001280  _lock                                                             
20001284  _unlock                                                           
20001288  gpioCallbackFunctions                                             
20001290  ti_sysbios_family_arm_m3_Hwi_Module__root__V                      
20001298  ti_sysbios_gates_GateHwi_Module__root__V                          
200012a0  ti_sysbios_gates_GateMutex_Module__root__V                        
200012a8  ti_sysbios_hal_Hwi_Module__root__V                                
200012b0  ti_sysbios_heaps_HeapMem_Module__root__V                          
200012b8  ti_sysbios_knl_Queue_Module__root__V                              
200012c0  ti_sysbios_knl_Semaphore_Module__root__V                          
200012c8  ti_sysbios_knl_Swi_Module__root__V                                
200012d0  xdc_runtime_Registry_Module__state__V                             
200012d8  xdc_runtime_Startup_Module__state__V                              
200012e0  xdc_runtime_System_Module_State_0_atexitHandlers__A               
200012e8  xdc_runtime_System_Module__state__V                               
200012f6  ti_sysbios_family_arm_m3_Hwi_Module_State_0_excActive__A          
200012f8  Timer2A_Vector                                                    
200012fc  main_func_sp                                                      
20001300  ti_sysbios_family_arm_m3_Hwi_Module_State_0_excContext__A         
20001304  ti_sysbios_family_arm_m3_Hwi_Module_State_0_excStack__A           
20001308  ti_sysbios_gates_GateHwi_Object__table__V                         
2000130c  ti_sysbios_knl_Task_Module_State_0_idleTask__A                    
20001310  xdc_runtime_Memory_Module__state__V                               
20001314  xdc_runtime_Error_Module__state__V                                
20001318  __stack                                                           
20001618  __STACK_END                                                       
e000e000  ti_sysbios_family_arm_m3_Hwi_nvic                                 
ffffffff  __TI_pprof_out_hndl                                               
ffffffff  __TI_prof_data_size                                               
ffffffff  __TI_prof_data_start                                              
ffffffff  __binit__                                                         
ffffffff  __c_args__                                                        
ffffffff  binit                                                             
UNDEFED   SHT$$INIT_ARRAY$$Base                                             
UNDEFED   SHT$$INIT_ARRAY$$Limit                                            

[553 symbols]
