******************************************************************************
                  TI ARM Linker PC v18.1.1                     
******************************************************************************
>> Linked Wed Feb 26 13:24:17 2020

OUTPUT FILE NAME:   <System_Monitor.out>
ENTRY POINT SYMBOL: "_c_int00"  address: 00002ec9


MEMORY CONFIGURATION

         name            origin    length      used     unused   attr    fill
----------------------  --------  ---------  --------  --------  ----  --------
  FLASH                 00000000   00040000  00006baa  00039456  R  X
  SRAM                  20000000   00008000  0000209a  00005f66  RW X


SEGMENT ALLOCATION MAP

run origin  load origin   length   init length attrs members
----------  ----------- ---------- ----------- ----- -------
00000000    00000000    00006bb0   00006bb0    r-x
  00000000    00000000    0000003c   0000003c    r-- .resetVecs
  00000040    00000040    00004a2a   00004a2a    r-x .text
  00004a6c    00004a6c    00001ef4   00001ef4    r-- .const
  00006960    00006960    00000250   00000250    r-- .cinit
20000000    20000000    000020a0   00000000    rw-
  20000000    20000000    00000360   00000000    rw- .vecs
  20000360    20000360    00001528   00000000    rw- .bss
  20001888    20001888    00000512   00000000    rw- .data
  20001da0    20001da0    00000300   00000000    rw- .stack


SECTION ALLOCATION MAP

 output                                  attributes/
section   page    origin      length       input sections
--------  ----  ----------  ----------   ----------------
.text      0    00000040    00004a2a     
                  00000040    00000430     sysbios.aem4f : BIOS.obj (.text:ti_sysbios_family_arm_m3_Hwi_excDumpRegs__I)
                  00000470    0000034c     ti.targets.arm.rtsarm.aem4f : System.oem4f (.text:xdc_runtime_System_doPrint__I)
                  000007bc    00000004     driverlib.lib : watchdog.obj (.text:WatchdogReloadSet)
                  000007c0    000001fc     sysbios.aem4f : BIOS.obj (.text:ti_sysbios_family_arm_m3_Hwi_excHandlerMax__I)
                  000009bc    00000004     rtsv7M4_T_le_v4SPD16_eabi.lib : exit.c.obj (.text:abort:abort)
                  000009c0    00000174     sysbios.aem4f : BIOS.obj (.text:ti_sysbios_family_arm_m3_Hwi_excBusFault__I)
                  00000b34    00000004     System_Monitor_pem4f.oem4f (.text:ti_sysbios_BIOS_RtsGateProxy_enter__E)
                  00000b38    00000164     sysbios.aem4f : BIOS.obj (.text:ti_sysbios_family_arm_m3_Hwi_excUsageFault__I)
                  00000c9c    00000004     System_Monitor_pem4f.oem4f (.text:ti_sysbios_BIOS_RtsGateProxy_leave__E)
                  00000ca0    00000154     sysbios.aem4f : BIOS.obj (.text:ti_sysbios_knl_Semaphore_pend__E)
                  00000df4    00000150     drivers_tivaware.aem4f : GPIOTiva.oem4f (.text:GPIO_setConfig)
                  00000f44    00000004     sysbios.aem4f : BIOS.obj (.text:ti_sysbios_family_arm_lm4_Timer_masterEnable__I)
                  00000f48    00000148                   : BIOS.obj (.text:ti_sysbios_family_arm_m3_Hwi_excMemFault__I)
                  00001090    00000130     driverlib.lib : gpio.obj (.text:GPIOPadConfigSet)
                  000011c0    00000118     ti.targets.arm.rtsarm.aem4f : Error.oem4f (.text:xdc_runtime_Error_policyDefault__E)
                  000012d8    00000108     sysbios.aem4f : BIOS.obj (.text:ti_sysbios_family_arm_lm4_Timer_start__E)
                  000013e0    00000100     Boot.aem4f : Boot_sysctl.oem4f (.text:ti_catalog_arm_cortexm4_tiva_ce_Boot_sysCtlClockSetI__I)
                  000014e0    00000100     ti.targets.arm.rtsarm.aem4f : Core-mem.oem4f (.text:xdc_runtime_Core_createObject__I)
                  000015e0    000000f8                                 : Startup.oem4f (.text:xdc_runtime_Startup_startMods__I)
                  000016d8    000000f8     System_Monitor_pem4f.oem4f (.text:xdc_runtime_System_printfExtend__I)
                  000017d0    000000f4     sysbios.aem4f : m3_Hwi_asm.obj (.text:ti_sysbios_family_arm_m3_Hwi_dispatch__I)
                  000018c4    00000004     System_Monitor_pem4f.oem4f (.text:ti_sysbios_family_arm_m3_TaskSupport_Module__startupDone__S)
                  000018c8    000000dc     sysbios.aem4f : BIOS.obj (.text:ti_sysbios_knl_Task_sleep__E)
                  000019a4    00000004     System_Monitor_pem4f.oem4f (.text:ti_sysbios_heaps_HeapMem_Module_GateProxy_enter__E)
                  000019a8    000000d4     sysbios.aem4f : BIOS.obj (.text:ti_sysbios_heaps_HeapMem_alloc__E)
                  00001a7c    000000cc     ti.targets.arm.rtsarm.aem4f : Core-smem.oem4f (.text:xdc_runtime_Core_constructObject__I)
                  00001b48    000000bc     sysbios.aem4f : BIOS.obj (.text:ti_sysbios_family_arm_m3_Hwi_excDebugMon__I)
                  00001c04    00000004     System_Monitor_pem4f.oem4f (.text:ti_sysbios_heaps_HeapMem_Module_GateProxy_leave__E)
                  00001c08    000000bc     sysbios.aem4f : BIOS.obj (.text:ti_sysbios_family_arm_m3_Hwi_excHardFault__I)
                  00001cc4    00000004     System_Monitor_pem4f.oem4f (.text:ti_sysbios_knl_Clock_TimerProxy_getMaxTicks__E)
                  00001cc8    000000b4     sysbios.aem4f : BIOS.obj (.text:ti_sysbios_knl_Task_checkStacks__E)
                  00001d7c    00000004     System_Monitor_pem4f.oem4f (.text:ti_sysbios_knl_Queue_destruct)
                  00001d80    000000ac     sysbios.aem4f : BIOS.obj (.text:ti_sysbios_family_arm_lm4_Timer_enableTiva__I)
                  00001e2c    000000a0     auto_init.aem4f : auto_init.oem4f (.text)
                  00001ecc    000000a0     ti.targets.arm.rtsarm.aem4f : Text.oem4f (.text:xdc_runtime_Text_putMod__E)
                  00001f6c    0000009c     rtsv7M4_T_le_v4SPD16_eabi.lib : memcpy_t2.asm.obj (.text)
                  00002008    0000009a     drivers_tivaware.aem4f : WatchdogTiva.oem4f (.text:WatchdogTiva_open)
                  000020a2    00000002                            : WatchdogTiva.oem4f (.text:WatchdogTiva_close)
                  000020a4    0000009a     ti.targets.arm.rtsarm.aem4f : Text.oem4f (.text:xdc_runtime_Text_putSite__E)
                  0000213e    00000002     rtsv7M4_T_le_v4SPD16_eabi.lib : _lock.c.obj (.text:_nop)
                  00002140    00000098     Boot.aem4f : Boot.oem4f (.text:ti_catalog_arm_cortexm4_tiva_ce_Boot_sysCtlClockSet__E)
                  000021d8    00000094     sysbios.aem4f : BIOS.obj (.text:ti_sysbios_family_arm_m3_Hwi_Instance_init__E)
                  0000226c    00000004     System_Monitor_pem4f.oem4f (.text:ti_sysbios_knl_Semaphore_destruct)
                  00002270    00000094     sysbios.aem4f : BIOS.obj (.text:ti_sysbios_family_arm_m3_Hwi_initNVIC__E)
                  00002304    00000004     ti.targets.arm.rtsarm.aem4f : Error.oem4f (.text:xdc_runtime_Error_getSite__E)
                  00002308    00000094     sysbios.aem4f : BIOS.obj (.text:ti_sysbios_knl_Task_postInit__I)
                  0000239c    0000008c     drivers_tivaware.aem4f : GPIOTiva.oem4f (.text:GPIO_init)
                  00002428    0000008c     sysbios.aem4f : m3_TaskSupport_asm.obj (.text:ti_sysbios_family_arm_m3_TaskSupport_buildTaskStack)
                  000024b4    00000004     System_Monitor_pem4f.oem4f (.text:xdc_runtime_System_Module_GateProxy_enter__E)
                  000024b8    0000008c     sysbios.aem4f : BIOS.obj (.text:ti_sysbios_knl_Event_post__E)
                  00002544    00000004     System_Monitor_pem4f.oem4f (.text:xdc_runtime_System_Module_GateProxy_leave__E)
                  00002548    00000084     sysbios.aem4f : BIOS.obj (.text:ti_sysbios_family_arm_m3_Hwi_postInit__I)
                  000025cc    00000004     ti.targets.arm.rtsarm.aem4f : System.oem4f (.text:xdc_runtime_System_aprintf_va__F)
                  000025d0    0000007c     sysbios.aem4f : BIOS.obj (.text:ti_sysbios_heaps_HeapMem_free__E)
                  0000264c    0000007a     rtsv7M4_T_le_v4SPD16_eabi.lib : memset_t2.asm.obj (.text)
                  000026c6    00000002                                   : div0.asm.obj (.text)
                  000026c8    00000070     sysbios.aem4f : BIOS.obj (.text:ti_sysbios_knl_Clock_workFunc__E)
                  00002738    00000070                   : BIOS.obj (.text:ti_sysbios_knl_Task_exit__E)
                  000027a8    0000006d     ti.targets.arm.rtsarm.aem4f : System.oem4f (.text:xdc_runtime_System_formatNum__I)
                  00002815    00000001     --HOLE-- [fill = 0]
                  00002816    00000002     System_Monitor_pem4f.oem4f (.text:ti_sysbios_BIOS_nullFunc__I)
                  00002818    0000006c     sysbios.aem4f : BIOS.obj (.text:ti_sysbios_knl_Swi_restoreHwi__E)
                  00002884    0000006c     ti.targets.arm.rtsarm.aem4f : Error.oem4f (.text:xdc_runtime_Error_print__E)
                  000028f0    0000006c                                 : Memory.oem4f (.text:xdc_runtime_Memory_alloc__E)
                  0000295c    00000068     rtsv7M4_T_le_v4SPD16_eabi.lib : copy_decompress_lzss.c.obj (.text:decompress:lzss:__TI_decompress_lzss)
                  000029c4    00000068     sysmonitor.obj (.text:sysmonitor_clockHandle)
                  00002a2c    00000066     ti.targets.arm.rtsarm.aem4f : Core-mem.oem4f (.text:xdc_runtime_Core_deleteObject__I)
                  00002a92    00000002     System_Monitor_pem4f.oem4f (.text:xdc_runtime_Startup_reset__I)
                  00002a94    00000064     drivers_tivaware.aem4f : GPIOTiva.oem4f (.text:GPIO_hwiIntFxn)
                  00002af8    00000064     sysbios.aem4f : BIOS.obj (.text:ti_sysbios_family_arm_lm4_Timer_Module_startup__E)
                  00002b5c    00000064     System_Monitor_pem4f.oem4f (.text:ti_sysbios_family_arm_m3_Hwi_create)
                  00002bc0    00000064     sysbios.aem4f : BIOS.obj (.text:ti_sysbios_family_arm_m3_Hwi_dispatchC__I)
                  00002c24    00000004     ti.targets.arm.rtsarm.aem4f : System.oem4f (.text:xdc_runtime_System_printf_va__F)
                  00002c28    00000064     sysbios.aem4f : BIOS.obj (.text:ti_sysbios_knl_Semaphore_post__E)
                  00002c8c    00000004     --HOLE-- [fill = 0]
                  00002c90    00000060                   : BIOS.obj (.text:ti_sysbios_knl_Task_schedule__I)
                  00002cf0    0000005c                   : BIOS.obj (.text:ti_sysbios_knl_Swi_run__I)
                  00002d4c    00000004     --HOLE-- [fill = 0]
                  00002d50    0000005c                   : BIOS.obj (.text:ti_sysbios_knl_Swi_schedule__I)
                  00002dac    00000004     --HOLE-- [fill = 0]
                  00002db0    0000005c                   : BIOS.obj (.text:ti_sysbios_knl_Task_Module_startup__E)
                  00002e0c    00000004     --HOLE-- [fill = 0]
                  00002e10    0000005c                   : BIOS.obj (.text:ti_sysbios_knl_Task_startCore__E)
                  00002e6c    0000005b     ti.targets.arm.rtsarm.aem4f : Text.oem4f (.text:xdc_runtime_Text_putLab__E)
                  00002ec7    00000001     --HOLE-- [fill = 0]
                  00002ec8    00000058     boot.aem4f : boot.oem4f (.text)
                  00002f20    00000058     rtsv7M4_T_le_v4SPD16_eabi.lib : hostwrite.c.obj (.text:HOSTwrite)
                  00002f78    00000058     System_Monitor_pem4f.oem4f (.text:ti_sysbios_family_arm_m3_Hwi_construct)
                  00002fd0    00000058     sysbios.aem4f : m3_Hwi_asm_switch.obj (.text:ti_sysbios_family_arm_m3_Hwi_initStacks__E)
                  00003028    00000056     driverlib.lib : gpio.obj (.text:GPIOIntTypeSet)
                  0000307e    00000002     --HOLE-- [fill = 0]
                  00003080    00000054     sysmonitor.obj (.text:sysmonitor_wdtInit)
                  000030d4    00000004     --HOLE-- [fill = 0]
                  000030d8    00000054     sysbios.aem4f : BIOS.obj (.text:ti_sysbios_family_arm_lm4_Timer_initDevice__I)
                  0000312c    00000054     ti.targets.arm.rtsarm.aem4f : Assert.oem4f (.text:xdc_runtime_Assert_raise__I)
                  00003180    00000050     drivers_tivaware.aem4f : GPIOTiva.oem4f (.text:GPIO_setCallback)
                  000031d0    00000050                            : GPIOTiva.oem4f (.text:GPIO_toggle)
                  00003220    00000050     sysbios.aem4f : BIOS.obj (.text:ti_sysbios_family_arm_m3_Hwi_Module_startup__E)
                  00003270    00000050     ti.targets.arm.rtsarm.aem4f : Startup.oem4f (.text:xdc_runtime_Startup_exec__E)
                  000032c0    00000050                                 : Text.oem4f (.text:xdc_runtime_Text_visitRope2__I)
                  00003310    0000004c     rtsv7M4_T_le_v4SPD16_eabi.lib : cpy_tbl.c.obj (.text:copy_in)
                  0000335c    00000004     --HOLE-- [fill = 0]
                  00003360    0000004c     sysbios.aem4f : BIOS.obj (.text:ti_sysbios_heaps_HeapMem_getStats__E)
                  000033ac    00000004     --HOLE-- [fill = 0]
                  000033b0    0000004c                   : BIOS.obj (.text:ti_sysbios_knl_Swi_runLoop__I)
                  000033fc    00000004     --HOLE-- [fill = 0]
                  00003400    0000004c                   : BIOS.obj (.text:ti_sysbios_knl_Task_allBlockedFunction__I)
                  0000344c    00000004     --HOLE-- [fill = 0]
                  00003450    00000048                   : BIOS.obj (.text:ti_sysbios_family_arm_lm4_Timer_enableTimers__I)
                  00003498    00000048                   : BIOS.obj (.text:ti_sysbios_family_arm_m3_Hwi_disableInterrupt__E)
                  000034e0    00000048                   : BIOS.obj (.text:ti_sysbios_family_arm_m3_Hwi_enableInterrupt__E)
                  00003528    00000048                   : BIOS.obj (.text:ti_sysbios_family_arm_m3_Hwi_excReserved__I)
                  00003570    00000046     ti.targets.arm.rtsarm.aem4f : Core-params.oem4f (.text:xdc_runtime_Core_assignParams__I)
                  000035b6    00000002     --HOLE-- [fill = 0]
                  000035b8    00000044     sysbios.aem4f : BIOS.obj (.text:ti_sysbios_family_arm_lm4_Timer_isrStub__E)
                  000035fc    00000004     --HOLE-- [fill = 0]
                  00003600    00000044                   : BIOS.obj (.text:ti_sysbios_family_arm_m3_Hwi_getStackInfo__E)
                  00003644    00000004     --HOLE-- [fill = 0]
                  00003648    00000044                   : BIOS.obj (.text:ti_sysbios_knl_Swi_post__E)
                  0000368c    00000044     ti.targets.arm.rtsarm.aem4f : Error.oem4f (.text:xdc_runtime_Error_setX__E)
                  000036d0    00000044                                 : SysMin.oem4f (.text:xdc_runtime_SysMin_flush__E)
                  00003714    00000044                                 : Text.oem4f (.text:xdc_runtime_Text_xprintf__I)
                  00003758    00000040     EK_TM4C123GXL.obj (.text:EK_TM4C123GXL_initGeneral)
                  00003798    00000040     rtsv7M4_T_le_v4SPD16_eabi.lib : u_divt2.asm.obj (.text)
                  000037d8    00000040     sysbios.aem4f : BIOS.obj (.text:ti_sysbios_family_arm_lm4_Timer_startup__E)
                  00003818    00000040                   : BIOS.obj (.text:ti_sysbios_heaps_HeapMem_Instance_init__E)
                  00003858    0000003c                   : BIOS.obj (.text:ti_sysbios_family_arm_m3_Hwi_excSvCall__I)
                  00003894    00000004     --HOLE-- [fill = 0]
                  00003898    0000003c                   : BIOS.obj (.text:ti_sysbios_heaps_HeapMem_init__I)
                  000038d4    00000004     --HOLE-- [fill = 0]
                  000038d8    0000003c                   : BIOS.obj (.text:ti_sysbios_knl_Swi_restore__E)
                  00003914    00000038     drivers_tivaware.aem4f : Watchdog.oem4f (.text:Watchdog_init)
                  0000394c    00000038     rtsv7M4_T_le_v4SPD16_eabi.lib : trgmsg.c.obj (.text:__TI_writemsg)
                  00003984    00000038     main.obj (.text:main)
                  000039bc    00000004     --HOLE-- [fill = 0]
                  000039c0    00000038     sysbios.aem4f : BIOS.obj (.text:ti_sysbios_family_arm_m3_Hwi_excNoIsr__I)
                  000039f8    00000038                   : BIOS.obj (.text:ti_sysbios_knl_Task_processVitalTaskFlag__I)
                  00003a30    00000038     ti.targets.arm.rtsarm.aem4f : SysMin.oem4f (.text:xdc_runtime_SysMin_putch__E)
                  00003a68    00000038                                 : System.oem4f (.text:xdc_runtime_System_atexit__E)
                  00003aa0    00000034     driverlib.lib : sysctl.obj (.text:SysCtlPeripheralEnable)
                  00003ad4    00000034     rtsv7M4_T_le_v4SPD16_eabi.lib : trgmsg.c.obj (.text:__TI_readmsg)
                  00003b08    00000034     sysbios.aem4f : BIOS.obj (.text:ti_sysbios_family_arm_m3_Hwi_Instance_finalize__E)
                  00003b3c    00000004     --HOLE-- [fill = 0]
                  00003b40    00000034                   : BIOS.obj (.text:ti_sysbios_family_arm_m3_Hwi_excNmi__I)
                  00003b74    00000004     --HOLE-- [fill = 0]
                  00003b78    00000034                   : BIOS.obj (.text:ti_sysbios_hal_Hwi_checkStack)
                  00003bac    00000034     ti.targets.arm.rtsarm.aem4f : Core-label.oem4f (.text:xdc_runtime_Core_assignLabel__I)
                  00003be0    00000033                                 : Text.oem4f (.text:xdc_runtime_Text_printVisFxn__I)
                  00003c13    00000005     --HOLE-- [fill = 0]
                  00003c18    00000032     sysbios.aem4f : BIOS.obj (.text:ti_sysbios_hal_Hwi_initStack)
                  00003c4a    00000002     --HOLE-- [fill = 0]
                  00003c4c    00000030     EK_TM4C123GXL.obj (.text:EK_TM4C123GXL_initGPIO)
                  00003c7c    00000030     drivers_tivaware.aem4f : Watchdog.oem4f (.text:Watchdog_open)
                  00003cac    00000030     System_Monitor_pem4f.oem4f (.text:ti_sysbios_BIOS_atExitFunc__I)
                  00003cdc    00000004     --HOLE-- [fill = 0]
                  00003ce0    00000030     sysbios.aem4f : BIOS.obj (.text:ti_sysbios_family_arm_lm4_Timer_stop__E)
                  00003d10    00000030                   : BIOS.obj (.text:ti_sysbios_family_arm_m3_TaskSupport_start__E)
                  00003d40    00000030     System_Monitor_pem4f.oem4f (.text:ti_sysbios_gates_GateHwi_Object__create__S)
                  00003d70    00000030     System_Monitor_pem4f.oem4f (.text:ti_sysbios_gates_GateMutex_Object__create__S)
                  00003da0    00000030     sysbios.aem4f : BIOS.obj (.text:ti_sysbios_gates_GateMutex_enter__E)
                  00003dd0    00000030     System_Monitor_pem4f.oem4f (.text:ti_sysbios_heaps_HeapMem_Object__create__S)
                  00003e00    00000030     System_Monitor_pem4f.oem4f (.text:ti_sysbios_knl_Semaphore_construct)
                  00003e30    00000030     sysbios.aem4f : BIOS.obj (.text:ti_sysbios_knl_Semaphore_pendTimeout__I)
                  00003e60    00000030                   : BIOS.obj (.text:ti_sysbios_knl_Task_unblockI__E)
                  00003e90    00000030     ti.targets.arm.rtsarm.aem4f : SysMin.oem4f (.text:xdc_runtime_SysMin_abort__E)
                  00003ec0    00000030                                 : System.oem4f (.text:xdc_runtime_System_processAtExit__E)
                  00003ef0    0000002c     System_Monitor_pem4f.oem4f (.text:ti_sysbios_knl_Clock_doTick__I)
                  00003f1c    0000002c     System_Monitor_pem4f.oem4f (.text:ti_sysbios_knl_Queue_construct)
                  00003f48    0000002c     sysbios.aem4f : BIOS.obj (.text:ti_sysbios_knl_Task_restore__E)
                  00003f74    0000002c     ti.targets.arm.rtsarm.aem4f : Text.oem4f (.text:xdc_runtime_Text_cordText__E)
                  00003fa0    0000002a     driverlib.lib : gpio.obj (.text:GPIODirModeSet)
                  00003fca    0000002a     ti.targets.arm.rtsarm.aem4f : System.oem4f (.text:xdc_runtime_System_putchar__I)
                  00003ff4    00000004     --HOLE-- [fill = 0]
                  00003ff8    00000028     sysbios.aem4f : BIOS.obj (.text:ti_sysbios_knl_Swi_Module_startup__E)
                  00004020    00000026                   : m3_Hwi_asm.obj (.text:ti_sysbios_family_arm_m3_Hwi_pendSV__I)
                  00004046    00000026     ti.targets.arm.rtsarm.aem4f : System.oem4f (.text:xdc_runtime_System_avprintf__E)
                  0000406c    00000024     main.obj (.text:task0_fxn)
                  00004090    00000024     main.obj (.text:task1_fxn)
                  000040b4    00000024     main.obj (.text:task2_fxn)
                  000040d8    00000024     System_Monitor_pem4f.oem4f (.text:ti_sysbios_BIOS_errorRaiseHook__I)
                  000040fc    00000024     System_Monitor_pem4f.oem4f (.text:ti_sysbios_BIOS_registerRTSLock__I)
                  00004120    00000024     System_Monitor_pem4f.oem4f (.text:ti_sysbios_BIOS_removeRTSLock__I)
                  00004144    00000024     System_Monitor_pem4f.oem4f (.text:ti_sysbios_BIOS_startFunc__I)
                  00004168    00000024     System_Monitor_pem4f.oem4f (.text:ti_sysbios_gates_GateMutex_Object__delete__S)
                  0000418c    00000004     --HOLE-- [fill = 0]
                  00004190    00000024     sysbios.aem4f : BIOS.obj (.text:ti_sysbios_knl_Clock_Module_startup__E)
                  000041b4    00000004     --HOLE-- [fill = 0]
                  000041b8    00000024                   : BIOS.obj (.text:ti_sysbios_knl_Semaphore_Instance_init__E)
                  000041dc    00000004     --HOLE-- [fill = 0]
                  000041e0    00000024                   : BIOS.obj (.text:ti_sysbios_knl_Task_restoreHwi__E)
                  00004204    00000024     ti.targets.arm.rtsarm.aem4f : System.oem4f (.text:xdc_runtime_System_vprintf__E)
                  00004228    00000022     sysbios.aem4f : BIOS.obj (.text:ti_sysbios_family_arm_lm4_Timer_write__I)
                  0000424a    00000022     System_Monitor_pem4f.oem4f (.text:xdc_runtime_SysMin_output__I)
                  0000426c    00000020     System_Monitor_pem4f.oem4f (.text:ti_sysbios_BIOS_rtsLock__I)
                  0000428c    00000020     sysbios.aem4f : m3_Hwi_asm.obj (.text:ti_sysbios_family_arm_m3_Hwi_excHandlerAsm__I)
                  000042ac    00000004     --HOLE-- [fill = 0]
                  000042b0    00000020                   : BIOS.obj (.text:ti_sysbios_family_arm_m3_Hwi_excHandler__I)
                  000042d0    00000020     System_Monitor_pem4f.oem4f (.text:ti_sysbios_gates_GateHwi_Object__delete__S)
                  000042f0    00000020     System_Monitor_pem4f.oem4f (.text:ti_sysbios_heaps_HeapMem_Object__delete__S)
                  00004310    00000020     sysbios.aem4f : BIOS.obj (.text:ti_sysbios_knl_Idle_run__E)
                  00004330    00000020     System_Monitor_pem4f.oem4f (.text:ti_sysbios_knl_Semaphore_Object__destruct__S)
                  00004350    00000020     ti.targets.arm.rtsarm.aem4f : Registry.oem4f (.text:xdc_runtime_Registry_findById__E)
                  00004370    00000020                                 : SysMin.oem4f (.text:xdc_runtime_SysMin_Module_startup__E)
                  00004390    0000001e     sysbios.aem4f : m3_Hwi_asm_switch.obj (.text:ti_sysbios_family_xxx_Hwi_switchAndRunFunc)
                  000043ae    0000001c     drivers_tivaware.aem4f : WatchdogTiva.oem4f (.text:WatchdogTiva_setReload)
                  000043ca    0000001c                            : GPIOTiva.oem4f (.text:getGpioIntIndex)
                  000043e6    00000002     --HOLE-- [fill = 0]
                  000043e8    0000001c     sysbios.aem4f : BIOS.obj (.text:ti_sysbios_gates_GateMutex_Instance_init__E)
                  00004404    0000001c     System_Monitor_pem4f.oem4f (.text:ti_sysbios_knl_Queue_Object__destruct__S)
                  00004420    0000001c     sysbios.aem4f : BIOS.obj (.text:ti_sysbios_knl_Queue_put__E)
                  0000443c    00000004     --HOLE-- [fill = 0]
                  00004440    0000001c                   : BIOS.obj (.text:ti_sysbios_knl_Task_enter__I)
                  0000445c    0000001c     ti.targets.arm.rtsarm.aem4f : Error.oem4f (.text:xdc_runtime_Error_raiseX__E)
                  00004478    0000001c                                 : Memory.oem4f (.text:xdc_runtime_Memory_valloc__E)
                  00004494    0000001c                                 : SysMin.oem4f (.text:xdc_runtime_SysMin_exit__E)
                  000044b0    0000001c                                 : System.oem4f (.text:xdc_runtime_System_abort__E)
                  000044cc    0000001a     System_Monitor_pem4f.oem4f (.text:ti_sysbios_family_arm_m3_Hwi_Handle__label__S)
                  000044e6    0000001a     System_Monitor_pem4f.oem4f (.text:ti_sysbios_gates_GateHwi_Handle__label__S)
                  00004500    0000001a     System_Monitor_pem4f.oem4f (.text:ti_sysbios_gates_GateMutex_Handle__label__S)
                  0000451a    0000001a     System_Monitor_pem4f.oem4f (.text:ti_sysbios_heaps_HeapMem_Handle__label__S)
                  00004534    0000001a     System_Monitor_pem4f.oem4f (.text:ti_sysbios_knl_Swi_Handle__label__S)
                  0000454e    0000001a     System_Monitor_pem4f.oem4f (.text:ti_sysbios_knl_Task_Handle__label__S)
                  00004568    0000001a     System_Monitor_pem4f.oem4f (.text:xdc_runtime_System_aprintf__E)
                  00004582    0000001a     System_Monitor_pem4f.oem4f (.text:xdc_runtime_System_printf__E)
                  0000459c    00000018     rtsv7M4_T_le_v4SPD16_eabi.lib : args_main.c.obj (.text:_args_main)
                  000045b4    00000018     System_Monitor_pem4f.oem4f (.text:ti_sysbios_BIOS_rtsUnlock__I)
                  000045cc    00000018     System_Monitor_pem4f.oem4f (.text:ti_sysbios_family_arm_lm4_Timer_Module__startupDone__F)
                  000045e4    00000018     System_Monitor_pem4f.oem4f (.text:ti_sysbios_family_arm_m3_Hwi_Module__startupDone__F)
                  000045fc    00000018     sysbios.aem4f : m3_TaskSupport_asm.obj (.text:ti_sysbios_family_arm_m3_TaskSupport_swap__E)
                  00004614    00000004     --HOLE-- [fill = 0]
                  00004618    00000018                   : BIOS.obj (.text:ti_sysbios_gates_GateMutex_leave__E)
                  00004630    00000018                   : BIOS.obj (.text:ti_sysbios_knl_Task_sleepTimeout__I)
                  00004648    00000018     ti.targets.arm.rtsarm.aem4f : Error.oem4f (.text:xdc_runtime_Error_check__E)
                  00004660    00000018                                 : System.oem4f (.text:xdc_runtime_System_exit__E)
                  00004678    00000018                                 : Text.oem4f (.text:xdc_runtime_Text_ropeText__E)
                  00004690    00000016     System_Monitor_pem4f.oem4f (.text:ti_sysbios_BIOS_exitFunc__I)
                  000046a6    00000014     rtsv7M4_T_le_v4SPD16_eabi.lib : strlen.c.obj (.text:strlen)
                  000046ba    00000002     --HOLE-- [fill = 0]
                  000046bc    00000014     System_Monitor_pem4f.oem4f (.text:ti_sysbios_family_arm_m3_Hwi_Object__get__S)
                  000046d0    00000014     sysbios.aem4f : BIOS.obj (.text:ti_sysbios_family_arm_m3_Hwi_switchFromBootStack__E)
                  000046e4    00000014     System_Monitor_pem4f.oem4f (.text:ti_sysbios_heaps_HeapMem_Object__get__S)
                  000046f8    00000014     System_Monitor_pem4f.oem4f (.text:ti_sysbios_knl_Swi_Object__get__S)
                  0000470c    00000012     driverlib.lib : gpio.obj (.text:GPIOPinTypeGPIOInput)
                  0000471e    00000002     --HOLE-- [fill = 0]
                  00004720    00000012     sysbios.aem4f : BIOS.obj (.text:ti_sysbios_hal_Hwi_Module_startup__E)
                  00004732    00000012     System_Monitor_pem4f.oem4f (.text:xdc_runtime_Startup_exec__I)
                  00004744    00000010     EK_TM4C123GXL.obj (.text:EK_TM4C123GXL_initWatchdog)
                  00004754    00000010     drivers_tivaware.aem4f : Watchdog.oem4f (.text:Watchdog_Params_init)
                  00004764    00000004     --HOLE-- [fill = 0]
                  00004768    00000010     sysbios.aem4f : BIOS.obj (.text:ti_sysbios_BIOS_setThreadType__E)
                  00004778    00000010                   : BIOS.obj (.text:ti_sysbios_BIOS_start__E)
                  00004788    00000010                   : m3_TaskSupport_asm.obj (.text:ti_sysbios_family_arm_m3_TaskSupport_glue)
                  00004798    00000010                   : BIOS.obj (.text:ti_sysbios_gates_GateMutex_Instance_finalize__E)
                  000047a8    00000010                   : BIOS.obj (.text:ti_sysbios_knl_Semaphore_Instance_finalize__E)
                  000047b8    00000010                   : BIOS.obj (.text:ti_sysbios_knl_Swi_disable__E)
                  000047c8    00000010     System_Monitor_pem4f.oem4f (.text:ti_sysbios_knl_Task_Object__get__S)
                  000047d8    00000010     sysbios.aem4f : BIOS.obj (.text:ti_sysbios_knl_Task_disable__E)
                  000047e8    00000010     ti.targets.arm.rtsarm.aem4f : Gate.oem4f (.text:xdc_runtime_Gate_leaveSystem__E)
                  000047f8    00000010                                 : Memory.oem4f (.text:xdc_runtime_Memory_free__E)
                  00004808    00000010                                 : SysMin.oem4f (.text:xdc_runtime_SysMin_ready__E)
                  00004818    00000010                                 : System.oem4f (.text:xdc_runtime_System_vsnprintf__E)
                  00004828    00000010     System_Monitor_pem4f.oem4f (.text:xdc_runtime_Text_visitRope__I)
                  00004838    0000000e     driverlib.lib : gpio.obj (.text:GPIOIntStatus)
                  00004846    0000000e                   : watchdog.obj (.text:WatchdogStallDisable)
                  00004854    0000000e                   : watchdog.obj (.text:WatchdogStallEnable)
                  00004862    0000000e     rtsv7M4_T_le_v4SPD16_eabi.lib : copy_decompress_none.c.obj (.text:decompress:none:__TI_decompress_none)
                  00004870    0000000e     sysbios.aem4f : BIOS.obj (.text:ti_sysbios_knl_Idle_loop__E)
                  0000487e    00000002     --HOLE-- [fill = 0]
                  00004880    0000000e                   : BIOS.obj (.text:ti_sysbios_knl_Queue_empty__E)
                  0000488e    00000002     --HOLE-- [fill = 0]
                  00004890    0000000c     System_Monitor_pem4f.oem4f (.text:.bootCodeSection:ti_catalog_arm_cortexm4_tiva_ce_Boot_init__I)
                  0000489c    0000000c     driverlib.lib : watchdog.obj (.text:WatchdogUnlock)
                  000048a8    0000000c     rtsv7M4_T_le_v4SPD16_eabi.lib : _lock.c.obj (.text:_register_lock)
                  000048b4    0000000c                                   : _lock.c.obj (.text:_register_unlock)
                  000048c0    0000000c                                   : copy_zero_init.c.obj (.text:decompress:ZI:__TI_zero_init)
                  000048cc    00000004     --HOLE-- [fill = 0]
                  000048d0    0000000c     sysbios.aem4f : BIOS.obj (.text:ti_sysbios_family_arm_lm4_Timer_getMaxTicks__E)
                  000048dc    0000000c     System_Monitor_pem4f.oem4f (.text:ti_sysbios_family_arm_m3_Hwi_Params__init__S)
                  000048e8    0000000c     sysbios.aem4f : BIOS.obj (.text:ti_sysbios_family_arm_m3_Hwi_disableFxn__E)
                  000048f4    00000004     --HOLE-- [fill = 0]
                  000048f8    0000000c                   : BIOS.obj (.text:ti_sysbios_family_arm_m3_TaskSupport_checkStack__E)
                  00004904    00000004     --HOLE-- [fill = 0]
                  00004908    0000000c                   : BIOS.obj (.text:ti_sysbios_gates_GateHwi_enter__E)
                  00004914    00000004     --HOLE-- [fill = 0]
                  00004918    0000000c                   : BIOS.obj (.text:ti_sysbios_knl_Clock_getTicks__E)
                  00004924    0000000c     System_Monitor_pem4f.oem4f (.text:ti_sysbios_knl_Queue_Object__get__S)
                  00004930    0000000c     ti.targets.arm.rtsarm.aem4f : Error.oem4f (.text:xdc_runtime_Error_init__E)
                  0000493c    0000000c                                 : Gate.oem4f (.text:xdc_runtime_Gate_enterSystem__E)
                  00004948    0000000c                                 : Memory.oem4f (.text:xdc_runtime_Memory_calloc__E)
                  00004954    0000000c                                 : Memory.oem4f (.text:xdc_runtime_Memory_getMaxDefaultTypeAlign__E)
                  00004960    0000000a     driverlib.lib : watchdog.obj (.text:WatchdogEnable)
                  0000496a    0000000a                   : watchdog.obj (.text:WatchdogResetDisable)
                  00004974    0000000a                   : watchdog.obj (.text:WatchdogResetEnable)
                  0000497e    0000000a     drivers_tivaware.aem4f : Watchdog.oem4f (.text:Watchdog_clear)
                  00004988    0000000a     sysmonitor.obj (.text:watchdogCallback)
                  00004992    0000000a     System_Monitor_pem4f.oem4f (.text:xdc_runtime_IHeap_alloc)
                  0000499c    0000000a     System_Monitor_pem4f.oem4f (.text:xdc_runtime_IHeap_free)
                  000049a6    00000008     driverlib.lib : watchdog.obj (.text:WatchdogLock)
                  000049ae    00000008     drivers_tivaware.aem4f : WatchdogTiva.oem4f (.text:WatchdogTiva_clear)
                  000049b6    00000008                            : WatchdogTiva.oem4f (.text:WatchdogTiva_init)
                  000049be    00000008     sysmonitor.obj (.text:sysmonitor_init)
                  000049c6    00000008     sysbios.aem4f : BIOS.obj (.text:ti_sysbios_family_arm_lm4_Timer_masterDisable__I)
                  000049ce    00000002     --HOLE-- [fill = 0]
                  000049d0    00000008                   : BIOS.obj (.text:ti_sysbios_family_arm_m3_Hwi_doSwiRestore__I)
                  000049d8    00000008                   : BIOS.obj (.text:ti_sysbios_family_arm_m3_Hwi_startup__E)
                  000049e0    00000006     driverlib.lib : gpio.obj (.text:GPIOIntClear)
                  000049e6    00000006                   : gpio.obj (.text:GPIOPinRead)
                  000049ec    00000006                   : gpio.obj (.text:GPIOPinWrite)
                  000049f2    00000006                   : watchdog.obj (.text:WatchdogIntClear)
                  000049f8    00000006     drivers_tivaware.aem4f : WatchdogTiva.oem4f (.text:WatchdogTiva_control)
                  000049fe    00000006     Boot.aem4f : Boot_sysctl.oem4f (.text:ti_catalog_arm_cortexm4_tiva_ce_Boot_sysCtlDelayI__I)
                  00004a04    00000004     --HOLE-- [fill = 0]
                  00004a08    00000006     sysbios.aem4f : BIOS.obj (.text:ti_sysbios_family_arm_m3_Hwi_doTaskRestore__I)
                  00004a0e    00000002     --HOLE-- [fill = 0]
                  00004a10    00000006                   : BIOS.obj (.text:ti_sysbios_family_arm_m3_Hwi_restoreFxn__E)
                  00004a16    00000002     --HOLE-- [fill = 0]
                  00004a18    00000006                   : BIOS.obj (.text:ti_sysbios_gates_GateHwi_leave__E)
                  00004a1e    00000002     --HOLE-- [fill = 0]
                  00004a20    00000006                   : BIOS.obj (.text:ti_sysbios_heaps_HeapMem_isBlocking__E)
                  00004a26    00000002     --HOLE-- [fill = 0]
                  00004a28    00000006                   : BIOS.obj (.text:ti_sysbios_knl_Queue_Instance_init__E)
                  00004a2e    00000002     --HOLE-- [fill = 0]
                  00004a30    00000006                   : BIOS.obj (.text:ti_sysbios_knl_Swi_startup__E)
                  00004a36    00000006     ti.targets.arm.rtsarm.aem4f : System.oem4f (.text:xdc_runtime_System_Module_startup__E)
                  00004a3c    00000004     --HOLE-- [fill = 0]
                  00004a40    00000004     sysbios.aem4f : BIOS.obj (.text:ti_sysbios_gates_GateHwi_query__E)
                  00004a44    00000004     --HOLE-- [fill = 0]
                  00004a48    00000004                   : BIOS.obj (.text:ti_sysbios_gates_GateMutex_query__E)
                  00004a4c    00000004     --HOLE-- [fill = 0]
                  00004a50    00000004                   : BIOS.obj (.text:ti_sysbios_knl_Event_getPostedEvents__E)
                  00004a54    00000004     --HOLE-- [fill = 0]
                  00004a58    00000004                   : BIOS.obj (.text:ti_sysbios_knl_Task_startup__E)
                  00004a5c    00000004     --HOLE-- [fill = 0]
                  00004a60    00000002                   : BIOS.obj (.text:ti_sysbios_gates_GateHwi_Instance_init__E)
                  00004a62    00000006     --HOLE-- [fill = 0]
                  00004a68    00000002                   : BIOS.obj (.text:ti_sysbios_knl_Clock_logTick__E)

.const     0    00004a6c    00001ef4     
                  00004a6c    00001937     System_Monitor_pem4f.oem4f (.const:xdc_runtime_Text_charTab__A)
                  000063a3    00000001     System_Monitor_pem4f.oem4f (.const:xdc_runtime_Error_policy__C)
                  000063a4    000000c4     System_Monitor_pem4f.oem4f (.const:xdc_runtime_Text_nodeTab__A)
                  00006468    00000054     drivers_tivaware.aem4f : GPIOTiva.oem4f (.const:.string)
                  000064bc    00000048     System_Monitor_pem4f.oem4f (.const:.string)
                  00006504    00000048     drivers_tivaware.aem4f : GPIOTiva.oem4f (.const:gpioBaseAddresses)
                  0000654c    00000030     System_Monitor_pem4f.oem4f (.const:ti_sysbios_family_arm_m3_Hwi_Object__PARAMS__C)
                  0000657c    00000028     System_Monitor_pem4f.oem4f (.const:ti_sysbios_heaps_HeapMem_Module__FXNS__C)
                  000065a4    00000024     System_Monitor_pem4f.oem4f (.const:ti_sysbios_gates_GateHwi_Module__FXNS__C)
                  000065c8    00000024     System_Monitor_pem4f.oem4f (.const:ti_sysbios_gates_GateMutex_Module__FXNS__C)
                  000065ec    00000024     System_Monitor_pem4f.oem4f (.const:ti_sysbios_heaps_HeapMem_Object__PARAMS__C)
                  00006610    00000024     System_Monitor_pem4f.oem4f (.const:ti_sysbios_knl_Semaphore_Object__PARAMS__C)
                  00006634    00000020     System_Monitor_pem4f.oem4f (.const:ti_sysbios_family_arm_m3_Hwi_Object__DESC__C)
                  00006654    00000020     System_Monitor_pem4f.oem4f (.const:ti_sysbios_gates_GateHwi_Object__DESC__C)
                  00006674    00000020     System_Monitor_pem4f.oem4f (.const:ti_sysbios_gates_GateMutex_Object__DESC__C)
                  00006694    00000020     System_Monitor_pem4f.oem4f (.const:ti_sysbios_heaps_HeapMem_Object__DESC__C)
                  000066b4    00000020     System_Monitor_pem4f.oem4f (.const:ti_sysbios_knl_Queue_Object__DESC__C)
                  000066d4    00000020     System_Monitor_pem4f.oem4f (.const:ti_sysbios_knl_Semaphore_Object__DESC__C)
                  000066f4    00000020     System_Monitor_pem4f.oem4f (.const:xdc_runtime_Startup_sfxnTab__A)
                  00006714    00000018     EK_TM4C123GXL.obj (.const:Watchdog_config)
                  0000672c    00000018     drivers_tivaware.aem4f : WatchdogTiva.oem4f (.const)
                  00006744    00000018     System_Monitor_pem4f.oem4f (.const:ti_sysbios_gates_GateHwi_Object__PARAMS__C)
                  0000675c    00000018     System_Monitor_pem4f.oem4f (.const:ti_sysbios_gates_GateMutex_Object__PARAMS__C)
                  00006774    00000018     System_Monitor_pem4f.oem4f (.const:ti_sysbios_knl_Queue_Object__PARAMS__C)
                  0000678c    00000014     EK_TM4C123GXL.obj (.const:GPIOTiva_config)
                  000067a0    00000014     System_Monitor_pem4f.oem4f (.const)
                  000067b4    00000014     System_Monitor_pem4f.oem4f (.const:xdc_runtime_Startup_firstFxns__A)
                  000067c8    00000010     EK_TM4C123GXL.obj (.const:watchdogTivaHWAttrs)
                  000067d8    00000010     System_Monitor_pem4f.oem4f (.const:xdc_runtime_Startup_sfxnRts__A)
                  000067e8    0000000c     drivers_tivaware.aem4f : Watchdog.oem4f (.const)
                  000067f4    00000008     System_Monitor_pem4f.oem4f (.const:ti_sysbios_family_arm_m3_Hwi_excHookFuncs__A)
                  000067fc    00000008     System_Monitor_pem4f.oem4f (.const:ti_sysbios_knl_Idle_funcList__C)
                  00006804    00000008     System_Monitor_pem4f.oem4f (.const:xdc_runtime_Startup_firstFxns__C)
                  0000680c    00000008     System_Monitor_pem4f.oem4f (.const:xdc_runtime_Startup_lastFxns__C)
                  00006814    00000004     System_Monitor_pem4f.oem4f (.const:ti_catalog_arm_cortexm4_tiva_ce_Boot_A_mustUseEnhancedClockMode__C)
                  00006818    00000004     System_Monitor_pem4f.oem4f (.const:ti_catalog_arm_cortexm4_tiva_ce_Boot_Module__diagsEnabled__C)
                  0000681c    00000004     System_Monitor_pem4f.oem4f (.const:ti_catalog_arm_cortexm4_tiva_ce_Boot_Module__diagsIncluded__C)
                  00006820    00000004     System_Monitor_pem4f.oem4f (.const:ti_catalog_arm_cortexm4_tiva_ce_Boot_Module__diagsMask__C)
                  00006824    00000004     System_Monitor_pem4f.oem4f (.const:ti_sysbios_family_arm_lm4_Timer_enableFunc__C)
                  00006828    00000004     System_Monitor_pem4f.oem4f (.const:ti_sysbios_family_arm_lm4_Timer_numTimerDevices__C)
                  0000682c    00000004     System_Monitor_pem4f.oem4f (.const:ti_sysbios_family_arm_lm4_Timer_startupNeeded__C)
                  00006830    00000004     System_Monitor_pem4f.oem4f (.const:ti_sysbios_family_arm_m3_Hwi_E_NMI__C)
                  00006834    00000004     System_Monitor_pem4f.oem4f (.const:ti_sysbios_family_arm_m3_Hwi_E_alreadyDefined__C)
                  00006838    00000004     System_Monitor_pem4f.oem4f (.const:ti_sysbios_family_arm_m3_Hwi_E_busFault__C)
                  0000683c    00000004     System_Monitor_pem4f.oem4f (.const:ti_sysbios_family_arm_m3_Hwi_E_debugMon__C)
                  00006840    00000004     System_Monitor_pem4f.oem4f (.const:ti_sysbios_family_arm_m3_Hwi_E_hardFault__C)
                  00006844    00000004     System_Monitor_pem4f.oem4f (.const:ti_sysbios_family_arm_m3_Hwi_E_memFault__C)
                  00006848    00000004     System_Monitor_pem4f.oem4f (.const:ti_sysbios_family_arm_m3_Hwi_E_noIsr__C)
                  0000684c    00000004     System_Monitor_pem4f.oem4f (.const:ti_sysbios_family_arm_m3_Hwi_E_reserved__C)
                  00006850    00000004     System_Monitor_pem4f.oem4f (.const:ti_sysbios_family_arm_m3_Hwi_E_svCall__C)
                  00006854    00000004     System_Monitor_pem4f.oem4f (.const:ti_sysbios_family_arm_m3_Hwi_E_usageFault__C)
                  00006858    00000004     System_Monitor_pem4f.oem4f (.const:ti_sysbios_family_arm_m3_Hwi_NUM_INTERRUPTS__C)
                  0000685c    00000004     System_Monitor_pem4f.oem4f (.const:ti_sysbios_family_arm_m3_Hwi_Object__count__C)
                  00006860    00000004     System_Monitor_pem4f.oem4f (.const:ti_sysbios_family_arm_m3_Hwi_ccr__C)
                  00006864    00000004     System_Monitor_pem4f.oem4f (.const:ti_sysbios_family_arm_m3_Hwi_excHandlerFunc__C)
                  00006868    00000004     System_Monitor_pem4f.oem4f (.const:ti_sysbios_family_arm_m3_Hwi_excHookFuncs__C)
                  0000686c    00000004     System_Monitor_pem4f.oem4f (.const:ti_sysbios_family_arm_m3_Hwi_nullIsrFunc__C)
                  00006870    00000004     System_Monitor_pem4f.oem4f (.const:ti_sysbios_family_arm_m3_Hwi_priGroup__C)
                  00006874    00000004     System_Monitor_pem4f.oem4f (.const:ti_sysbios_gates_GateMutex_Instance_State_sem__O)
                  00006878    00000004     System_Monitor_pem4f.oem4f (.const:ti_sysbios_hal_Hwi_E_stackOverflow__C)
                  0000687c    00000004     System_Monitor_pem4f.oem4f (.const:ti_sysbios_heaps_HeapMem_E_memory__C)
                  00006880    00000004     System_Monitor_pem4f.oem4f (.const:ti_sysbios_heaps_HeapMem_Module__gateObj__C)
                  00006884    00000004     System_Monitor_pem4f.oem4f (.const:ti_sysbios_heaps_HeapMem_Object__count__C)
                  00006888    00000004     System_Monitor_pem4f.oem4f (.const:ti_sysbios_heaps_HeapMem_reqAlign__C)
                  0000688c    00000004     System_Monitor_pem4f.oem4f (.const:ti_sysbios_knl_Clock_Module_State_clockQ__O)
                  00006890    00000004     System_Monitor_pem4f.oem4f (.const:ti_sysbios_knl_Event_Instance_State_pendQ__O)
                  00006894    00000004     System_Monitor_pem4f.oem4f (.const:ti_sysbios_knl_Idle_funcList__A)
                  00006898    00000004     System_Monitor_pem4f.oem4f (.const:ti_sysbios_knl_Semaphore_Instance_State_pendQ__O)
                  0000689c    00000004     System_Monitor_pem4f.oem4f (.const:ti_sysbios_knl_Swi_Object__count__C)
                  000068a0    00000004     System_Monitor_pem4f.oem4f (.const:ti_sysbios_knl_Task_E_spOutOfBounds__C)
                  000068a4    00000004     System_Monitor_pem4f.oem4f (.const:ti_sysbios_knl_Task_E_stackOverflow__C)
                  000068a8    00000004     System_Monitor_pem4f.oem4f (.const:ti_sysbios_knl_Task_Module_State_inactiveQ__O)
                  000068ac    00000004     System_Monitor_pem4f.oem4f (.const:ti_sysbios_knl_Task_Object__count__C)
                  000068b0    00000004     System_Monitor_pem4f.oem4f (.const:ti_sysbios_knl_Task_allBlockedFunc__C)
                  000068b4    00000004     System_Monitor_pem4f.oem4f (.const:ti_sysbios_knl_Task_numConstructedTasks__C)
                  000068b8    00000004     System_Monitor_pem4f.oem4f (.const:xdc_runtime_Assert_E_assertFailed__C)
                  000068bc    00000004     System_Monitor_pem4f.oem4f (.const:xdc_runtime_Core_A_initializedParams__C)
                  000068c0    00000004     System_Monitor_pem4f.oem4f (.const:xdc_runtime_Core_Module__diagsEnabled__C)
                  000068c4    00000004     System_Monitor_pem4f.oem4f (.const:xdc_runtime_Core_Module__diagsIncluded__C)
                  000068c8    00000004     System_Monitor_pem4f.oem4f (.const:xdc_runtime_Core_Module__diagsMask__C)
                  000068cc    00000004     System_Monitor_pem4f.oem4f (.const:xdc_runtime_Error_E_memory__C)
                  000068d0    00000004     System_Monitor_pem4f.oem4f (.const:xdc_runtime_Error_Module__diagsEnabled__C)
                  000068d4    00000004     System_Monitor_pem4f.oem4f (.const:xdc_runtime_Error_Module__diagsIncluded__C)
                  000068d8    00000004     System_Monitor_pem4f.oem4f (.const:xdc_runtime_Error_Module__diagsMask__C)
                  000068dc    00000004     System_Monitor_pem4f.oem4f (.const:xdc_runtime_Error_Module__loggerFxn8__C)
                  000068e0    00000004     System_Monitor_pem4f.oem4f (.const:xdc_runtime_Error_Module__loggerObj__C)
                  000068e4    00000004     System_Monitor_pem4f.oem4f (.const:xdc_runtime_Error_policyFxn__C)
                  000068e8    00000004     System_Monitor_pem4f.oem4f (.const:xdc_runtime_Error_raiseHook__C)
                  000068ec    00000004     System_Monitor_pem4f.oem4f (.const:xdc_runtime_IGateProvider_Interface__BASE__C)
                  000068f0    00000004     System_Monitor_pem4f.oem4f (.const:xdc_runtime_IHeap_Interface__BASE__C)
                  000068f4    00000004     System_Monitor_pem4f.oem4f (.const:xdc_runtime_IModule_Interface__BASE__C)
                  000068f8    00000004     System_Monitor_pem4f.oem4f (.const:xdc_runtime_Log_L_error__C)
                  000068fc    00000004     System_Monitor_pem4f.oem4f (.const:xdc_runtime_Memory_defaultHeapInstance__C)
                  00006900    00000004     System_Monitor_pem4f.oem4f (.const:xdc_runtime_Startup_execImpl__C)
                  00006904    00000004     System_Monitor_pem4f.oem4f (.const:xdc_runtime_Startup_maxPasses__C)
                  00006908    00000004     System_Monitor_pem4f.oem4f (.const:xdc_runtime_Startup_sfxnRts__C)
                  0000690c    00000004     System_Monitor_pem4f.oem4f (.const:xdc_runtime_Startup_sfxnTab__C)
                  00006910    00000004     System_Monitor_pem4f.oem4f (.const:xdc_runtime_SysMin_bufSize__C)
                  00006914    00000004     System_Monitor_pem4f.oem4f (.const:xdc_runtime_SysMin_outputFunc__C)
                  00006918    00000004     System_Monitor_pem4f.oem4f (.const:xdc_runtime_System_Module__gateObj__C)
                  0000691c    00000004     System_Monitor_pem4f.oem4f (.const:xdc_runtime_System_abortFxn__C)
                  00006920    00000004     System_Monitor_pem4f.oem4f (.const:xdc_runtime_System_exitFxn__C)
                  00006924    00000004     System_Monitor_pem4f.oem4f (.const:xdc_runtime_System_extendFxn__C)
                  00006928    00000004     System_Monitor_pem4f.oem4f (.const:xdc_runtime_System_maxAtexitHandlers__C)
                  0000692c    00000004     System_Monitor_pem4f.oem4f (.const:xdc_runtime_Text_charTab__C)
                  00006930    00000004     System_Monitor_pem4f.oem4f (.const:xdc_runtime_Text_nameEmpty__C)
                  00006934    00000004     System_Monitor_pem4f.oem4f (.const:xdc_runtime_Text_nameStatic__C)
                  00006938    00000004     System_Monitor_pem4f.oem4f (.const:xdc_runtime_Text_nameUnknown__C)
                  0000693c    00000004     System_Monitor_pem4f.oem4f (.const:xdc_runtime_Text_nodeTab__C)
                  00006940    00000004     System_Monitor_pem4f.oem4f (.const:xdc_runtime_Text_visitRopeFxn__C)
                  00006944    00000002     System_Monitor_pem4f.oem4f (.const:ti_catalog_arm_cortexm4_tiva_ce_Boot_Module__id__C)
                  00006946    00000002     System_Monitor_pem4f.oem4f (.const:ti_sysbios_family_arm_m3_Hwi_Module__id__C)
                  00006948    00000002     System_Monitor_pem4f.oem4f (.const:ti_sysbios_hal_Hwi_Module__id__C)
                  0000694a    00000002     System_Monitor_pem4f.oem4f (.const:ti_sysbios_heaps_HeapMem_Module__id__C)
                  0000694c    00000002     System_Monitor_pem4f.oem4f (.const:ti_sysbios_knl_Task_Module__id__C)
                  0000694e    00000002     System_Monitor_pem4f.oem4f (.const:xdc_runtime_Core_Module__id__C)
                  00006950    00000002     System_Monitor_pem4f.oem4f (.const:xdc_runtime_Error_Module__loggerDefined__C)
                  00006952    00000002     System_Monitor_pem4f.oem4f (.const:xdc_runtime_Error_maxDepth__C)
                  00006954    00000002     System_Monitor_pem4f.oem4f (.const:xdc_runtime_Memory_Module__id__C)
                  00006956    00000002     System_Monitor_pem4f.oem4f (.const:xdc_runtime_SysMin_flushAtExit__C)
                  00006958    00000002     System_Monitor_pem4f.oem4f (.const:xdc_runtime_Text_charCnt__C)
                  0000695a    00000002     System_Monitor_pem4f.oem4f (.const:xdc_runtime_Text_isLoaded__C)
                  0000695c    00000002     System_Monitor_pem4f.oem4f (.const:xdc_runtime_Text_registryModsLastId__C)
                  0000695e    00000002     System_Monitor_pem4f.oem4f (.const:xdc_runtime_Text_unnamedModsLastId__C)

.cinit     0    00006960    00000250     
                  00006960    00000217     (.cinit..data.load) [load image, compression = lzss]
                  00006b77    00000001     --HOLE-- [fill = 0]
                  00006b78    0000000c     (__TI_handler_table)
                  00006b84    00000004     --HOLE-- [fill = 0]
                  00006b88    00000008     (.cinit..bss.load) [load image, compression = zero_init]
                  00006b90    00000008     (.cinit..vecs.load) [load image, compression = zero_init]
                  00006b98    00000018     (__TI_cinit_table)

.init_array 
*          0    00000000    00000000     UNINITIALIZED

.resetVecs 
*          0    00000000    0000003c     
                  00000000    0000003c     System_Monitor_pem4f.oem4f (.resetVecs)

.bss       0    20000360    00001528     UNINITIALIZED
                  20000360    00000800     System_Monitor_pem4f.oem4f (.bss:taskStackSection)
                  20000b60    00000400     (.common:ti_sysbios_heaps_HeapMem_Instance_State_0_buf__A)
                  20000f60    000003e8     (.common:xdc_runtime_SysMin_Module_State_0_outbuf__A)
                  20001348    00000360     (.common:ti_sysbios_family_arm_m3_Hwi_dispatchTable)
                  200016a8    00000120     rtsv7M4_T_le_v4SPD16_eabi.lib : trgmsg.c.obj (.bss:_CIOBUF_)
                  200017c8    00000090     drivers_tivaware.aem4f : GPIOTiva.oem4f (.bss:gpioCallbackInfo)
                  20001858    00000020     (.common:watchdogTivaObjects)
                  20001878    00000008     (.common:parmbuf)
                  20001880    00000004     (.common:gpioInterruptVectors)
                  20001884    00000004     (.common:watchdogHandle)

.data      0    20001888    00000512     UNINITIALIZED
                  20001888    00000130     System_Monitor_pem4f.oem4f (.data:ti_sysbios_knl_Task_Object__table__V)
                  200019b8    00000080     System_Monitor_pem4f.oem4f (.data:ti_sysbios_knl_Swi_Module_State_0_readyQ__A)
                  20001a38    00000080     System_Monitor_pem4f.oem4f (.data:ti_sysbios_knl_Task_Module_State_0_readyQ__A)
                  20001ab8    00000044     System_Monitor_pem4f.oem4f (.data:ti_sysbios_knl_Task_Module__state__V)
                  20001afc    00000040     System_Monitor_pem4f.oem4f (.data:ti_sysbios_family_arm_lm4_Timer_Object__table__V)
                  20001b3c    00000038     System_Monitor_pem4f.oem4f (.data:ti_sysbios_gates_GateMutex_Object__table__V)
                  20001b74    00000034     System_Monitor_pem4f.oem4f (.data:ti_sysbios_family_arm_m3_Hwi_Module__state__V)
                  20001ba8    00000030     System_Monitor_pem4f.oem4f (.data:ti_sysbios_family_arm_lm4_Timer_Module_State_0_device__A)
                  20001bd8    00000030     System_Monitor_pem4f.oem4f (.data:ti_sysbios_knl_Swi_Object__table__V)
                  20001c08    0000002c     System_Monitor_pem4f.oem4f (.data:ti_sysbios_knl_Clock_Module__state__V)
                  20001c34    00000024     System_Monitor_pem4f.oem4f (.data:ti_sysbios_BIOS_Module__state__V)
                  20001c58    00000020     System_Monitor_pem4f.oem4f (.data:ti_sysbios_knl_Clock_Object__table__V)
                  20001c78    0000001c     System_Monitor_pem4f.oem4f (.data:ti_sysbios_knl_Swi_Module__state__V)
                  20001c94    00000018     System_Monitor_pem4f.oem4f (.data:ti_sysbios_family_arm_lm4_Timer_Module_State_0_handles__A)
                  20001cac    00000018     System_Monitor_pem4f.oem4f (.data:ti_sysbios_family_arm_m3_Hwi_Object__table__V)
                  20001cc4    00000018     System_Monitor_pem4f.oem4f (.data:ti_sysbios_heaps_HeapMem_Object__table__V)
                  20001cdc    00000014     EK_TM4C123GXL.obj (.data:gpioPinConfigs)
                  20001cf0    0000000c     System_Monitor_pem4f.oem4f (.data:ti_sysbios_family_arm_lm4_Timer_Module__state__V)
                  20001cfc    0000000c     System_Monitor_pem4f.oem4f (.data:ti_sysbios_knl_Event_Object__table__V)
                  20001d08    0000000c     System_Monitor_pem4f.oem4f (.data:xdc_runtime_SysMin_Module__state__V)
                  20001d14    00000008     rtsv7M4_T_le_v4SPD16_eabi.lib : _lock.c.obj (.data:$O1$$)
                  20001d1c    00000008     EK_TM4C123GXL.obj (.data:gpioCallbackFunctions)
                  20001d24    00000008     System_Monitor_pem4f.oem4f (.data:ti_sysbios_family_arm_m3_Hwi_Module__root__V)
                  20001d2c    00000008     System_Monitor_pem4f.oem4f (.data:ti_sysbios_gates_GateHwi_Module__root__V)
                  20001d34    00000008     System_Monitor_pem4f.oem4f (.data:ti_sysbios_gates_GateMutex_Module__root__V)
                  20001d3c    00000008     System_Monitor_pem4f.oem4f (.data:ti_sysbios_heaps_HeapMem_Module__root__V)
                  20001d44    00000008     System_Monitor_pem4f.oem4f (.data:ti_sysbios_knl_Queue_Module__root__V)
                  20001d4c    00000008     System_Monitor_pem4f.oem4f (.data:ti_sysbios_knl_Semaphore_Module__root__V)
                  20001d54    00000008     System_Monitor_pem4f.oem4f (.data:xdc_runtime_Registry_Module__state__V)
                  20001d5c    00000008     System_Monitor_pem4f.oem4f (.data:xdc_runtime_Startup_Module__state__V)
                  20001d64    00000008     System_Monitor_pem4f.oem4f (.data:xdc_runtime_System_Module_State_0_atexitHandlers__A)
                  20001d6c    00000008     System_Monitor_pem4f.oem4f (.data:xdc_runtime_System_Module__state__V)
                  20001d74    00000005     drivers_tivaware.aem4f : GPIOTiva.oem4f (.data)
                  20001d79    00000001     --HOLE--
                  20001d7a    00000002     System_Monitor_pem4f.oem4f (.data:ti_sysbios_family_arm_m3_Hwi_Module_State_0_excActive__A)
                  20001d7c    00000004     drivers_tivaware.aem4f : Watchdog.oem4f (.data)
                  20001d80    00000004     rtsv7M4_T_le_v4SPD16_eabi.lib : stkdepth_vars.c.obj (.data)
                  20001d84    00000004     System_Monitor_pem4f.oem4f (.data:ti_sysbios_family_arm_m3_Hwi_Module_State_0_excContext__A)
                  20001d88    00000004     System_Monitor_pem4f.oem4f (.data:ti_sysbios_family_arm_m3_Hwi_Module_State_0_excStack__A)
                  20001d8c    00000004     System_Monitor_pem4f.oem4f (.data:ti_sysbios_gates_GateHwi_Object__table__V)
                  20001d90    00000004     System_Monitor_pem4f.oem4f (.data:ti_sysbios_knl_Task_Module_State_0_idleTask__A)
                  20001d94    00000004     System_Monitor_pem4f.oem4f (.data:xdc_runtime_Memory_Module__state__V)
                  20001d98    00000002     System_Monitor_pem4f.oem4f (.data:xdc_runtime_Error_Module__state__V)

.stack     0    20001da0    00000300     UNINITIALIZED
                  20001da0    00000300     --HOLE--

.bootVecs 
*          0    00000000    00000008     DSECT
                  00000000    00000008     boot.aem4f : boot.oem4f (.bootVecs)

.vecs      0    20000000    00000360     UNINITIALIZED
                  20000000    00000360     System_Monitor_pem4f.oem4f (.vecs)

xdc.meta   0    00000000    000000f6     COPY SECTION
                  00000000    000000f6     System_Monitor_pem4f.oem4f (xdc.meta)

MODULE SUMMARY

       Module                       code    ro data   rw data
       ------                       ----    -------   -------
    .\
       EK_TM4C123GXL.obj            128     60        60     
       sysmonitor.obj               206     0         4      
       main.obj                     164     0         0      
    +--+----------------------------+-------+---------+---------+
       Total:                       498     60        64     
                                                             
    C:\Users\ArieZaleski\projects\ti_rtos\System_Monitor\Debug\configPkg\package\cfg\
       System_Monitor_pem4f.oem4f   1646    7732      7048   
    +--+----------------------------+-------+---------+---------+
       Total:                       1646    7732      7048   
                                                             
    C:/ti/tirtos_tivac_2_16_00_08/products/TivaWare_C_Series-2.1.1.71b/driverlib/ccs/Debug/driverlib.lib
       gpio.obj                     482     0         0      
       watchdog.obj                 88      0         0      
       sysctl.obj                   52      0         0      
    +--+----------------------------+-------+---------+---------+
       Total:                       622     0         0      
                                                             
    C:/ti/tirtos_tivac_2_16_00_08/products/tidrivers_tivac_2_16_00_08/packages/ti/drivers/lib/drivers_tivaware.aem4f
       GPIOTiva.oem4f               764     156       153    
       WatchdogTiva.oem4f           206     24        0      
       Watchdog.oem4f               130     12        4      
    +--+----------------------------+-------+---------+---------+
       Total:                       1100    192       157    
                                                             
    C:\Users\ArieZaleski\projects\ti_rtos\System_Monitor\src\sysbios\sysbios.aem4f
       BIOS.obj                     8814    0         0      
       m3_Hwi_asm.obj               314     0         0      
       m3_TaskSupport_asm.obj       180     0         0      
       m3_Hwi_asm_switch.obj        118     0         0      
    +--+----------------------------+-------+---------+---------+
       Total:                       9426    0         0      
                                                             
    C:\ti\ccsv8\tools\compiler\ti-cgt-arm_18.1.1.LTS\lib\rtsv7M4_T_le_v4SPD16_eabi.lib
       trgmsg.c.obj                 108     0         288    
       memcpy_t2.asm.obj            156     0         0      
       memset_t2.asm.obj            122     0         0      
       copy_decompress_lzss.c.obj   104     0         0      
       hostwrite.c.obj              88      0         0      
       cpy_tbl.c.obj                76      0         0      
       u_divt2.asm.obj              64      0         0      
       _lock.c.obj                  26      0         8      
       args_main.c.obj              24      0         0      
       strlen.c.obj                 20      0         0      
       copy_decompress_none.c.obj   14      0         0      
       copy_zero_init.c.obj         12      0         0      
       hostopen.c.obj               0       0         8      
       exit.c.obj                   4       0         0      
       stkdepth_vars.c.obj          0       0         4      
       div0.asm.obj                 2       0         0      
    +--+----------------------------+-------+---------+---------+
       Total:                       820     0         308    
                                                             
    C:\ti\tirtos_tivac_2_16_00_08\products\bios_6_45_01_29\packages\ti\catalog\arm\cortexm4\tiva\ce\lib\Boot.aem4f
       Boot_sysctl.oem4f            262     0         0      
       Boot.oem4f                   152     0         0      
    +--+----------------------------+-------+---------+---------+
       Total:                       414     0         0      
                                                             
    C:\ti\tirtos_tivac_2_16_00_08\products\bios_6_45_01_29\packages\ti\targets\arm\rtsarm\lib\auto_init.aem4f
       auto_init.oem4f              160     0         0      
    +--+----------------------------+-------+---------+---------+
       Total:                       160     0         0      
                                                             
    C:\ti\tirtos_tivac_2_16_00_08\products\bios_6_45_01_29\packages\ti\targets\arm\rtsarm\lib\boot.aem4f
       boot.oem4f                   88      0         0      
    +--+----------------------------+-------+---------+---------+
       Total:                       88      0         0      
                                                             
    C:\ti\tirtos_tivac_2_16_00_08\products\bios_6_45_01_29\packages\ti\targets\arm\rtsarm\lib\ti.targets.arm.rtsarm.aem4f
       System.oem4f                 1255    0         0      
       Text.oem4f                   672     0         0      
       Error.oem4f                  524     0         0      
       Core-mem.oem4f               358     0         0      
       Startup.oem4f                328     0         0      
       SysMin.oem4f                 248     0         0      
       Core-smem.oem4f              204     0         0      
       Memory.oem4f                 176     0         0      
       Assert.oem4f                 84      0         0      
       Core-params.oem4f            70      0         0      
       Core-label.oem4f             52      0         0      
       Registry.oem4f               32      0         0      
       Gate.oem4f                   28      0         0      
    +--+----------------------------+-------+---------+---------+
       Total:                       4031    0         0      
                                                             
       Stack:                       0       0         768    
       Linker Generated:            0       587       0      
    +--+----------------------------+-------+---------+---------+
       Grand Total:                 18805   8571      8345   


LINKER GENERATED COPY TABLES

__TI_cinit_table @ 00006b98 records: 3, size/record: 8, table size: 24
	.data: load addr=00006960, load size=00000217 bytes, run addr=20001888, run size=00000512 bytes, compression=lzss
	.bss: load addr=00006b88, load size=00000008 bytes, run addr=20000360, run size=00001528 bytes, compression=zero_init
	.vecs: load addr=00006b90, load size=00000008 bytes, run addr=20000000, run size=00000360 bytes, compression=zero_init


LINKER GENERATED HANDLER TABLE

__TI_handler_table @ 00006b78 records: 3, size/record: 4, table size: 12
	index: 0, handler: __TI_decompress_lzss
	index: 1, handler: __TI_decompress_none
	index: 2, handler: __TI_zero_init


GLOBAL SYMBOLS: SORTED ALPHABETICALLY BY Name 

address   name                                                              
-------   ----                                                              
000009bd  C$$EXIT                                                           
0000397b  C$$IO$$                                                           
00003c4d  EK_TM4C123GXL_initGPIO                                            
00003759  EK_TM4C123GXL_initGeneral                                         
00004745  EK_TM4C123GXL_initWatchdog                                        
00003fa1  GPIODirModeSet                                                    
000049e1  GPIOIntClear                                                      
00004839  GPIOIntStatus                                                     
00003029  GPIOIntTypeSet                                                    
00001091  GPIOPadConfigSet                                                  
000049e7  GPIOPinRead                                                       
0000470d  GPIOPinTypeGPIOInput                                              
000049ed  GPIOPinWrite                                                      
0000678c  GPIOTiva_config                                                   
00002a95  GPIO_hwiIntFxn                                                    
0000239d  GPIO_init                                                         
00003181  GPIO_setCallback                                                  
00000df5  GPIO_setConfig                                                    
000031d1  GPIO_toggle                                                       
00002f21  HOSTwrite                                                         
UNDEFED   SHT$$INIT_ARRAY$$Base                                             
UNDEFED   SHT$$INIT_ARRAY$$Limit                                            
00003aa1  SysCtlPeripheralEnable                                            
00004961  WatchdogEnable                                                    
000049f3  WatchdogIntClear                                                  
000049a7  WatchdogLock                                                      
000007bd  WatchdogReloadSet                                                 
0000496b  WatchdogResetDisable                                              
00004975  WatchdogResetEnable                                               
00004847  WatchdogStallDisable                                              
00004855  WatchdogStallEnable                                               
000049af  WatchdogTiva_clear                                                
000020a3  WatchdogTiva_close                                                
000049f9  WatchdogTiva_control                                              
0000672c  WatchdogTiva_fxnTable                                             
000049b7  WatchdogTiva_init                                                 
00002009  WatchdogTiva_open                                                 
000043af  WatchdogTiva_setReload                                            
0000489d  WatchdogUnlock                                                    
00004755  Watchdog_Params_init                                              
0000497f  Watchdog_clear                                                    
00006714  Watchdog_config                                                   
000067e8  Watchdog_defaultParams                                            
00003915  Watchdog_init                                                     
00003c7d  Watchdog_open                                                     
00000000  __ASM__                                                           
200016a8  __CIOBUF_                                                         
00000074  __ISA__                                                           
00000087  __PLAT__                                                          
200020a0  __STACK_END                                                       
00000300  __STACK_SIZE                                                      
000000a8  __TARG__                                                          
00006b98  __TI_CINIT_Base                                                   
00006bb0  __TI_CINIT_Limit                                                  
00006b78  __TI_Handler_Table_Base                                           
00006b84  __TI_Handler_Table_Limit                                          
00001e2d  __TI_auto_init                                                    
0000295d  __TI_decompress_lzss                                              
00004863  __TI_decompress_none                                              
ffffffff  __TI_pprof_out_hndl                                               
ffffffff  __TI_prof_data_size                                               
ffffffff  __TI_prof_data_start                                              
00003ad5  __TI_readmsg                                                      
00006960  __TI_static_base__                                                
0000394d  __TI_writemsg                                                     
000048c1  __TI_zero_init                                                    
000000ce  __TRDR__                                                          
000026c7  __aeabi_idiv0                                                     
000026c7  __aeabi_ldiv0                                                     
0000264d  __aeabi_memclr                                                    
0000264d  __aeabi_memclr4                                                   
0000264d  __aeabi_memclr8                                                   
00001f6d  __aeabi_memcpy                                                    
00001f6d  __aeabi_memcpy4                                                   
00001f6d  __aeabi_memcpy8                                                   
0000264f  __aeabi_memset                                                    
0000264f  __aeabi_memset4                                                   
0000264f  __aeabi_memset8                                                   
00003799  __aeabi_uidiv                                                     
00003799  __aeabi_uidivmod                                                  
ffffffff  __binit__                                                         
ffffffff  __c_args__                                                        
20001da0  __stack                                                           
0000459d  _args_main                                                        
00002ec9  _c_int00                                                          
20001d14  _lock                                                             
0000213f  _nop                                                              
000048a9  _register_lock                                                    
000048b5  _register_unlock                                                  
20001d18  _unlock                                                           
000009bd  abort                                                             
ffffffff  binit                                                             
00003311  copy_in                                                           
20001d1c  gpioCallbackFunctions                                             
20001cdc  gpioPinConfigs                                                    
00003985  main                                                              
20001d80  main_func_sp                                                      
00001f6d  memcpy                                                            
00002655  memset                                                            
000047d9  osi_TaskDisable                                                   
00004779  osi_start                                                         
20001878  parmbuf                                                           
000046a7  strlen                                                            
000067a0  sysmonitor_Clock_handle                                           
000067a4  sysmonitor_Event_mask_1                                           
000029c5  sysmonitor_clockHandle                                            
000049bf  sysmonitor_init                                                   
000067a8  task0                                                             
0000406d  task0_fxn                                                         
000067ac  task1                                                             
00004091  task1_fxn                                                         
000067b0  task2                                                             
000040b5  task2_fxn                                                         
00006814  ti_catalog_arm_cortexm4_tiva_ce_Boot_A_mustUseEnhancedClockMode__C
00006818  ti_catalog_arm_cortexm4_tiva_ce_Boot_Module__diagsEnabled__C      
0000681c  ti_catalog_arm_cortexm4_tiva_ce_Boot_Module__diagsIncluded__C     
00006820  ti_catalog_arm_cortexm4_tiva_ce_Boot_Module__diagsMask__C         
00006944  ti_catalog_arm_cortexm4_tiva_ce_Boot_Module__id__C                
00004891  ti_catalog_arm_cortexm4_tiva_ce_Boot_init__I                      
000013e1  ti_catalog_arm_cortexm4_tiva_ce_Boot_sysCtlClockSetI__I           
00002141  ti_catalog_arm_cortexm4_tiva_ce_Boot_sysCtlClockSet__E            
000049ff  ti_catalog_arm_cortexm4_tiva_ce_Boot_sysCtlDelayI__I              
20001c34  ti_sysbios_BIOS_Module__state__V                                  
00004501  ti_sysbios_BIOS_RtsGateProxy_Handle__label__S                     
00004169  ti_sysbios_BIOS_RtsGateProxy_Object__delete__S                    
00000b35  ti_sysbios_BIOS_RtsGateProxy_enter__E                             
00000c9d  ti_sysbios_BIOS_RtsGateProxy_leave__E                             
00004a49  ti_sysbios_BIOS_RtsGateProxy_query__E                             
00003cad  ti_sysbios_BIOS_atExitFunc__I                                     
000040d9  ti_sysbios_BIOS_errorRaiseHook__I                                 
00004691  ti_sysbios_BIOS_exitFunc__I                                       
00002817  ti_sysbios_BIOS_nullFunc__I                                       
000040fd  ti_sysbios_BIOS_registerRTSLock__I                                
00004121  ti_sysbios_BIOS_removeRTSLock__I                                  
0000426d  ti_sysbios_BIOS_rtsLock__I                                        
000045b5  ti_sysbios_BIOS_rtsUnlock__I                                      
00004769  ti_sysbios_BIOS_setThreadType__E                                  
00004145  ti_sysbios_BIOS_startFunc__I                                      
00004779  ti_sysbios_BIOS_start__E                                          
20001ba8  ti_sysbios_family_arm_lm4_Timer_Module_State_0_device__A          
20001c94  ti_sysbios_family_arm_lm4_Timer_Module_State_0_handles__A         
000045cd  ti_sysbios_family_arm_lm4_Timer_Module__startupDone__F            
000045cd  ti_sysbios_family_arm_lm4_Timer_Module__startupDone__S            
20001cf0  ti_sysbios_family_arm_lm4_Timer_Module__state__V                  
00002af9  ti_sysbios_family_arm_lm4_Timer_Module_startup__E                 
20001afc  ti_sysbios_family_arm_lm4_Timer_Object__table__V                  
00006824  ti_sysbios_family_arm_lm4_Timer_enableFunc__C                     
00003451  ti_sysbios_family_arm_lm4_Timer_enableTimers__I                   
00001d81  ti_sysbios_family_arm_lm4_Timer_enableTiva__I                     
000048d1  ti_sysbios_family_arm_lm4_Timer_getMaxTicks__E                    
000030d9  ti_sysbios_family_arm_lm4_Timer_initDevice__I                     
000035b9  ti_sysbios_family_arm_lm4_Timer_isrStub__E                        
000049c7  ti_sysbios_family_arm_lm4_Timer_masterDisable__I                  
00000f45  ti_sysbios_family_arm_lm4_Timer_masterEnable__I                   
00006828  ti_sysbios_family_arm_lm4_Timer_numTimerDevices__C                
000012d9  ti_sysbios_family_arm_lm4_Timer_start__E                          
0000682c  ti_sysbios_family_arm_lm4_Timer_startupNeeded__C                  
000037d9  ti_sysbios_family_arm_lm4_Timer_startup__E                        
00003ce1  ti_sysbios_family_arm_lm4_Timer_stop__E                           
00004229  ti_sysbios_family_arm_lm4_Timer_write__I                          
00006830  ti_sysbios_family_arm_m3_Hwi_E_NMI__C                             
00006834  ti_sysbios_family_arm_m3_Hwi_E_alreadyDefined__C                  
00006838  ti_sysbios_family_arm_m3_Hwi_E_busFault__C                        
0000683c  ti_sysbios_family_arm_m3_Hwi_E_debugMon__C                        
00006840  ti_sysbios_family_arm_m3_Hwi_E_hardFault__C                       
00006844  ti_sysbios_family_arm_m3_Hwi_E_memFault__C                        
00006848  ti_sysbios_family_arm_m3_Hwi_E_noIsr__C                           
0000684c  ti_sysbios_family_arm_m3_Hwi_E_reserved__C                        
00006850  ti_sysbios_family_arm_m3_Hwi_E_svCall__C                          
00006854  ti_sysbios_family_arm_m3_Hwi_E_usageFault__C                      
000044cd  ti_sysbios_family_arm_m3_Hwi_Handle__label__S                     
00003b09  ti_sysbios_family_arm_m3_Hwi_Instance_finalize__E                 
000021d9  ti_sysbios_family_arm_m3_Hwi_Instance_init__E                     
20001d7a  ti_sysbios_family_arm_m3_Hwi_Module_State_0_excActive__A          
20001d84  ti_sysbios_family_arm_m3_Hwi_Module_State_0_excContext__A         
20001d88  ti_sysbios_family_arm_m3_Hwi_Module_State_0_excStack__A           
00006946  ti_sysbios_family_arm_m3_Hwi_Module__id__C                        
20001d24  ti_sysbios_family_arm_m3_Hwi_Module__root__V                      
000045e5  ti_sysbios_family_arm_m3_Hwi_Module__startupDone__F               
000045e5  ti_sysbios_family_arm_m3_Hwi_Module__startupDone__S               
20001b74  ti_sysbios_family_arm_m3_Hwi_Module__state__V                     
[...]
00004839  GPIOIntStatus                                                     
00004847  WatchdogStallDisable                                              
00004855  WatchdogStallEnable                                               
00004863  __TI_decompress_none                                              
00004871  ti_sysbios_knl_Idle_loop__E                                       
00004881  ti_sysbios_knl_Queue_empty__E                                     
00004891  ti_catalog_arm_cortexm4_tiva_ce_Boot_init__I                      
0000489d  WatchdogUnlock                                                    
000048a9  _register_lock                                                    
000048b5  _register_unlock                                                  
000048c1  __TI_zero_init                                                    
000048d1  ti_sysbios_family_arm_lm4_Timer_getMaxTicks__E                    
000048dd  ti_sysbios_family_arm_m3_Hwi_Params__init__S                      
000048dd  ti_sysbios_hal_Hwi_HwiProxy_Params__init__S                       
000048e9  ti_sysbios_family_arm_m3_Hwi_disableFxn__E                        
000048e9  ti_sysbios_hal_Hwi_HwiProxy_disable__E                            
000048f9  ti_sysbios_family_arm_m3_TaskSupport_checkStack__E                
000048f9  ti_sysbios_knl_Task_SupportProxy_checkStack__E                    
00004909  ti_sysbios_gates_GateHwi_enter__E                                 
00004919  ti_sysbios_knl_Clock_getTicks__E                                  
00004925  ti_sysbios_knl_Queue_Object__get__S                               
00004931  xdc_runtime_Error_init__E                                         
0000493d  xdc_runtime_Gate_enterSystem__E                                   
00004949  xdc_runtime_Memory_calloc__E                                      
00004955  xdc_runtime_Memory_getMaxDefaultTypeAlign__E                      
00004961  WatchdogEnable                                                    
0000496b  WatchdogResetDisable                                              
00004975  WatchdogResetEnable                                               
0000497f  Watchdog_clear                                                    
00004989  watchdogCallback                                                  
00004993  xdc_runtime_Memory_HeapProxy_alloc__E                             
0000499d  xdc_runtime_Memory_HeapProxy_free__E                              
000049a7  WatchdogLock                                                      
000049af  WatchdogTiva_clear                                                
000049b7  WatchdogTiva_init                                                 
000049bf  sysmonitor_init                                                   
000049c7  ti_sysbios_family_arm_lm4_Timer_masterDisable__I                  
000049d1  ti_sysbios_family_arm_m3_Hwi_doSwiRestore__I                      
000049d9  ti_sysbios_family_arm_m3_Hwi_startup__E                           
000049d9  ti_sysbios_hal_Hwi_HwiProxy_startup__E                            
000049d9  ti_sysbios_hal_Hwi_startup__E                                     
000049e1  GPIOIntClear                                                      
000049e7  GPIOPinRead                                                       
000049ed  GPIOPinWrite                                                      
000049f3  WatchdogIntClear                                                  
000049f9  WatchdogTiva_control                                              
000049ff  ti_catalog_arm_cortexm4_tiva_ce_Boot_sysCtlDelayI__I              
00004a09  ti_sysbios_family_arm_m3_Hwi_doTaskRestore__I                     
00004a11  ti_sysbios_family_arm_m3_Hwi_restoreFxn__E                        
00004a11  ti_sysbios_hal_Hwi_HwiProxy_restore__E                            
00004a19  ti_sysbios_gates_GateHwi_leave__E                                 
00004a21  ti_sysbios_heaps_HeapMem_isBlocking__E                            
00004a29  ti_sysbios_knl_Queue_Instance_init__E                             
00004a31  ti_sysbios_knl_Swi_startup__E                                     
00004a37  xdc_runtime_System_Module_startup__E                              
00004a41  ti_sysbios_gates_GateHwi_query__E                                 
00004a41  xdc_runtime_Main_Module_GateProxy_query__E                        
00004a41  xdc_runtime_System_Module_GateProxy_query__E                      
00004a49  ti_sysbios_BIOS_RtsGateProxy_query__E                             
00004a49  ti_sysbios_gates_GateMutex_query__E                               
00004a49  ti_sysbios_heaps_HeapMem_Module_GateProxy_query__E                
00004a51  ti_sysbios_knl_Event_getPostedEvents__E                           
00004a59  ti_sysbios_knl_Task_startup__E                                    
00004a61  ti_sysbios_gates_GateHwi_Instance_init__E                         
00004a69  ti_sysbios_knl_Clock_logTick__E                                   
00004a6c  xdc_runtime_Text_charTab__A                                       
000063a3  xdc_runtime_Error_policy__C                                       
000063a4  xdc_runtime_Text_nodeTab__A                                       
0000654c  ti_sysbios_family_arm_m3_Hwi_Object__PARAMS__C                    
0000657c  ti_sysbios_heaps_HeapMem_Module__FXNS__C                          
000065a4  ti_sysbios_gates_GateHwi_Module__FXNS__C                          
000065c8  ti_sysbios_gates_GateMutex_Module__FXNS__C                        
000065ec  ti_sysbios_heaps_HeapMem_Object__PARAMS__C                        
00006610  ti_sysbios_knl_Semaphore_Object__PARAMS__C                        
00006634  ti_sysbios_family_arm_m3_Hwi_Object__DESC__C                      
00006654  ti_sysbios_gates_GateHwi_Object__DESC__C                          
00006674  ti_sysbios_gates_GateMutex_Object__DESC__C                        
00006694  ti_sysbios_heaps_HeapMem_Object__DESC__C                          
000066b4  ti_sysbios_knl_Queue_Object__DESC__C                              
000066d4  ti_sysbios_knl_Semaphore_Object__DESC__C                          
000066f4  xdc_runtime_Startup_sfxnTab__A                                    
00006714  Watchdog_config                                                   
0000672c  WatchdogTiva_fxnTable                                             
00006744  ti_sysbios_gates_GateHwi_Object__PARAMS__C                        
0000675c  ti_sysbios_gates_GateMutex_Object__PARAMS__C                      
00006774  ti_sysbios_knl_Queue_Object__PARAMS__C                            
0000678c  GPIOTiva_config                                                   
000067a0  sysmonitor_Clock_handle                                           
000067a4  sysmonitor_Event_mask_1                                           
000067a8  task0                                                             
000067ac  task1                                                             
000067b0  task2                                                             
000067b4  xdc_runtime_Startup_firstFxns__A                                  
000067c8  watchdogTivaHWAttrs                                               
000067d8  xdc_runtime_Startup_sfxnRts__A                                    
000067e8  Watchdog_defaultParams                                            
000067f4  ti_sysbios_family_arm_m3_Hwi_excHookFuncs__A                      
000067fc  ti_sysbios_knl_Idle_funcList__C                                   
00006804  xdc_runtime_Startup_firstFxns__C                                  
0000680c  xdc_runtime_Startup_lastFxns__C                                   
00006814  ti_catalog_arm_cortexm4_tiva_ce_Boot_A_mustUseEnhancedClockMode__C
00006818  ti_catalog_arm_cortexm4_tiva_ce_Boot_Module__diagsEnabled__C      
0000681c  ti_catalog_arm_cortexm4_tiva_ce_Boot_Module__diagsIncluded__C     
00006820  ti_catalog_arm_cortexm4_tiva_ce_Boot_Module__diagsMask__C         
00006824  ti_sysbios_family_arm_lm4_Timer_enableFunc__C                     
00006828  ti_sysbios_family_arm_lm4_Timer_numTimerDevices__C                
0000682c  ti_sysbios_family_arm_lm4_Timer_startupNeeded__C                  
00006830  ti_sysbios_family_arm_m3_Hwi_E_NMI__C                             
00006834  ti_sysbios_family_arm_m3_Hwi_E_alreadyDefined__C                  
00006838  ti_sysbios_family_arm_m3_Hwi_E_busFault__C                        
0000683c  ti_sysbios_family_arm_m3_Hwi_E_debugMon__C                        
00006840  ti_sysbios_family_arm_m3_Hwi_E_hardFault__C                       
00006844  ti_sysbios_family_arm_m3_Hwi_E_memFault__C                        
00006848  ti_sysbios_family_arm_m3_Hwi_E_noIsr__C                           
0000684c  ti_sysbios_family_arm_m3_Hwi_E_reserved__C                        
00006850  ti_sysbios_family_arm_m3_Hwi_E_svCall__C                          
00006854  ti_sysbios_family_arm_m3_Hwi_E_usageFault__C                      
00006858  ti_sysbios_family_arm_m3_Hwi_NUM_INTERRUPTS__C                    
0000685c  ti_sysbios_family_arm_m3_Hwi_Object__count__C                     
00006860  ti_sysbios_family_arm_m3_Hwi_ccr__C                               
00006864  ti_sysbios_family_arm_m3_Hwi_excHandlerFunc__C                    
00006868  ti_sysbios_family_arm_m3_Hwi_excHookFuncs__C                      
0000686c  ti_sysbios_family_arm_m3_Hwi_nullIsrFunc__C                       
00006870  ti_sysbios_family_arm_m3_Hwi_priGroup__C                          
00006874  ti_sysbios_gates_GateMutex_Instance_State_sem__O                  
00006878  ti_sysbios_hal_Hwi_E_stackOverflow__C                             
0000687c  ti_sysbios_heaps_HeapMem_E_memory__C                              
00006880  ti_sysbios_heaps_HeapMem_Module__gateObj__C                       
00006884  ti_sysbios_heaps_HeapMem_Object__count__C                         
00006888  ti_sysbios_heaps_HeapMem_reqAlign__C                              
0000688c  ti_sysbios_knl_Clock_Module_State_clockQ__O                       
00006890  ti_sysbios_knl_Event_Instance_State_pendQ__O                      
00006894  ti_sysbios_knl_Idle_funcList__A                                   
00006898  ti_sysbios_knl_Semaphore_Instance_State_pendQ__O                  
0000689c  ti_sysbios_knl_Swi_Object__count__C                               
000068a0  ti_sysbios_knl_Task_E_spOutOfBounds__C                            
000068a4  ti_sysbios_knl_Task_E_stackOverflow__C                            
000068a8  ti_sysbios_knl_Task_Module_State_inactiveQ__O                     
000068ac  ti_sysbios_knl_Task_Object__count__C                              
000068b0  ti_sysbios_knl_Task_allBlockedFunc__C                             
000068b4  ti_sysbios_knl_Task_numConstructedTasks__C                        
000068b8  xdc_runtime_Assert_E_assertFailed__C                              
000068bc  xdc_runtime_Core_A_initializedParams__C                           
000068c0  xdc_runtime_Core_Module__diagsEnabled__C                          
000068c4  xdc_runtime_Core_Module__diagsIncluded__C                         
000068c8  xdc_runtime_Core_Module__diagsMask__C                             
000068cc  xdc_runtime_Error_E_memory__C                                     
000068d0  xdc_runtime_Error_Module__diagsEnabled__C                         
000068d4  xdc_runtime_Error_Module__diagsIncluded__C                        
000068d8  xdc_runtime_Error_Module__diagsMask__C                            
000068dc  xdc_runtime_Error_Module__loggerFxn8__C                           
000068e0  xdc_runtime_Error_Module__loggerObj__C                            
000068e4  xdc_runtime_Error_policyFxn__C                                    
000068e8  xdc_runtime_Error_raiseHook__C                                    
000068ec  xdc_runtime_IGateProvider_Interface__BASE__C                      
000068f0  xdc_runtime_IHeap_Interface__BASE__C                              
000068f4  xdc_runtime_IModule_Interface__BASE__C                            
000068f8  xdc_runtime_Log_L_error__C                                        
000068fc  xdc_runtime_Memory_defaultHeapInstance__C                         
00006900  xdc_runtime_Startup_execImpl__C                                   
00006904  xdc_runtime_Startup_maxPasses__C                                  
00006908  xdc_runtime_Startup_sfxnRts__C                                    
0000690c  xdc_runtime_Startup_sfxnTab__C                                    
00006910  xdc_runtime_SysMin_bufSize__C                                     
00006914  xdc_runtime_SysMin_outputFunc__C                                  
00006918  xdc_runtime_System_Module__gateObj__C                             
0000691c  xdc_runtime_System_abortFxn__C                                    
00006920  xdc_runtime_System_exitFxn__C                                     
00006924  xdc_runtime_System_extendFxn__C                                   
00006928  xdc_runtime_System_maxAtexitHandlers__C                           
0000692c  xdc_runtime_Text_charTab__C                                       
00006930  xdc_runtime_Text_nameEmpty__C                                     
00006934  xdc_runtime_Text_nameStatic__C                                    
00006938  xdc_runtime_Text_nameUnknown__C                                   
0000693c  xdc_runtime_Text_nodeTab__C                                       
00006940  xdc_runtime_Text_visitRopeFxn__C                                  
00006944  ti_catalog_arm_cortexm4_tiva_ce_Boot_Module__id__C                
00006946  ti_sysbios_family_arm_m3_Hwi_Module__id__C                        
00006948  ti_sysbios_hal_Hwi_Module__id__C                                  
0000694a  ti_sysbios_heaps_HeapMem_Module__id__C                            
0000694c  ti_sysbios_knl_Task_Module__id__C                                 
0000694e  xdc_runtime_Core_Module__id__C                                    
00006950  xdc_runtime_Error_Module__loggerDefined__C                        
00006952  xdc_runtime_Error_maxDepth__C                                     
00006954  xdc_runtime_Memory_Module__id__C                                  
00006956  xdc_runtime_SysMin_flushAtExit__C                                 
00006958  xdc_runtime_Text_charCnt__C                                       
0000695a  xdc_runtime_Text_isLoaded__C                                      
0000695c  xdc_runtime_Text_registryModsLastId__C                            
0000695e  xdc_runtime_Text_unnamedModsLastId__C                             
00006960  __TI_static_base__                                                
00006b78  __TI_Handler_Table_Base                                           
00006b84  __TI_Handler_Table_Limit                                          
00006b98  __TI_CINIT_Base                                                   
00006bb0  __TI_CINIT_Limit                                                  
20000000  ti_sysbios_family_arm_m3_Hwi_ramVectors                           
20000360  ti_sysbios_knl_Task_Instance_State_0_stack__A                     
20000560  ti_sysbios_knl_Task_Instance_State_1_stack__A                     
20000760  ti_sysbios_knl_Task_Instance_State_2_stack__A                     
20000960  ti_sysbios_knl_Task_Instance_State_3_stack__A                     
20000b60  ti_sysbios_heaps_HeapMem_Instance_State_0_buf__A                  
20000f60  xdc_runtime_SysMin_Module_State_0_outbuf__A                       
20001348  ti_sysbios_family_arm_m3_Hwi_dispatchTable                        
200016a8  __CIOBUF_                                                         
20001858  watchdogTivaObjects                                               
20001878  parmbuf                                                           
20001884  watchdogHandle                                                    
20001888  ti_sysbios_knl_Task_Object__table__V                              
200019b8  ti_sysbios_knl_Swi_Module_State_0_readyQ__A                       
20001a38  ti_sysbios_knl_Task_Module_State_0_readyQ__A                      
20001ab8  ti_sysbios_knl_Task_Module__state__V                              
20001afc  ti_sysbios_family_arm_lm4_Timer_Object__table__V                  
20001b3c  ti_sysbios_gates_GateMutex_Object__table__V                       
20001b74  ti_sysbios_family_arm_m3_Hwi_Module__state__V                     
20001ba8  ti_sysbios_family_arm_lm4_Timer_Module_State_0_device__A          
20001bd8  ti_sysbios_knl_Swi_Object__table__V                               
20001c08  ti_sysbios_knl_Clock_Module__state__V                             
20001c34  ti_sysbios_BIOS_Module__state__V                                  
20001c58  ti_sysbios_knl_Clock_Object__table__V                             
20001c78  ti_sysbios_knl_Swi_Module__state__V                               
20001c94  ti_sysbios_family_arm_lm4_Timer_Module_State_0_handles__A         
20001cac  ti_sysbios_family_arm_m3_Hwi_Object__table__V                     
20001cc4  ti_sysbios_heaps_HeapMem_Object__table__V                         
20001cdc  gpioPinConfigs                                                    
20001cf0  ti_sysbios_family_arm_lm4_Timer_Module__state__V                  
20001cfc  ti_sysbios_knl_Event_Object__table__V                             
20001d08  xdc_runtime_SysMin_Module__state__V                               
20001d14  _lock                                                             
20001d18  _unlock                                                           
20001d1c  gpioCallbackFunctions                                             
20001d24  ti_sysbios_family_arm_m3_Hwi_Module__root__V                      
20001d2c  ti_sysbios_gates_GateHwi_Module__root__V                          
20001d34  ti_sysbios_gates_GateMutex_Module__root__V                        
20001d3c  ti_sysbios_heaps_HeapMem_Module__root__V                          
20001d44  ti_sysbios_knl_Queue_Module__root__V                              
20001d4c  ti_sysbios_knl_Semaphore_Module__root__V                          
20001d54  xdc_runtime_Registry_Module__state__V                             
20001d5c  xdc_runtime_Startup_Module__state__V                              
20001d64  xdc_runtime_System_Module_State_0_atexitHandlers__A               
20001d6c  xdc_runtime_System_Module__state__V                               
20001d7a  ti_sysbios_family_arm_m3_Hwi_Module_State_0_excActive__A          
20001d80  main_func_sp                                                      
20001d84  ti_sysbios_family_arm_m3_Hwi_Module_State_0_excContext__A         
20001d88  ti_sysbios_family_arm_m3_Hwi_Module_State_0_excStack__A           
20001d8c  ti_sysbios_gates_GateHwi_Object__table__V                         
20001d90  ti_sysbios_knl_Task_Module_State_0_idleTask__A                    
20001d94  xdc_runtime_Memory_Module__state__V                               
20001d98  xdc_runtime_Error_Module__state__V                                
20001da0  __stack                                                           
200020a0  __STACK_END                                                       
e000e000  ti_sysbios_family_arm_m3_Hwi_nvic                                 
ffffffff  __TI_pprof_out_hndl                                               
ffffffff  __TI_prof_data_size                                               
ffffffff  __TI_prof_data_start                                              
ffffffff  __binit__                                                         
ffffffff  __c_args__                                                        
ffffffff  binit                                                             
UNDEFED   SHT$$INIT_ARRAY$$Base                                             
UNDEFED   SHT$$INIT_ARRAY$$Limit                                            

[546 symbols]
