******************************************************************************
                  TI ARM Linker PC v18.1.1                     
******************************************************************************
>> Linked Wed Feb 19 14:00:17 2020

OUTPUT FILE NAME:   <Task_Thread_DYNAMIC.out>
ENTRY POINT SYMBOL: "_c_int00"  address: 00003c39


MEMORY CONFIGURATION

         name            origin    length      used     unused   attr    fill
----------------------  --------  ---------  --------  --------  ----  --------
  FLASH                 00000000   00040000  00007478  00038b88  R  X
  SRAM                  20000000   00008000  00001602  000069fe  RW X


SEGMENT ALLOCATION MAP

run origin  load origin   length   init length attrs members
----------  ----------- ---------- ----------- ----- -------
00000000    00000000    00007480   00007480    r-x
  00000000    00000000    0000003c   0000003c    r-- .resetVecs
  00000040    00000040    000053aa   000053aa    r-x .text
  000053ec    000053ec    00001e8a   00001e8a    r-- .const
  00007278    00007278    00000208   00000208    r-- .cinit
20000000    20000000    00001608   00000000    rw-
  20000000    20000000    00000360   00000000    rw- .vecs
  20000360    20000360    00000b9c   00000000    rw- .bss
  20000efc    20000efc    00000406   00000000    rw- .data
  20001308    20001308    00000300   00000000    rw- .stack


SECTION ALLOCATION MAP

 output                                  attributes/
section   page    origin      length       input sections
--------  ----  ----------  ----------   ----------------
.text      0    00000040    000053aa     
                  00000040    00000430     sysbios.aem4f : BIOS.obj (.text:ti_sysbios_family_arm_m3_Hwi_excDumpRegs__I)
                  00000470    0000034c     ti.targets.arm.rtsarm.aem4f : System.oem4f (.text:xdc_runtime_System_doPrint__I)
                  000007bc    00000004     rtsv7M4_T_le_v4SPD16_eabi.lib : exit.c.obj (.text:abort:abort)
                  000007c0    000002d0     sysbios.aem4f : BIOS.obj (.text:ti_sysbios_knl_Semaphore_pend__E)
                  00000a90    0000026c                   : BIOS.obj (.text:ti_sysbios_heaps_HeapMem_free__E)
                  00000cfc    00000004     Task_Thread_DYNAMIC_pem4f.oem4f (.text:ti_sysbios_BIOS_RtsGateProxy_enter__E)
                  00000d00    00000250     sysbios.aem4f : BIOS.obj (.text:ti_sysbios_heaps_HeapMem_alloc__E)
                  00000f50    00000234                   : BIOS.obj (.text:ti_sysbios_knl_Task_Instance_finalize__E)
                  00001184    00000004     Task_Thread_DYNAMIC_pem4f.oem4f (.text:ti_sysbios_BIOS_RtsGateProxy_leave__E)
                  00001188    000001fc     sysbios.aem4f : BIOS.obj (.text:ti_sysbios_family_arm_m3_Hwi_excHandlerMax__I)
                  00001384    00000004                   : BIOS.obj (.text:ti_sysbios_family_arm_lm4_Timer_masterEnable__I)
                  00001388    000001f0                   : BIOS.obj (.text:ti_sysbios_knl_Task_sleep__E)
                  00001578    000001c0                   : BIOS.obj (.text:ti_sysbios_knl_Task_Instance_init__E)
                  00001738    00000174                   : BIOS.obj (.text:ti_sysbios_family_arm_m3_Hwi_excBusFault__I)
                  000018ac    00000004     Task_Thread_DYNAMIC_pem4f.oem4f (.text:ti_sysbios_family_arm_m3_TaskSupport_Module__startupDone__S)
                  000018b0    00000164     sysbios.aem4f : BIOS.obj (.text:ti_sysbios_family_arm_m3_Hwi_excUsageFault__I)
                  00001a14    00000150     drivers_tivaware.aem4f : GPIOTiva.oem4f (.text:GPIO_setConfig)
                  00001b64    00000004     Task_Thread_DYNAMIC_pem4f.oem4f (.text:ti_sysbios_heaps_HeapMem_Module_GateProxy_enter__E)
                  00001b68    00000148     sysbios.aem4f : BIOS.obj (.text:ti_sysbios_family_arm_m3_Hwi_excMemFault__I)
                  00001cb0    0000013c                   : BIOS.obj (.text:ti_sysbios_heaps_HeapMem_Instance_init__E)
                  00001dec    00000004     Task_Thread_DYNAMIC_pem4f.oem4f (.text:ti_sysbios_heaps_HeapMem_Module_GateProxy_leave__E)
                  00001df0    00000134     sysbios.aem4f : BIOS.obj (.text:ti_sysbios_family_arm_lm4_Timer_start__E)
                  00001f24    00000130     driverlib.lib : gpio.obj (.text:GPIOPadConfigSet)
                  00002054    00000118     ti.targets.arm.rtsarm.aem4f : Error.oem4f (.text:xdc_runtime_Error_policyDefault__E)
                  0000216c    00000100     Boot.aem4f : Boot_sysctl.oem4f (.text:ti_catalog_arm_cortexm4_tiva_ce_Boot_sysCtlClockSetI__I)
                  0000226c    00000100     ti.targets.arm.rtsarm.aem4f : Core-mem.oem4f (.text:xdc_runtime_Core_createObject__I)
                  0000236c    000000f8                                 : Startup.oem4f (.text:xdc_runtime_Startup_startMods__I)
                  00002464    000000f8     Task_Thread_DYNAMIC_pem4f.oem4f (.text:xdc_runtime_System_printfExtend__I)
                  0000255c    000000f4     sysbios.aem4f : m3_Hwi_asm.obj (.text:ti_sysbios_family_arm_m3_Hwi_dispatch__I)
                  00002650    000000ec                   : BIOS.obj (.text:ti_sysbios_knl_Semaphore_post__E)
                  0000273c    000000cc     ti.targets.arm.rtsarm.aem4f : Core-smem.oem4f (.text:xdc_runtime_Core_constructObject__I)
                  00002808    000000bc     sysbios.aem4f : BIOS.obj (.text:ti_sysbios_family_arm_m3_Hwi_excDebugMon__I)
                  000028c4    00000004     Task_Thread_DYNAMIC_pem4f.oem4f (.text:ti_sysbios_knl_Clock_TimerProxy_getMaxTicks__E)
                  000028c8    000000bc     sysbios.aem4f : BIOS.obj (.text:ti_sysbios_family_arm_m3_Hwi_excHardFault__I)
                  00002984    00000004     Task_Thread_DYNAMIC_pem4f.oem4f (.text:ti_sysbios_knl_Queue_destruct)
                  00002988    000000b4     sysbios.aem4f : BIOS.obj (.text:ti_sysbios_gates_GateMutex_enter__E)
                  00002a3c    00000004     Task_Thread_DYNAMIC_pem4f.oem4f (.text:ti_sysbios_knl_Semaphore_destruct)
                  00002a40    000000b4     sysbios.aem4f : BIOS.obj (.text:ti_sysbios_knl_Task_checkStacks__E)
                  00002af4    00000004     ti.targets.arm.rtsarm.aem4f : Error.oem4f (.text:xdc_runtime_Error_getSite__E)
                  00002af8    000000ac     sysbios.aem4f : BIOS.obj (.text:ti_sysbios_family_arm_lm4_Timer_enableTiva__I)
                  00002ba4    00000004     Task_Thread_DYNAMIC_pem4f.oem4f (.text:xdc_runtime_System_Module_GateProxy_enter__E)
                  00002ba8    000000a8     sysbios.aem4f : BIOS.obj (.text:ti_sysbios_family_arm_lm4_Timer_enableTimers__I)
                  00002c50    000000a8                   : BIOS.obj (.text:ti_sysbios_knl_Task_postInit__I)
                  00002cf8    000000a0     auto_init.aem4f : auto_init.oem4f (.text)
                  00002d98    000000a0     ti.targets.arm.rtsarm.aem4f : Text.oem4f (.text:xdc_runtime_Text_putMod__E)
                  00002e38    0000009c     rtsv7M4_T_le_v4SPD16_eabi.lib : memcpy_t2.asm.obj (.text)
                  00002ed4    00000004     Task_Thread_DYNAMIC_pem4f.oem4f (.text:xdc_runtime_System_Module_GateProxy_leave__E)
                  00002ed8    0000009c     sysbios.aem4f : BIOS.obj (.text:ti_sysbios_knl_Semaphore_Instance_init__E)
                  00002f74    0000009a     ti.targets.arm.rtsarm.aem4f : Text.oem4f (.text:xdc_runtime_Text_putSite__E)
                  0000300e    00000002     rtsv7M4_T_le_v4SPD16_eabi.lib : _lock.c.obj (.text:_nop)
                  00003010    00000098     Boot.aem4f : Boot.oem4f (.text:ti_catalog_arm_cortexm4_tiva_ce_Boot_sysCtlClockSet__E)
                  000030a8    00000094     sysbios.aem4f : BIOS.obj (.text:ti_sysbios_family_arm_m3_Hwi_Instance_init__E)
                  0000313c    00000004     ti.targets.arm.rtsarm.aem4f : System.oem4f (.text:xdc_runtime_System_aprintf_va__F)
                  00003140    00000094     sysbios.aem4f : BIOS.obj (.text:ti_sysbios_family_arm_m3_Hwi_initNVIC__E)
                  000031d4    0000008c     drivers_tivaware.aem4f : GPIOTiva.oem4f (.text:GPIO_init)
                  00003260    0000008c     sysbios.aem4f : m3_TaskSupport_asm.obj (.text:ti_sysbios_family_arm_m3_TaskSupport_buildTaskStack)
                  000032ec    00000004     ti.targets.arm.rtsarm.aem4f : System.oem4f (.text:xdc_runtime_System_printf_va__F)
                  000032f0    00000084     sysbios.aem4f : BIOS.obj (.text:ti_sysbios_family_arm_m3_Hwi_postInit__I)
                  00003374    0000007a     rtsv7M4_T_le_v4SPD16_eabi.lib : memset_t2.asm.obj (.text)
                  000033ee    00000002                                   : div0.asm.obj (.text)
                  000033f0    00000070     sysbios.aem4f : BIOS.obj (.text:ti_sysbios_knl_Clock_workFunc__E)
                  00003460    00000070                   : BIOS.obj (.text:ti_sysbios_knl_Task_exit__E)
                  000034d0    0000006d     ti.targets.arm.rtsarm.aem4f : System.oem4f (.text:xdc_runtime_System_formatNum__I)
                  0000353d    00000001     --HOLE-- [fill = 0]
                  0000353e    00000002     Task_Thread_DYNAMIC_pem4f.oem4f (.text:ti_sysbios_BIOS_nullFunc__I)
                  00003540    0000006c     sysbios.aem4f : BIOS.obj (.text:ti_sysbios_knl_Swi_restoreHwi__E)
                  000035ac    0000006c     ti.targets.arm.rtsarm.aem4f : Error.oem4f (.text:xdc_runtime_Error_print__E)
                  00003618    0000006c                                 : Memory.oem4f (.text:xdc_runtime_Memory_alloc__E)
                  00003684    00000068     rtsv7M4_T_le_v4SPD16_eabi.lib : copy_decompress_lzss.c.obj (.text:decompress:lzss:__TI_decompress_lzss)
                  000036ec    00000066     ti.targets.arm.rtsarm.aem4f : Core-mem.oem4f (.text:xdc_runtime_Core_deleteObject__I)
                  00003752    00000002     Task_Thread_DYNAMIC_pem4f.oem4f (.text:xdc_runtime_Startup_reset__I)
                  00003754    00000064     drivers_tivaware.aem4f : GPIOTiva.oem4f (.text:GPIO_hwiIntFxn)
                  000037b8    00000064     sysbios.aem4f : BIOS.obj (.text:ti_sysbios_family_arm_lm4_Timer_Module_startup__E)
                  0000381c    00000064     Task_Thread_DYNAMIC_pem4f.oem4f (.text:ti_sysbios_family_arm_m3_Hwi_create)
                  00003880    00000064     sysbios.aem4f : BIOS.obj (.text:ti_sysbios_family_arm_m3_Hwi_dispatchC__I)
                  000038e4    00000004     --HOLE-- [fill = 0]
                  000038e8    00000060                   : BIOS.obj (.text:ti_sysbios_family_arm_lm4_Timer_isrStub__E)
                  00003948    00000060                   : BIOS.obj (.text:ti_sysbios_knl_Task_schedule__I)
                  000039a8    0000005c     Task_Thread_DYNAMIC.obj (.text:main)
                  00003a04    00000004     --HOLE-- [fill = 0]
                  00003a08    0000005c     sysbios.aem4f : BIOS.obj (.text:ti_sysbios_knl_Swi_run__I)
                  00003a64    00000004     --HOLE-- [fill = 0]
                  00003a68    0000005c                   : BIOS.obj (.text:ti_sysbios_knl_Swi_schedule__I)
                  00003ac4    00000004     --HOLE-- [fill = 0]
                  00003ac8    0000005c                   : BIOS.obj (.text:ti_sysbios_knl_Task_Module_startup__E)
                  00003b24    0000005c     Task_Thread_DYNAMIC_pem4f.oem4f (.text:ti_sysbios_knl_Task_create)
                  00003b80    0000005c     sysbios.aem4f : BIOS.obj (.text:ti_sysbios_knl_Task_startCore__E)
                  00003bdc    0000005b     ti.targets.arm.rtsarm.aem4f : Text.oem4f (.text:xdc_runtime_Text_putLab__E)
                  00003c37    00000001     --HOLE-- [fill = 0]
                  00003c38    00000058     boot.aem4f : boot.oem4f (.text)
                  00003c90    00000058     rtsv7M4_T_le_v4SPD16_eabi.lib : hostwrite.c.obj (.text:HOSTwrite)
                  00003ce8    00000058     sysbios.aem4f : m3_Hwi_asm_switch.obj (.text:ti_sysbios_family_arm_m3_Hwi_initStacks__E)
                  00003d40    00000056     driverlib.lib : gpio.obj (.text:GPIOIntTypeSet)
                  00003d96    00000002     --HOLE-- [fill = 0]
                  00003d98    00000054     ti.targets.arm.rtsarm.aem4f : Assert.oem4f (.text:xdc_runtime_Assert_raise__I)
                  00003dec    00000050     drivers_tivaware.aem4f : GPIOTiva.oem4f (.text:GPIO_setCallback)
                  00003e3c    00000050                            : GPIOTiva.oem4f (.text:GPIO_toggle)
                  00003e8c    00000004     --HOLE-- [fill = 0]
                  00003e90    00000050     sysbios.aem4f : BIOS.obj (.text:ti_sysbios_family_arm_m3_Hwi_Module_startup__E)
                  00003ee0    00000050     ti.targets.arm.rtsarm.aem4f : Startup.oem4f (.text:xdc_runtime_Startup_exec__E)
                  00003f30    00000050                                 : Text.oem4f (.text:xdc_runtime_Text_visitRope2__I)
                  00003f80    0000004c     rtsv7M4_T_le_v4SPD16_eabi.lib : cpy_tbl.c.obj (.text:copy_in)
                  00003fcc    00000004     --HOLE-- [fill = 0]
                  00003fd0    0000004c     sysbios.aem4f : BIOS.obj (.text:ti_sysbios_heaps_HeapMem_getStats__E)
                  0000401c    00000004     --HOLE-- [fill = 0]
                  00004020    0000004c                   : BIOS.obj (.text:ti_sysbios_knl_Swi_runLoop__I)
                  0000406c    00000004     --HOLE-- [fill = 0]
                  00004070    0000004c                   : BIOS.obj (.text:ti_sysbios_knl_Task_allBlockedFunction__I)
                  000040bc    00000004     --HOLE-- [fill = 0]
                  000040c0    00000048                   : BIOS.obj (.text:ti_sysbios_family_arm_m3_Hwi_disableInterrupt__E)
                  00004108    00000048                   : BIOS.obj (.text:ti_sysbios_family_arm_m3_Hwi_enableInterrupt__E)
                  00004150    00000048                   : BIOS.obj (.text:ti_sysbios_family_arm_m3_Hwi_excReserved__I)
                  00004198    00000046     ti.targets.arm.rtsarm.aem4f : Core-params.oem4f (.text:xdc_runtime_Core_assignParams__I)
                  000041de    00000002     --HOLE-- [fill = 0]
                  000041e0    00000044     sysbios.aem4f : BIOS.obj (.text:ti_sysbios_family_arm_m3_Hwi_getStackInfo__E)
                  00004224    00000004     --HOLE-- [fill = 0]
                  00004228    00000044                   : BIOS.obj (.text:ti_sysbios_knl_Swi_post__E)
                  0000426c    00000044     ti.targets.arm.rtsarm.aem4f : Error.oem4f (.text:xdc_runtime_Error_setX__E)
                  000042b0    00000044                                 : SysMin.oem4f (.text:xdc_runtime_SysMin_flush__E)
                  000042f4    00000044                                 : Text.oem4f (.text:xdc_runtime_Text_xprintf__I)
                  00004338    00000040     EK_TM4C123GXL.obj (.text:EK_TM4C123GXL_initGeneral)
                  00004378    00000040     rtsv7M4_T_le_v4SPD16_eabi.lib : u_divt2.asm.obj (.text)
                  000043b8    00000040     sysbios.aem4f : BIOS.obj (.text:ti_sysbios_family_arm_lm4_Timer_startup__E)
                  000043f8    0000003c                   : BIOS.obj (.text:ti_sysbios_family_arm_m3_Hwi_excSvCall__I)
                  00004434    00000004     --HOLE-- [fill = 0]
                  00004438    0000003c                   : BIOS.obj (.text:ti_sysbios_heaps_HeapMem_init__I)
                  00004474    00000004     --HOLE-- [fill = 0]
                  00004478    0000003c                   : BIOS.obj (.text:ti_sysbios_knl_Swi_restore__E)
                  000044b4    00000038     rtsv7M4_T_le_v4SPD16_eabi.lib : trgmsg.c.obj (.text:__TI_writemsg)
                  000044ec    00000004     --HOLE-- [fill = 0]
                  000044f0    00000038     sysbios.aem4f : BIOS.obj (.text:ti_sysbios_family_arm_m3_Hwi_excNoIsr__I)
                  00004528    00000038                   : BIOS.obj (.text:ti_sysbios_knl_Task_processVitalTaskFlag__I)
                  00004560    00000038     ti.targets.arm.rtsarm.aem4f : SysMin.oem4f (.text:xdc_runtime_SysMin_putch__E)
                  00004598    00000038                                 : System.oem4f (.text:xdc_runtime_System_atexit__E)
                  000045d0    00000034     driverlib.lib : sysctl.obj (.text:SysCtlPeripheralEnable)
                  00004604    00000034     rtsv7M4_T_le_v4SPD16_eabi.lib : trgmsg.c.obj (.text:__TI_readmsg)
                  00004638    00000034     sysbios.aem4f : BIOS.obj (.text:ti_sysbios_family_arm_m3_Hwi_Instance_finalize__E)
                  0000466c    00000004     --HOLE-- [fill = 0]
                  00004670    00000034                   : BIOS.obj (.text:ti_sysbios_family_arm_m3_Hwi_excNmi__I)
                  000046a4    00000004     --HOLE-- [fill = 0]
                  000046a8    00000034                   : BIOS.obj (.text:ti_sysbios_hal_Hwi_checkStack)
                  000046dc    00000034     ti.targets.arm.rtsarm.aem4f : Core-label.oem4f (.text:xdc_runtime_Core_assignLabel__I)
                  00004710    00000033                                 : Text.oem4f (.text:xdc_runtime_Text_printVisFxn__I)
                  00004743    00000005     --HOLE-- [fill = 0]
                  00004748    00000032     sysbios.aem4f : BIOS.obj (.text:ti_sysbios_hal_Hwi_initStack)
                  0000477a    00000002     --HOLE-- [fill = 0]
                  0000477c    00000030     EK_TM4C123GXL.obj (.text:EK_TM4C123GXL_initGPIO)
                  000047ac    00000030     Task_Thread_DYNAMIC_pem4f.oem4f (.text:ti_sysbios_BIOS_atExitFunc__I)
                  000047dc    00000004     --HOLE-- [fill = 0]
                  000047e0    00000030     sysbios.aem4f : BIOS.obj (.text:ti_sysbios_family_arm_lm4_Timer_stop__E)
                  00004810    00000030                   : BIOS.obj (.text:ti_sysbios_family_arm_m3_TaskSupport_start__E)
                  00004840    00000030     Task_Thread_DYNAMIC_pem4f.oem4f (.text:ti_sysbios_gates_GateHwi_Object__create__S)
                  00004870    00000030     Task_Thread_DYNAMIC_pem4f.oem4f (.text:ti_sysbios_gates_GateMutex_Object__create__S)
                  000048a0    00000030     Task_Thread_DYNAMIC_pem4f.oem4f (.text:ti_sysbios_heaps_HeapMem_Object__create__S)
                  000048d0    00000030     Task_Thread_DYNAMIC_pem4f.oem4f (.text:ti_sysbios_knl_Semaphore_construct)
                  00004900    00000030     sysbios.aem4f : BIOS.obj (.text:ti_sysbios_knl_Semaphore_pendTimeout__I)
                  00004930    00000030                   : BIOS.obj (.text:ti_sysbios_knl_Task_unblockI__E)
                  00004960    00000030     ti.targets.arm.rtsarm.aem4f : SysMin.oem4f (.text:xdc_runtime_SysMin_abort__E)
                  00004990    00000030                                 : System.oem4f (.text:xdc_runtime_System_processAtExit__E)
                  000049c0    0000002c     Task_Thread_DYNAMIC_pem4f.oem4f (.text:ti_sysbios_knl_Clock_doTick__I)
                  000049ec    0000002c     Task_Thread_DYNAMIC_pem4f.oem4f (.text:ti_sysbios_knl_Queue_construct)
                  00004a18    0000002c     sysbios.aem4f : BIOS.obj (.text:ti_sysbios_knl_Task_restore__E)
                  00004a44    0000002c     ti.targets.arm.rtsarm.aem4f : Text.oem4f (.text:xdc_runtime_Text_cordText__E)
                  00004a70    0000002a     driverlib.lib : gpio.obj (.text:GPIODirModeSet)
                  00004a9a    0000002a     ti.targets.arm.rtsarm.aem4f : System.oem4f (.text:xdc_runtime_System_putchar__I)
                  00004ac4    00000004     --HOLE-- [fill = 0]
                  00004ac8    00000028     sysbios.aem4f : BIOS.obj (.text:ti_sysbios_knl_Swi_Module_startup__E)
                  00004af0    00000026                   : m3_Hwi_asm.obj (.text:ti_sysbios_family_arm_m3_Hwi_pendSV__I)
                  00004b16    00000026     ti.targets.arm.rtsarm.aem4f : System.oem4f (.text:xdc_runtime_System_avprintf__E)
                  00004b3c    00000024     Task_Thread_DYNAMIC_pem4f.oem4f (.text:ti_sysbios_BIOS_errorRaiseHook__I)
                  00004b60    00000024     Task_Thread_DYNAMIC_pem4f.oem4f (.text:ti_sysbios_BIOS_registerRTSLock__I)
                  00004b84    00000024     Task_Thread_DYNAMIC_pem4f.oem4f (.text:ti_sysbios_BIOS_removeRTSLock__I)
                  00004ba8    00000024     Task_Thread_DYNAMIC_pem4f.oem4f (.text:ti_sysbios_BIOS_startFunc__I)
                  00004bcc    00000024     Task_Thread_DYNAMIC_pem4f.oem4f (.text:ti_sysbios_gates_GateMutex_Object__delete__S)
                  00004bf0    00000024     sysbios.aem4f : BIOS.obj (.text:ti_sysbios_knl_Clock_Module_startup__E)
                  00004c14    00000004     --HOLE-- [fill = 0]
                  00004c18    00000024                   : BIOS.obj (.text:ti_sysbios_knl_Task_restoreHwi__E)
                  00004c3c    00000024     ti.targets.arm.rtsarm.aem4f : System.oem4f (.text:xdc_runtime_System_vprintf__E)
                  00004c60    00000022     sysbios.aem4f : BIOS.obj (.text:ti_sysbios_family_arm_lm4_Timer_write__I)
                  00004c82    00000022     Task_Thread_DYNAMIC_pem4f.oem4f (.text:xdc_runtime_SysMin_output__I)
                  00004ca4    00000020     Task_Thread_DYNAMIC_pem4f.oem4f (.text:ti_sysbios_BIOS_rtsLock__I)
                  00004cc4    00000020     sysbios.aem4f : m3_Hwi_asm.obj (.text:ti_sysbios_family_arm_m3_Hwi_excHandlerAsm__I)
                  00004ce4    00000004     --HOLE-- [fill = 0]
                  00004ce8    00000020                   : BIOS.obj (.text:ti_sysbios_family_arm_m3_Hwi_excHandler__I)
                  00004d08    00000020     Task_Thread_DYNAMIC_pem4f.oem4f (.text:ti_sysbios_gates_GateHwi_Object__delete__S)
                  00004d28    00000020     Task_Thread_DYNAMIC_pem4f.oem4f (.text:ti_sysbios_heaps_HeapMem_Object__delete__S)
                  00004d48    00000020     sysbios.aem4f : BIOS.obj (.text:ti_sysbios_knl_Idle_run__E)
                  00004d68    00000020     Task_Thread_DYNAMIC_pem4f.oem4f (.text:ti_sysbios_knl_Semaphore_Object__destruct__S)
                  00004d88    00000020     ti.targets.arm.rtsarm.aem4f : Registry.oem4f (.text:xdc_runtime_Registry_findById__E)
                  00004da8    00000020                                 : SysMin.oem4f (.text:xdc_runtime_SysMin_Module_startup__E)
                  00004dc8    0000001e     sysbios.aem4f : m3_Hwi_asm_switch.obj (.text:ti_sysbios_family_xxx_Hwi_switchAndRunFunc)
                  00004de6    0000001c     drivers_tivaware.aem4f : GPIOTiva.oem4f (.text:getGpioIntIndex)
                  00004e02    00000006     driverlib.lib : gpio.obj (.text:GPIOIntClear)
                  00004e08    0000001c     sysbios.aem4f : BIOS.obj (.text:ti_sysbios_gates_GateMutex_Instance_init__E)
                  00004e24    0000001c     Task_Thread_DYNAMIC_pem4f.oem4f (.text:ti_sysbios_knl_Queue_Object__destruct__S)
                  00004e40    0000001c     sysbios.aem4f : BIOS.obj (.text:ti_sysbios_knl_Task_enter__I)
                  00004e5c    0000001c     ti.targets.arm.rtsarm.aem4f : Error.oem4f (.text:xdc_runtime_Error_raiseX__E)
                  00004e78    0000001c                                 : Memory.oem4f (.text:xdc_runtime_Memory_valloc__E)
                  00004e94    0000001c                                 : SysMin.oem4f (.text:xdc_runtime_SysMin_exit__E)
                  00004eb0    0000001c                                 : System.oem4f (.text:xdc_runtime_System_abort__E)
                  00004ecc    0000001a     Task_Thread_DYNAMIC_pem4f.oem4f (.text:ti_sysbios_family_arm_m3_Hwi_Handle__label__S)
                  00004ee6    0000001a     Task_Thread_DYNAMIC_pem4f.oem4f (.text:ti_sysbios_gates_GateHwi_Handle__label__S)
                  00004f00    0000001a     Task_Thread_DYNAMIC_pem4f.oem4f (.text:ti_sysbios_gates_GateMutex_Handle__label__S)
                  00004f1a    0000001a     Task_Thread_DYNAMIC_pem4f.oem4f (.text:ti_sysbios_heaps_HeapMem_Handle__label__S)
                  00004f34    0000001a     Task_Thread_DYNAMIC_pem4f.oem4f (.text:ti_sysbios_knl_Swi_Handle__label__S)
                  00004f4e    0000001a     Task_Thread_DYNAMIC_pem4f.oem4f (.text:ti_sysbios_knl_Task_Handle__label__S)
                  00004f68    0000001a     Task_Thread_DYNAMIC_pem4f.oem4f (.text:xdc_runtime_System_aprintf__E)
                  00004f82    0000001a     Task_Thread_DYNAMIC_pem4f.oem4f (.text:xdc_runtime_System_printf__E)
                  00004f9c    00000018     rtsv7M4_T_le_v4SPD16_eabi.lib : args_main.c.obj (.text:_args_main)
                  00004fb4    00000018     Task_Thread_DYNAMIC_pem4f.oem4f (.text:ti_sysbios_BIOS_rtsUnlock__I)
                  00004fcc    00000018     Task_Thread_DYNAMIC_pem4f.oem4f (.text:ti_sysbios_family_arm_lm4_Timer_Module__startupDone__F)
                  00004fe4    00000018     Task_Thread_DYNAMIC_pem4f.oem4f (.text:ti_sysbios_family_arm_m3_Hwi_Module__startupDone__F)
                  00004ffc    00000018     sysbios.aem4f : m3_TaskSupport_asm.obj (.text:ti_sysbios_family_arm_m3_TaskSupport_swap__E)
                  00005014    00000004     --HOLE-- [fill = 0]
                  00005018    00000018                   : BIOS.obj (.text:ti_sysbios_gates_GateMutex_leave__E)
                  00005030    00000018                   : BIOS.obj (.text:ti_sysbios_knl_Task_sleepTimeout__I)
                  00005048    00000018     ti.targets.arm.rtsarm.aem4f : Error.oem4f (.text:xdc_runtime_Error_check__E)
                  00005060    00000018                                 : System.oem4f (.text:xdc_runtime_System_exit__E)
                  00005078    00000018                                 : Text.oem4f (.text:xdc_runtime_Text_ropeText__E)
                  00005090    00000016     Task_Thread_DYNAMIC.obj (.text:Task_ledController)
                  000050a6    00000016     Task_Thread_DYNAMIC_pem4f.oem4f (.text:ti_sysbios_BIOS_exitFunc__I)
                  000050bc    00000016     Task_Thread_DYNAMIC.obj (.text:ti_sysbios_knl_Task_Params_init)
                  000050d2    00000014     rtsv7M4_T_le_v4SPD16_eabi.lib : strlen.c.obj (.text:strlen)
                  000050e6    00000002     --HOLE-- [fill = 0]
                  000050e8    00000014     Task_Thread_DYNAMIC_pem4f.oem4f (.text:ti_sysbios_family_arm_m3_Hwi_Object__get__S)
                  000050fc    00000004     --HOLE-- [fill = 0]
                  00005100    00000014     sysbios.aem4f : BIOS.obj (.text:ti_sysbios_family_arm_m3_Hwi_switchFromBootStack__E)
                  00005114    00000014     Task_Thread_DYNAMIC_pem4f.oem4f (.text:ti_sysbios_heaps_HeapMem_Object__get__S)
                  00005128    00000014     Task_Thread_DYNAMIC_pem4f.oem4f (.text:ti_sysbios_knl_Swi_Object__get__S)
                  0000513c    00000012     driverlib.lib : gpio.obj (.text:GPIOPinTypeGPIOInput)
                  0000514e    00000002     --HOLE-- [fill = 0]
                  00005150    00000012     sysbios.aem4f : BIOS.obj (.text:ti_sysbios_hal_Hwi_Module_startup__E)
                  00005162    00000012     Task_Thread_DYNAMIC_pem4f.oem4f (.text:xdc_runtime_Startup_exec__I)
                  00005174    00000004     --HOLE-- [fill = 0]
                  00005178    00000010     sysbios.aem4f : BIOS.obj (.text:ti_sysbios_BIOS_setThreadType__E)
                  00005188    00000010                   : BIOS.obj (.text:ti_sysbios_BIOS_start__E)
                  00005198    00000010                   : m3_TaskSupport_asm.obj (.text:ti_sysbios_family_arm_m3_TaskSupport_glue)
                  000051a8    00000010                   : BIOS.obj (.text:ti_sysbios_gates_GateMutex_Instance_finalize__E)
                  000051b8    00000010                   : BIOS.obj (.text:ti_sysbios_knl_Semaphore_Instance_finalize__E)
                  000051c8    00000010                   : BIOS.obj (.text:ti_sysbios_knl_Swi_disable__E)
                  000051d8    00000010     Task_Thread_DYNAMIC_pem4f.oem4f (.text:ti_sysbios_knl_Task_Object__get__S)
                  000051e8    00000010     sysbios.aem4f : BIOS.obj (.text:ti_sysbios_knl_Task_disable__E)
                  000051f8    00000010     ti.targets.arm.rtsarm.aem4f : Gate.oem4f (.text:xdc_runtime_Gate_leaveSystem__E)
                  00005208    00000010                                 : Memory.oem4f (.text:xdc_runtime_Memory_free__E)
                  00005218    00000010                                 : SysMin.oem4f (.text:xdc_runtime_SysMin_ready__E)
                  00005228    00000010                                 : System.oem4f (.text:xdc_runtime_System_vsnprintf__E)
                  00005238    00000010     Task_Thread_DYNAMIC_pem4f.oem4f (.text:xdc_runtime_Text_visitRope__I)
                  00005248    0000000e     driverlib.lib : gpio.obj (.text:GPIOIntStatus)
                  00005256    0000000e     rtsv7M4_T_le_v4SPD16_eabi.lib : copy_decompress_none.c.obj (.text:decompress:none:__TI_decompress_none)
                  00005264    00000004     --HOLE-- [fill = 0]
                  00005268    0000000e     sysbios.aem4f : BIOS.obj (.text:ti_sysbios_knl_Idle_loop__E)
                  00005276    00000002     --HOLE-- [fill = 0]
                  00005278    0000000e                   : BIOS.obj (.text:ti_sysbios_knl_Queue_empty__E)
                  00005286    00000002     --HOLE-- [fill = 0]
                  00005288    0000000c     Task_Thread_DYNAMIC_pem4f.oem4f (.text:.bootCodeSection:ti_catalog_arm_cortexm4_tiva_ce_Boot_init__I)
                  00005294    0000000c     rtsv7M4_T_le_v4SPD16_eabi.lib : _lock.c.obj (.text:_register_lock)
                  000052a0    0000000c                                   : _lock.c.obj (.text:_register_unlock)
                  000052ac    0000000c                                   : copy_zero_init.c.obj (.text:decompress:ZI:__TI_zero_init)
                  000052b8    0000000c     sysbios.aem4f : BIOS.obj (.text:ti_sysbios_family_arm_lm4_Timer_getMaxTicks__E)
                  000052c4    0000000c     Task_Thread_DYNAMIC_pem4f.oem4f (.text:ti_sysbios_family_arm_m3_Hwi_Params__init__S)
                  000052d0    0000000c     sysbios.aem4f : BIOS.obj (.text:ti_sysbios_family_arm_m3_Hwi_disableFxn__E)
                  000052dc    00000004     --HOLE-- [fill = 0]
                  000052e0    0000000c                   : BIOS.obj (.text:ti_sysbios_family_arm_m3_TaskSupport_checkStack__E)
                  000052ec    00000004     --HOLE-- [fill = 0]
                  000052f0    0000000c                   : BIOS.obj (.text:ti_sysbios_family_arm_m3_TaskSupport_getStackAlignment__E)
                  000052fc    00000004     --HOLE-- [fill = 0]
                  00005300    0000000c                   : BIOS.obj (.text:ti_sysbios_gates_GateHwi_enter__E)
                  0000530c    0000000c     Task_Thread_DYNAMIC_pem4f.oem4f (.text:ti_sysbios_knl_Queue_Object__get__S)
                  00005318    0000000c     Task_Thread_DYNAMIC_pem4f.oem4f (.text:ti_sysbios_knl_Task_Params__init__S)
                  00005324    0000000c     ti.targets.arm.rtsarm.aem4f : Error.oem4f (.text:xdc_runtime_Error_init__E)
                  00005330    0000000c                                 : Gate.oem4f (.text:xdc_runtime_Gate_enterSystem__E)
                  0000533c    0000000c                                 : Memory.oem4f (.text:xdc_runtime_Memory_calloc__E)
                  00005348    0000000c                                 : Memory.oem4f (.text:xdc_runtime_Memory_getMaxDefaultTypeAlign__E)
                  00005354    0000000a     Task_Thread_DYNAMIC_pem4f.oem4f (.text:xdc_runtime_IHeap_alloc)
                  0000535e    0000000a     Task_Thread_DYNAMIC_pem4f.oem4f (.text:xdc_runtime_IHeap_free)
                  00005368    00000008     sysbios.aem4f : BIOS.obj (.text:ti_sysbios_family_arm_lm4_Timer_masterDisable__I)
                  00005370    00000008                   : BIOS.obj (.text:ti_sysbios_family_arm_m3_Hwi_doSwiRestore__I)
                  00005378    00000008                   : BIOS.obj (.text:ti_sysbios_family_arm_m3_Hwi_startup__E)
                  00005380    00000006     driverlib.lib : gpio.obj (.text:GPIOPinRead)
                  00005386    00000006                   : gpio.obj (.text:GPIOPinWrite)
                  0000538c    00000006     Boot.aem4f : Boot_sysctl.oem4f (.text:ti_catalog_arm_cortexm4_tiva_ce_Boot_sysCtlDelayI__I)
                  00005392    00000006     ti.targets.arm.rtsarm.aem4f : System.oem4f (.text:xdc_runtime_System_Module_startup__E)
                  00005398    00000006     sysbios.aem4f : BIOS.obj (.text:ti_sysbios_family_arm_m3_Hwi_doTaskRestore__I)
                  0000539e    00000002     --HOLE-- [fill = 0]
                  000053a0    00000006                   : BIOS.obj (.text:ti_sysbios_family_arm_m3_Hwi_restoreFxn__E)
                  000053a6    00000002     --HOLE-- [fill = 0]
                  000053a8    00000006                   : BIOS.obj (.text:ti_sysbios_gates_GateHwi_leave__E)
                  000053ae    00000002     --HOLE-- [fill = 0]
                  000053b0    00000006                   : BIOS.obj (.text:ti_sysbios_heaps_HeapMem_isBlocking__E)
                  000053b6    00000002     --HOLE-- [fill = 0]
                  000053b8    00000006                   : BIOS.obj (.text:ti_sysbios_knl_Queue_Instance_init__E)
                  000053be    00000002     --HOLE-- [fill = 0]
                  000053c0    00000006                   : BIOS.obj (.text:ti_sysbios_knl_Swi_startup__E)
                  000053c6    00000002     --HOLE-- [fill = 0]
                  000053c8    00000004                   : BIOS.obj (.text:ti_sysbios_gates_GateHwi_query__E)
                  000053cc    00000004     --HOLE-- [fill = 0]
                  000053d0    00000004                   : BIOS.obj (.text:ti_sysbios_gates_GateMutex_query__E)
                  000053d4    00000004     --HOLE-- [fill = 0]
                  000053d8    00000004                   : BIOS.obj (.text:ti_sysbios_knl_Task_startup__E)
                  000053dc    00000004     --HOLE-- [fill = 0]
                  000053e0    00000002                   : BIOS.obj (.text:ti_sysbios_gates_GateHwi_Instance_init__E)
                  000053e2    00000006     --HOLE-- [fill = 0]
                  000053e8    00000002                   : BIOS.obj (.text:ti_sysbios_knl_Clock_logTick__E)

.const     0    000053ec    00001e8a     
                  000053ec    00001861     Task_Thread_DYNAMIC_pem4f.oem4f (.const:xdc_runtime_Text_charTab__A)
                  00006c4d    00000001     Task_Thread_DYNAMIC_pem4f.oem4f (.const:xdc_runtime_Error_policy__C)
                  00006c4e    000000bc     Task_Thread_DYNAMIC_pem4f.oem4f (.const:xdc_runtime_Text_nodeTab__A)
                  00006d0a    00000054     drivers_tivaware.aem4f : GPIOTiva.oem4f (.const:.string)
                  00006d5e    00000002     Task_Thread_DYNAMIC_pem4f.oem4f (.const:ti_catalog_arm_cortexm4_tiva_ce_Boot_Module__id__C)
                  00006d60    00000048     Task_Thread_DYNAMIC_pem4f.oem4f (.const:.string)
                  00006da8    00000048     drivers_tivaware.aem4f : GPIOTiva.oem4f (.const:gpioBaseAddresses)
                  00006df0    0000003c     Task_Thread_DYNAMIC_pem4f.oem4f (.const:ti_sysbios_knl_Task_Object__PARAMS__C)
                  00006e2c    00000030     Task_Thread_DYNAMIC_pem4f.oem4f (.const:ti_sysbios_family_arm_m3_Hwi_Object__PARAMS__C)
                  00006e5c    00000028     Task_Thread_DYNAMIC_pem4f.oem4f (.const:ti_sysbios_heaps_HeapMem_Module__FXNS__C)
                  00006e84    00000024     Task_Thread_DYNAMIC_pem4f.oem4f (.const:ti_sysbios_gates_GateHwi_Module__FXNS__C)
                  00006ea8    00000024     Task_Thread_DYNAMIC_pem4f.oem4f (.const:ti_sysbios_gates_GateMutex_Module__FXNS__C)
                  00006ecc    00000024     Task_Thread_DYNAMIC_pem4f.oem4f (.const:ti_sysbios_heaps_HeapMem_Object__PARAMS__C)
                  00006ef0    00000024     Task_Thread_DYNAMIC_pem4f.oem4f (.const:ti_sysbios_knl_Semaphore_Object__PARAMS__C)
                  00006f14    00000020     Task_Thread_DYNAMIC_pem4f.oem4f (.const:ti_sysbios_family_arm_m3_Hwi_Object__DESC__C)
                  00006f34    00000020     Task_Thread_DYNAMIC_pem4f.oem4f (.const:ti_sysbios_gates_GateHwi_Object__DESC__C)
                  00006f54    00000020     Task_Thread_DYNAMIC_pem4f.oem4f (.const:ti_sysbios_gates_GateMutex_Object__DESC__C)
                  00006f74    00000020     Task_Thread_DYNAMIC_pem4f.oem4f (.const:ti_sysbios_heaps_HeapMem_Object__DESC__C)
                  00006f94    00000020     Task_Thread_DYNAMIC_pem4f.oem4f (.const:ti_sysbios_knl_Queue_Object__DESC__C)
                  00006fb4    00000020     Task_Thread_DYNAMIC_pem4f.oem4f (.const:ti_sysbios_knl_Semaphore_Object__DESC__C)
                  00006fd4    00000020     Task_Thread_DYNAMIC_pem4f.oem4f (.const:ti_sysbios_knl_Task_Object__DESC__C)
                  00006ff4    00000020     Task_Thread_DYNAMIC_pem4f.oem4f (.const:xdc_runtime_Startup_sfxnTab__A)
                  00007014    00000018     Task_Thread_DYNAMIC_pem4f.oem4f (.const:ti_sysbios_gates_GateHwi_Object__PARAMS__C)
                  0000702c    00000018     Task_Thread_DYNAMIC_pem4f.oem4f (.const:ti_sysbios_gates_GateMutex_Object__PARAMS__C)
                  00007044    00000018     Task_Thread_DYNAMIC_pem4f.oem4f (.const:ti_sysbios_knl_Queue_Object__PARAMS__C)
                  0000705c    00000014     EK_TM4C123GXL.obj (.const:GPIOTiva_config)
                  00007070    00000014     Task_Thread_DYNAMIC_pem4f.oem4f (.const:xdc_runtime_Startup_firstFxns__A)
                  00007084    00000010     Task_Thread_DYNAMIC_pem4f.oem4f (.const:xdc_runtime_Startup_sfxnRts__A)
                  00007094    00000008     Task_Thread_DYNAMIC_pem4f.oem4f (.const:ti_sysbios_family_arm_m3_Hwi_excHookFuncs__A)
                  0000709c    00000008     Task_Thread_DYNAMIC_pem4f.oem4f (.const:ti_sysbios_knl_Idle_funcList__C)
                  000070a4    00000008     Task_Thread_DYNAMIC_pem4f.oem4f (.const:xdc_runtime_Startup_firstFxns__C)
                  000070ac    00000008     Task_Thread_DYNAMIC_pem4f.oem4f (.const:xdc_runtime_Startup_lastFxns__C)
                  000070b4    00000004     Task_Thread_DYNAMIC_pem4f.oem4f (.const:ti_catalog_arm_cortexm4_tiva_ce_Boot_A_mustUseEnhancedClockMode__C)
                  000070b8    00000004     Task_Thread_DYNAMIC_pem4f.oem4f (.const:ti_catalog_arm_cortexm4_tiva_ce_Boot_Module__diagsEnabled__C)
                  000070bc    00000004     Task_Thread_DYNAMIC_pem4f.oem4f (.const:ti_catalog_arm_cortexm4_tiva_ce_Boot_Module__diagsIncluded__C)
                  000070c0    00000004     Task_Thread_DYNAMIC_pem4f.oem4f (.const:ti_catalog_arm_cortexm4_tiva_ce_Boot_Module__diagsMask__C)
                  000070c4    00000004     Task_Thread_DYNAMIC_pem4f.oem4f (.const:ti_sysbios_family_arm_lm4_Timer_enableFunc__C)
                  000070c8    00000004     Task_Thread_DYNAMIC_pem4f.oem4f (.const:ti_sysbios_family_arm_lm4_Timer_numTimerDevices__C)
                  000070cc    00000004     Task_Thread_DYNAMIC_pem4f.oem4f (.const:ti_sysbios_family_arm_lm4_Timer_startupNeeded__C)
                  000070d0    00000004     Task_Thread_DYNAMIC_pem4f.oem4f (.const:ti_sysbios_family_arm_m3_Hwi_E_NMI__C)
                  000070d4    00000004     Task_Thread_DYNAMIC_pem4f.oem4f (.const:ti_sysbios_family_arm_m3_Hwi_E_alreadyDefined__C)
                  000070d8    00000004     Task_Thread_DYNAMIC_pem4f.oem4f (.const:ti_sysbios_family_arm_m3_Hwi_E_busFault__C)
                  000070dc    00000004     Task_Thread_DYNAMIC_pem4f.oem4f (.const:ti_sysbios_family_arm_m3_Hwi_E_debugMon__C)
                  000070e0    00000004     Task_Thread_DYNAMIC_pem4f.oem4f (.const:ti_sysbios_family_arm_m3_Hwi_E_hardFault__C)
                  000070e4    00000004     Task_Thread_DYNAMIC_pem4f.oem4f (.const:ti_sysbios_family_arm_m3_Hwi_E_memFault__C)
                  000070e8    00000004     Task_Thread_DYNAMIC_pem4f.oem4f (.const:ti_sysbios_family_arm_m3_Hwi_E_noIsr__C)
                  000070ec    00000004     Task_Thread_DYNAMIC_pem4f.oem4f (.const:ti_sysbios_family_arm_m3_Hwi_E_reserved__C)
                  000070f0    00000004     Task_Thread_DYNAMIC_pem4f.oem4f (.const:ti_sysbios_family_arm_m3_Hwi_E_svCall__C)
                  000070f4    00000004     Task_Thread_DYNAMIC_pem4f.oem4f (.const:ti_sysbios_family_arm_m3_Hwi_E_usageFault__C)
                  000070f8    00000004     Task_Thread_DYNAMIC_pem4f.oem4f (.const:ti_sysbios_family_arm_m3_Hwi_NUM_INTERRUPTS__C)
                  000070fc    00000004     Task_Thread_DYNAMIC_pem4f.oem4f (.const:ti_sysbios_family_arm_m3_Hwi_Object__count__C)
                  00007100    00000004     Task_Thread_DYNAMIC_pem4f.oem4f (.const:ti_sysbios_family_arm_m3_Hwi_ccr__C)
                  00007104    00000004     Task_Thread_DYNAMIC_pem4f.oem4f (.const:ti_sysbios_family_arm_m3_Hwi_excHandlerFunc__C)
                  00007108    00000004     Task_Thread_DYNAMIC_pem4f.oem4f (.const:ti_sysbios_family_arm_m3_Hwi_excHookFuncs__C)
                  0000710c    00000004     Task_Thread_DYNAMIC_pem4f.oem4f (.const:ti_sysbios_family_arm_m3_Hwi_nullIsrFunc__C)
                  00007110    00000004     Task_Thread_DYNAMIC_pem4f.oem4f (.const:ti_sysbios_family_arm_m3_Hwi_priGroup__C)
                  00007114    00000004     Task_Thread_DYNAMIC_pem4f.oem4f (.const:ti_sysbios_family_arm_m3_TaskSupport_stackAlignment__C)
                  00007118    00000004     Task_Thread_DYNAMIC_pem4f.oem4f (.const:ti_sysbios_gates_GateMutex_A_badContext__C)
                  0000711c    00000004     Task_Thread_DYNAMIC_pem4f.oem4f (.const:ti_sysbios_gates_GateMutex_Instance_State_sem__O)
                  00007120    00000004     Task_Thread_DYNAMIC_pem4f.oem4f (.const:ti_sysbios_gates_GateMutex_Module__diagsEnabled__C)
                  00007124    00000004     Task_Thread_DYNAMIC_pem4f.oem4f (.const:ti_sysbios_gates_GateMutex_Module__diagsIncluded__C)
                  00007128    00000004     Task_Thread_DYNAMIC_pem4f.oem4f (.const:ti_sysbios_gates_GateMutex_Module__diagsMask__C)
                  0000712c    00000004     Task_Thread_DYNAMIC_pem4f.oem4f (.const:ti_sysbios_hal_Hwi_E_stackOverflow__C)
                  00007130    00000004     Task_Thread_DYNAMIC_pem4f.oem4f (.const:ti_sysbios_heaps_HeapMem_A_align__C)
                  00007134    00000004     Task_Thread_DYNAMIC_pem4f.oem4f (.const:ti_sysbios_heaps_HeapMem_A_heapSize__C)
                  00007138    00000004     Task_Thread_DYNAMIC_pem4f.oem4f (.const:ti_sysbios_heaps_HeapMem_A_invalidFree__C)
                  0000713c    00000004     Task_Thread_DYNAMIC_pem4f.oem4f (.const:ti_sysbios_heaps_HeapMem_A_zeroBlock__C)
                  00007140    00000004     Task_Thread_DYNAMIC_pem4f.oem4f (.const:ti_sysbios_heaps_HeapMem_E_memory__C)
                  00007144    00000004     Task_Thread_DYNAMIC_pem4f.oem4f (.const:ti_sysbios_heaps_HeapMem_Module__diagsEnabled__C)
                  00007148    00000004     Task_Thread_DYNAMIC_pem4f.oem4f (.const:ti_sysbios_heaps_HeapMem_Module__diagsIncluded__C)
                  0000714c    00000004     Task_Thread_DYNAMIC_pem4f.oem4f (.const:ti_sysbios_heaps_HeapMem_Module__diagsMask__C)
                  00007150    00000004     Task_Thread_DYNAMIC_pem4f.oem4f (.const:ti_sysbios_heaps_HeapMem_Module__gateObj__C)
                  00007154    00000004     Task_Thread_DYNAMIC_pem4f.oem4f (.const:ti_sysbios_heaps_HeapMem_Object__count__C)
                  00007158    00000004     Task_Thread_DYNAMIC_pem4f.oem4f (.const:ti_sysbios_heaps_HeapMem_reqAlign__C)
                  0000715c    00000004     Task_Thread_DYNAMIC_pem4f.oem4f (.const:ti_sysbios_knl_Clock_Module_State_clockQ__O)
                  00007160    00000004     Task_Thread_DYNAMIC_pem4f.oem4f (.const:ti_sysbios_knl_Idle_funcList__A)
                  00007164    00000004     Task_Thread_DYNAMIC_pem4f.oem4f (.const:ti_sysbios_knl_Semaphore_A_badContext__C)
                  00007168    00000004     Task_Thread_DYNAMIC_pem4f.oem4f (.const:ti_sysbios_knl_Semaphore_A_noEvents__C)
                  0000716c    00000004     Task_Thread_DYNAMIC_pem4f.oem4f (.const:ti_sysbios_knl_Semaphore_A_overflow__C)
                  00007170    00000004     Task_Thread_DYNAMIC_pem4f.oem4f (.const:ti_sysbios_knl_Semaphore_A_pendTaskDisabled__C)
                  00007174    00000004     Task_Thread_DYNAMIC_pem4f.oem4f (.const:ti_sysbios_knl_Semaphore_Instance_State_pendQ__O)
                  00007178    00000004     Task_Thread_DYNAMIC_pem4f.oem4f (.const:ti_sysbios_knl_Semaphore_Module__diagsEnabled__C)
                  0000717c    00000004     Task_Thread_DYNAMIC_pem4f.oem4f (.const:ti_sysbios_knl_Semaphore_Module__diagsIncluded__C)
                  00007180    00000004     Task_Thread_DYNAMIC_pem4f.oem4f (.const:ti_sysbios_knl_Semaphore_Module__diagsMask__C)
                  00007184    00000004     Task_Thread_DYNAMIC_pem4f.oem4f (.const:ti_sysbios_knl_Swi_Object__count__C)
                  00007188    00000004     Task_Thread_DYNAMIC_pem4f.oem4f (.const:ti_sysbios_knl_Task_A_badPriority__C)
                  0000718c    00000004     Task_Thread_DYNAMIC_pem4f.oem4f (.const:ti_sysbios_knl_Task_A_badTaskState__C)
                  00007190    00000004     Task_Thread_DYNAMIC_pem4f.oem4f (.const:ti_sysbios_knl_Task_A_badThreadType__C)
                  00007194    00000004     Task_Thread_DYNAMIC_pem4f.oem4f (.const:ti_sysbios_knl_Task_A_badTimeout__C)
                  00007198    00000004     Task_Thread_DYNAMIC_pem4f.oem4f (.const:ti_sysbios_knl_Task_A_noPendElem__C)
                  0000719c    00000004     Task_Thread_DYNAMIC_pem4f.oem4f (.const:ti_sysbios_knl_Task_A_sleepTaskDisabled__C)
                  000071a0    00000004     Task_Thread_DYNAMIC_pem4f.oem4f (.const:ti_sysbios_knl_Task_E_spOutOfBounds__C)
                  000071a4    00000004     Task_Thread_DYNAMIC_pem4f.oem4f (.const:ti_sysbios_knl_Task_E_stackOverflow__C)
                  000071a8    00000004     Task_Thread_DYNAMIC_pem4f.oem4f (.const:ti_sysbios_knl_Task_Module_State_inactiveQ__O)
                  000071ac    00000004     Task_Thread_DYNAMIC_pem4f.oem4f (.const:ti_sysbios_knl_Task_Module__diagsEnabled__C)
                  000071b0    00000004     Task_Thread_DYNAMIC_pem4f.oem4f (.const:ti_sysbios_knl_Task_Module__diagsIncluded__C)
                  000071b4    00000004     Task_Thread_DYNAMIC_pem4f.oem4f (.const:ti_sysbios_knl_Task_Module__diagsMask__C)
                  000071b8    00000004     Task_Thread_DYNAMIC_pem4f.oem4f (.const:ti_sysbios_knl_Task_Object__count__C)
                  000071bc    00000004     Task_Thread_DYNAMIC_pem4f.oem4f (.const:ti_sysbios_knl_Task_allBlockedFunc__C)
                  000071c0    00000004     Task_Thread_DYNAMIC_pem4f.oem4f (.const:ti_sysbios_knl_Task_defaultStackHeap__C)
                  000071c4    00000004     Task_Thread_DYNAMIC_pem4f.oem4f (.const:ti_sysbios_knl_Task_defaultStackSize__C)
                  000071c8    00000004     Task_Thread_DYNAMIC_pem4f.oem4f (.const:ti_sysbios_knl_Task_numConstructedTasks__C)
                  000071cc    00000004     Task_Thread_DYNAMIC_pem4f.oem4f (.const:xdc_runtime_Assert_E_assertFailed__C)
                  000071d0    00000004     Task_Thread_DYNAMIC_pem4f.oem4f (.const:xdc_runtime_Core_A_initializedParams__C)
                  000071d4    00000004     Task_Thread_DYNAMIC_pem4f.oem4f (.const:xdc_runtime_Core_Module__diagsEnabled__C)
                  000071d8    00000004     Task_Thread_DYNAMIC_pem4f.oem4f (.const:xdc_runtime_Core_Module__diagsIncluded__C)
                  000071dc    00000004     Task_Thread_DYNAMIC_pem4f.oem4f (.const:xdc_runtime_Core_Module__diagsMask__C)
                  000071e0    00000004     Task_Thread_DYNAMIC_pem4f.oem4f (.const:xdc_runtime_Error_E_memory__C)
                  000071e4    00000004     Task_Thread_DYNAMIC_pem4f.oem4f (.const:xdc_runtime_Error_Module__diagsEnabled__C)
                  000071e8    00000004     Task_Thread_DYNAMIC_pem4f.oem4f (.const:xdc_runtime_Error_Module__diagsIncluded__C)
                  000071ec    00000004     Task_Thread_DYNAMIC_pem4f.oem4f (.const:xdc_runtime_Error_Module__diagsMask__C)
                  000071f0    00000004     Task_Thread_DYNAMIC_pem4f.oem4f (.const:xdc_runtime_Error_Module__loggerFxn8__C)
                  000071f4    00000004     Task_Thread_DYNAMIC_pem4f.oem4f (.const:xdc_runtime_Error_Module__loggerObj__C)
                  000071f8    00000004     Task_Thread_DYNAMIC_pem4f.oem4f (.const:xdc_runtime_Error_policyFxn__C)
                  000071fc    00000004     Task_Thread_DYNAMIC_pem4f.oem4f (.const:xdc_runtime_Error_raiseHook__C)
                  00007200    00000004     Task_Thread_DYNAMIC_pem4f.oem4f (.const:xdc_runtime_IGateProvider_Interface__BASE__C)
                  00007204    00000004     Task_Thread_DYNAMIC_pem4f.oem4f (.const:xdc_runtime_IHeap_Interface__BASE__C)
                  00007208    00000004     Task_Thread_DYNAMIC_pem4f.oem4f (.const:xdc_runtime_IModule_Interface__BASE__C)
                  0000720c    00000004     Task_Thread_DYNAMIC_pem4f.oem4f (.const:xdc_runtime_Log_L_error__C)
                  00007210    00000004     Task_Thread_DYNAMIC_pem4f.oem4f (.const:xdc_runtime_Memory_defaultHeapInstance__C)
                  00007214    00000004     Task_Thread_DYNAMIC_pem4f.oem4f (.const:xdc_runtime_Startup_execImpl__C)
                  00007218    00000004     Task_Thread_DYNAMIC_pem4f.oem4f (.const:xdc_runtime_Startup_maxPasses__C)
                  0000721c    00000004     Task_Thread_DYNAMIC_pem4f.oem4f (.const:xdc_runtime_Startup_sfxnRts__C)
                  00007220    00000004     Task_Thread_DYNAMIC_pem4f.oem4f (.const:xdc_runtime_Startup_sfxnTab__C)
                  00007224    00000004     Task_Thread_DYNAMIC_pem4f.oem4f (.const:xdc_runtime_SysMin_bufSize__C)
                  00007228    00000004     Task_Thread_DYNAMIC_pem4f.oem4f (.const:xdc_runtime_SysMin_outputFunc__C)
                  0000722c    00000004     Task_Thread_DYNAMIC_pem4f.oem4f (.const:xdc_runtime_System_Module__gateObj__C)
                  00007230    00000004     Task_Thread_DYNAMIC_pem4f.oem4f (.const:xdc_runtime_System_abortFxn__C)
                  00007234    00000004     Task_Thread_DYNAMIC_pem4f.oem4f (.const:xdc_runtime_System_exitFxn__C)
                  00007238    00000004     Task_Thread_DYNAMIC_pem4f.oem4f (.const:xdc_runtime_System_extendFxn__C)
                  0000723c    00000004     Task_Thread_DYNAMIC_pem4f.oem4f (.const:xdc_runtime_System_maxAtexitHandlers__C)
                  00007240    00000004     Task_Thread_DYNAMIC_pem4f.oem4f (.const:xdc_runtime_Text_charTab__C)
                  00007244    00000004     Task_Thread_DYNAMIC_pem4f.oem4f (.const:xdc_runtime_Text_nameEmpty__C)
                  00007248    00000004     Task_Thread_DYNAMIC_pem4f.oem4f (.const:xdc_runtime_Text_nameStatic__C)
                  0000724c    00000004     Task_Thread_DYNAMIC_pem4f.oem4f (.const:xdc_runtime_Text_nameUnknown__C)
                  00007250    00000004     Task_Thread_DYNAMIC_pem4f.oem4f (.const:xdc_runtime_Text_nodeTab__C)
                  00007254    00000004     Task_Thread_DYNAMIC_pem4f.oem4f (.const:xdc_runtime_Text_visitRopeFxn__C)
                  00007258    00000002     Task_Thread_DYNAMIC_pem4f.oem4f (.const:ti_sysbios_family_arm_m3_Hwi_Module__id__C)
                  0000725a    00000002     Task_Thread_DYNAMIC_pem4f.oem4f (.const:ti_sysbios_gates_GateMutex_Module__id__C)
                  0000725c    00000002     Task_Thread_DYNAMIC_pem4f.oem4f (.const:ti_sysbios_hal_Hwi_Module__id__C)
                  0000725e    00000002     Task_Thread_DYNAMIC_pem4f.oem4f (.const:ti_sysbios_heaps_HeapMem_Module__id__C)
                  00007260    00000002     Task_Thread_DYNAMIC_pem4f.oem4f (.const:ti_sysbios_knl_Semaphore_Module__id__C)
                  00007262    00000002     Task_Thread_DYNAMIC_pem4f.oem4f (.const:ti_sysbios_knl_Task_Module__id__C)
                  00007264    00000002     Task_Thread_DYNAMIC_pem4f.oem4f (.const:xdc_runtime_Core_Module__id__C)
                  00007266    00000002     Task_Thread_DYNAMIC_pem4f.oem4f (.const:xdc_runtime_Error_Module__loggerDefined__C)
                  00007268    00000002     Task_Thread_DYNAMIC_pem4f.oem4f (.const:xdc_runtime_Error_maxDepth__C)
                  0000726a    00000002     Task_Thread_DYNAMIC_pem4f.oem4f (.const:xdc_runtime_Memory_Module__id__C)
                  0000726c    00000002     Task_Thread_DYNAMIC_pem4f.oem4f (.const:xdc_runtime_SysMin_flushAtExit__C)
                  0000726e    00000002     Task_Thread_DYNAMIC_pem4f.oem4f (.const:xdc_runtime_Text_charCnt__C)
                  00007270    00000002     Task_Thread_DYNAMIC_pem4f.oem4f (.const:xdc_runtime_Text_isLoaded__C)
                  00007272    00000002     Task_Thread_DYNAMIC_pem4f.oem4f (.const:xdc_runtime_Text_registryModsLastId__C)
                  00007274    00000002     Task_Thread_DYNAMIC_pem4f.oem4f (.const:xdc_runtime_Text_unnamedModsLastId__C)

.cinit     0    00007278    00000208     
                  00007278    000001ce     (.cinit..data.load) [load image, compression = lzss]
                  00007446    00000002     --HOLE-- [fill = 0]
                  00007448    0000000c     (__TI_handler_table)
                  00007454    00000004     --HOLE-- [fill = 0]
                  00007458    00000008     (.cinit..bss.load) [load image, compression = zero_init]
                  00007460    00000008     (.cinit..vecs.load) [load image, compression = zero_init]
                  00007468    00000018     (__TI_cinit_table)

.init_array 
*          0    00000000    00000000     UNINITIALIZED

.resetVecs 
*          0    00000000    0000003c     
                  00000000    0000003c     Task_Thread_DYNAMIC_pem4f.oem4f (.resetVecs)

.bss       0    20000360    00000b9c     UNINITIALIZED
                  20000360    00000400     (.common:ti_sysbios_heaps_HeapMem_Instance_State_0_buf__A)
                  20000760    00000360     (.common:ti_sysbios_family_arm_m3_Hwi_dispatchTable)
                  20000ac0    00000200     Task_Thread_DYNAMIC_pem4f.oem4f (.bss:taskStackSection)
                  20000cc0    00000120     rtsv7M4_T_le_v4SPD16_eabi.lib : trgmsg.c.obj (.bss:_CIOBUF_)
                  20000de0    00000090     drivers_tivaware.aem4f : GPIOTiva.oem4f (.bss:gpioCallbackInfo)
                  20000e70    00000080     (.common:xdc_runtime_SysMin_Module_State_0_outbuf__A)
                  20000ef0    00000008     (.common:parmbuf)
                  20000ef8    00000004     (.common:gpioInterruptVectors)

.data      0    20000efc    00000406     UNINITIALIZED
                  20000efc    00000080     Task_Thread_DYNAMIC_pem4f.oem4f (.data:ti_sysbios_knl_Swi_Module_State_0_readyQ__A)
                  20000f7c    00000080     Task_Thread_DYNAMIC_pem4f.oem4f (.data:ti_sysbios_knl_Task_Module_State_0_readyQ__A)
                  20000ffc    0000004c     Task_Thread_DYNAMIC_pem4f.oem4f (.data:ti_sysbios_knl_Task_Object__table__V)
                  20001048    00000044     Task_Thread_DYNAMIC_pem4f.oem4f (.data:ti_sysbios_knl_Task_Module__state__V)
                  2000108c    00000040     Task_Thread_DYNAMIC_pem4f.oem4f (.data:ti_sysbios_family_arm_lm4_Timer_Object__table__V)
                  200010cc    00000038     Task_Thread_DYNAMIC_pem4f.oem4f (.data:ti_sysbios_gates_GateMutex_Object__table__V)
                  20001104    00000034     Task_Thread_DYNAMIC_pem4f.oem4f (.data:ti_sysbios_family_arm_m3_Hwi_Module__state__V)
                  20001138    00000030     Task_Thread_DYNAMIC_pem4f.oem4f (.data:ti_sysbios_family_arm_lm4_Timer_Module_State_0_device__A)
                  20001168    00000030     Task_Thread_DYNAMIC_pem4f.oem4f (.data:ti_sysbios_knl_Swi_Object__table__V)
                  20001198    0000002c     Task_Thread_DYNAMIC_pem4f.oem4f (.data:ti_sysbios_knl_Clock_Module__state__V)
                  200011c4    00000024     Task_Thread_DYNAMIC_pem4f.oem4f (.data:ti_sysbios_BIOS_Module__state__V)
                  200011e8    0000001c     Task_Thread_DYNAMIC_pem4f.oem4f (.data:ti_sysbios_knl_Swi_Module__state__V)
                  20001204    00000018     Task_Thread_DYNAMIC_pem4f.oem4f (.data:ti_sysbios_family_arm_lm4_Timer_Module_State_0_handles__A)
                  2000121c    00000018     Task_Thread_DYNAMIC_pem4f.oem4f (.data:ti_sysbios_family_arm_m3_Hwi_Object__table__V)
                  20001234    00000018     Task_Thread_DYNAMIC_pem4f.oem4f (.data:ti_sysbios_heaps_HeapMem_Object__table__V)
                  2000124c    00000014     EK_TM4C123GXL.obj (.data:gpioPinConfigs)
                  20001260    0000000c     Task_Thread_DYNAMIC_pem4f.oem4f (.data:ti_sysbios_family_arm_lm4_Timer_Module__state__V)
                  2000126c    0000000c     Task_Thread_DYNAMIC_pem4f.oem4f (.data:xdc_runtime_SysMin_Module__state__V)
                  20001278    00000008     rtsv7M4_T_le_v4SPD16_eabi.lib : _lock.c.obj (.data:$O1$$)
                  20001280    00000008     EK_TM4C123GXL.obj (.data:gpioCallbackFunctions)
                  20001288    00000008     Task_Thread_DYNAMIC_pem4f.oem4f (.data:ti_sysbios_family_arm_m3_Hwi_Module__root__V)
                  20001290    00000008     Task_Thread_DYNAMIC_pem4f.oem4f (.data:ti_sysbios_gates_GateHwi_Module__root__V)
                  20001298    00000008     Task_Thread_DYNAMIC_pem4f.oem4f (.data:ti_sysbios_gates_GateMutex_Module__root__V)
                  200012a0    00000008     Task_Thread_DYNAMIC_pem4f.oem4f (.data:ti_sysbios_heaps_HeapMem_Module__root__V)
                  200012a8    00000008     Task_Thread_DYNAMIC_pem4f.oem4f (.data:ti_sysbios_knl_Queue_Module__root__V)
                  200012b0    00000008     Task_Thread_DYNAMIC_pem4f.oem4f (.data:ti_sysbios_knl_Semaphore_Module__root__V)
                  200012b8    00000008     Task_Thread_DYNAMIC_pem4f.oem4f (.data:ti_sysbios_knl_Task_Module__root__V)
                  200012c0    00000008     Task_Thread_DYNAMIC_pem4f.oem4f (.data:xdc_runtime_Registry_Module__state__V)
                  200012c8    00000008     Task_Thread_DYNAMIC_pem4f.oem4f (.data:xdc_runtime_Startup_Module__state__V)
                  200012d0    00000008     Task_Thread_DYNAMIC_pem4f.oem4f (.data:xdc_runtime_System_Module_State_0_atexitHandlers__A)
                  200012d8    00000008     Task_Thread_DYNAMIC_pem4f.oem4f (.data:xdc_runtime_System_Module__state__V)
                  200012e0    00000005     drivers_tivaware.aem4f : GPIOTiva.oem4f (.data)
                  200012e5    00000001     --HOLE--
                  200012e6    00000002     Task_Thread_DYNAMIC_pem4f.oem4f (.data:ti_sysbios_family_arm_m3_Hwi_Module_State_0_excActive__A)
                  200012e8    00000004     rtsv7M4_T_le_v4SPD16_eabi.lib : stkdepth_vars.c.obj (.data)
                  200012ec    00000004     Task_Thread_DYNAMIC_pem4f.oem4f (.data:ti_sysbios_family_arm_m3_Hwi_Module_State_0_excContext__A)
                  200012f0    00000004     Task_Thread_DYNAMIC_pem4f.oem4f (.data:ti_sysbios_family_arm_m3_Hwi_Module_State_0_excStack__A)
                  200012f4    00000004     Task_Thread_DYNAMIC_pem4f.oem4f (.data:ti_sysbios_gates_GateHwi_Object__table__V)
                  200012f8    00000004     Task_Thread_DYNAMIC_pem4f.oem4f (.data:ti_sysbios_knl_Task_Module_State_0_idleTask__A)
                  200012fc    00000004     Task_Thread_DYNAMIC_pem4f.oem4f (.data:xdc_runtime_Memory_Module__state__V)
                  20001300    00000002     Task_Thread_DYNAMIC_pem4f.oem4f (.data:xdc_runtime_Error_Module__state__V)

.stack     0    20001308    00000300     UNINITIALIZED
                  20001308    00000300     --HOLE--

.bootVecs 
*          0    00000000    00000008     DSECT
                  00000000    00000008     boot.aem4f : boot.oem4f (.bootVecs)

.vecs      0    20000000    00000360     UNINITIALIZED
                  20000000    00000360     Task_Thread_DYNAMIC_pem4f.oem4f (.vecs)

xdc.meta   0    00000000    00000100     COPY SECTION
                  00000000    00000100     Task_Thread_DYNAMIC_pem4f.oem4f (xdc.meta)

MODULE SUMMARY

       Module                            code    ro data   rw data
       ------                            ----    -------   -------
    .\
       EK_TM4C123GXL.obj                 112     20        28     
       Task_Thread_DYNAMIC.obj           136     0         0      
    +--+---------------------------------+-------+---------+---------+
       Total:                            248     20        28     
                                                                  
    C:\Users\ArieZaleski\projects\ti_rtos\Task_Thread_DYNAMIC\Debug\configPkg\package\cfg\
       Task_Thread_DYNAMIC_pem4f.oem4f   1662    7702      4376   
    +--+---------------------------------+-------+---------+---------+
       Total:                            1662    7702      4376   
                                                                  
    C:/ti/tirtos_tivac_2_16_00_08/products/TivaWare_C_Series-2.1.1.71b/driverlib/ccs/Debug/driverlib.lib
       gpio.obj                          482     0         0      
       sysctl.obj                        52      0         0      
    +--+---------------------------------+-------+---------+---------+
       Total:                            534     0         0      
                                                                  
    C:/ti/tirtos_tivac_2_16_00_08/products/tidrivers_tivac_2_16_00_08/packages/ti/drivers/lib/drivers_tivaware.aem4f
       GPIOTiva.oem4f                    764     156       153    
    +--+---------------------------------+-------+---------+---------+
       Total:                            764     156       153    
                                                                  
    C:\Users\ArieZaleski\projects\ti_rtos\Task_Thread_DYNAMIC\src\sysbios\sysbios.aem4f
       BIOS.obj                          11930   0         0      
       m3_Hwi_asm.obj                    314     0         0      
       m3_TaskSupport_asm.obj            180     0         0      
       m3_Hwi_asm_switch.obj             118     0         0      
    +--+---------------------------------+-------+---------+---------+
       Total:                            12542   0         0      
                                                                  
    C:\ti\ccsv8\tools\compiler\ti-cgt-arm_18.1.1.LTS\lib\rtsv7M4_T_le_v4SPD16_eabi.lib
       trgmsg.c.obj                      108     0         288    
       memcpy_t2.asm.obj                 156     0         0      
       memset_t2.asm.obj                 122     0         0      
       copy_decompress_lzss.c.obj        104     0         0      
       hostwrite.c.obj                   88      0         0      
       cpy_tbl.c.obj                     76      0         0      
       u_divt2.asm.obj                   64      0         0      
       _lock.c.obj                       26      0         8      
       args_main.c.obj                   24      0         0      
       strlen.c.obj                      20      0         0      
       copy_decompress_none.c.obj        14      0         0      
       copy_zero_init.c.obj              12      0         0      
       hostopen.c.obj                    0       0         8      
       exit.c.obj                        4       0         0      
       stkdepth_vars.c.obj               0       0         4      
       div0.asm.obj                      2       0         0      
    +--+---------------------------------+-------+---------+---------+
       Total:                            820     0         308    
                                                                  
    C:\ti\tirtos_tivac_2_16_00_08\products\bios_6_45_01_29\packages\ti\catalog\arm\cortexm4\tiva\ce\lib\Boot.aem4f
       Boot_sysctl.oem4f                 262     0         0      
       Boot.oem4f                        152     0         0      
    +--+---------------------------------+-------+---------+---------+
       Total:                            414     0         0      
                                                                  
    C:\ti\tirtos_tivac_2_16_00_08\products\bios_6_45_01_29\packages\ti\targets\arm\rtsarm\lib\auto_init.aem4f
       auto_init.oem4f                   160     0         0      
    +--+---------------------------------+-------+---------+---------+
       Total:                            160     0         0      
                                                                  
    C:\ti\tirtos_tivac_2_16_00_08\products\bios_6_45_01_29\packages\ti\targets\arm\rtsarm\lib\boot.aem4f
       boot.oem4f                        88      0         0      
    +--+---------------------------------+-------+---------+---------+
       Total:                            88      0         0      
                                                                  
    C:\ti\tirtos_tivac_2_16_00_08\products\bios_6_45_01_29\packages\ti\targets\arm\rtsarm\lib\ti.targets.arm.rtsarm.aem4f
       System.oem4f                      1255    0         0      
       Text.oem4f                        672     0         0      
       Error.oem4f                       524     0         0      
       Core-mem.oem4f                    358     0         0      
       Startup.oem4f                     328     0         0      
       SysMin.oem4f                      248     0         0      
       Core-smem.oem4f                   204     0         0      
       Memory.oem4f                      176     0         0      
       Assert.oem4f                      84      0         0      
       Core-params.oem4f                 70      0         0      
       Core-label.oem4f                  52      0         0      
       Registry.oem4f                    32      0         0      
       Gate.oem4f                        28      0         0      
    +--+---------------------------------+-------+---------+---------+
       Total:                            4031    0         0      
                                                                  
       Stack:                            0       0         768    
       Linker Generated:                 0       514       0      
    +--+---------------------------------+-------+---------+---------+
       Grand Total:                      21263   8392      5633   


LINKER GENERATED COPY TABLES

__TI_cinit_table @ 00007468 records: 3, size/record: 8, table size: 24
	.data: load addr=00007278, load size=000001ce bytes, run addr=20000efc, run size=00000406 bytes, compression=lzss
	.bss: load addr=00007458, load size=00000008 bytes, run addr=20000360, run size=00000b9c bytes, compression=zero_init
	.vecs: load addr=00007460, load size=00000008 bytes, run addr=20000000, run size=00000360 bytes, compression=zero_init


LINKER GENERATED HANDLER TABLE

__TI_handler_table @ 00007448 records: 3, size/record: 4, table size: 12
	index: 0, handler: __TI_decompress_lzss
	index: 1, handler: __TI_decompress_none
	index: 2, handler: __TI_zero_init


GLOBAL SYMBOLS: SORTED ALPHABETICALLY BY Name 

address   name                                                              
-------   ----                                                              
000007bd  C$$EXIT                                                           
000044e3  C$$IO$$                                                           
0000477d  EK_TM4C123GXL_initGPIO                                            
00004339  EK_TM4C123GXL_initGeneral                                         
00004a71  GPIODirModeSet                                                    
00004e03  GPIOIntClear                                                      
00005249  GPIOIntStatus                                                     
00003d41  GPIOIntTypeSet                                                    
00001f25  GPIOPadConfigSet                                                  
00005381  GPIOPinRead                                                       
0000513d  GPIOPinTypeGPIOInput                                              
00005387  GPIOPinWrite                                                      
0000705c  GPIOTiva_config                                                   
00003755  GPIO_hwiIntFxn                                                    
000031d5  GPIO_init                                                         
00003ded  GPIO_setCallback                                                  
00001a15  GPIO_setConfig                                                    
00003e3d  GPIO_toggle                                                       
00003c91  HOSTwrite                                                         
UNDEFED   SHT$$INIT_ARRAY$$Base                                             
UNDEFED   SHT$$INIT_ARRAY$$Limit                                            
000045d1  SysCtlPeripheralEnable                                            
00005091  Task_ledController                                                
00000000  __ASM__                                                           
20000cc0  __CIOBUF_                                                         
0000007e  __ISA__                                                           
00000091  __PLAT__                                                          
20001608  __STACK_END                                                       
00000300  __STACK_SIZE                                                      
000000b2  __TARG__                                                          
00007468  __TI_CINIT_Base                                                   
00007480  __TI_CINIT_Limit                                                  
00007448  __TI_Handler_Table_Base                                           
00007454  __TI_Handler_Table_Limit                                          
00002cf9  __TI_auto_init                                                    
00003685  __TI_decompress_lzss                                              
00005257  __TI_decompress_none                                              
ffffffff  __TI_pprof_out_hndl                                               
ffffffff  __TI_prof_data_size                                               
ffffffff  __TI_prof_data_start                                              
00004605  __TI_readmsg                                                      
00007278  __TI_static_base__                                                
000044b5  __TI_writemsg                                                     
000052ad  __TI_zero_init                                                    
000000d8  __TRDR__                                                          
000033ef  __aeabi_idiv0                                                     
000033ef  __aeabi_ldiv0                                                     
00003375  __aeabi_memclr                                                    
00003375  __aeabi_memclr4                                                   
00003375  __aeabi_memclr8                                                   
00002e39  __aeabi_memcpy                                                    
00002e39  __aeabi_memcpy4                                                   
00002e39  __aeabi_memcpy8                                                   
00003377  __aeabi_memset                                                    
00003377  __aeabi_memset4                                                   
00003377  __aeabi_memset8                                                   
00004379  __aeabi_uidiv                                                     
00004379  __aeabi_uidivmod                                                  
ffffffff  __binit__                                                         
ffffffff  __c_args__                                                        
20001308  __stack                                                           
00004f9d  _args_main                                                        
00003c39  _c_int00                                                          
20001278  _lock                                                             
0000300f  _nop                                                              
00005295  _register_lock                                                    
000052a1  _register_unlock                                                  
2000127c  _unlock                                                           
000007bd  abort                                                             
ffffffff  binit                                                             
00003f81  copy_in                                                           
20001280  gpioCallbackFunctions                                             
2000124c  gpioPinConfigs                                                    
000039a9  main                                                              
200012e8  main_func_sp                                                      
00002e39  memcpy                                                            
0000337d  memset                                                            
000051e9  osi_TaskDisable                                                   
00005189  osi_start                                                         
20000ef0  parmbuf                                                           
000050d3  strlen                                                            
000070b4  ti_catalog_arm_cortexm4_tiva_ce_Boot_A_mustUseEnhancedClockMode__C
000070b8  ti_catalog_arm_cortexm4_tiva_ce_Boot_Module__diagsEnabled__C      
000070bc  ti_catalog_arm_cortexm4_tiva_ce_Boot_Module__diagsIncluded__C     
000070c0  ti_catalog_arm_cortexm4_tiva_ce_Boot_Module__diagsMask__C         
00006d5e  ti_catalog_arm_cortexm4_tiva_ce_Boot_Module__id__C                
00005289  ti_catalog_arm_cortexm4_tiva_ce_Boot_init__I                      
0000216d  ti_catalog_arm_cortexm4_tiva_ce_Boot_sysCtlClockSetI__I           
00003011  ti_catalog_arm_cortexm4_tiva_ce_Boot_sysCtlClockSet__E            
0000538d  ti_catalog_arm_cortexm4_tiva_ce_Boot_sysCtlDelayI__I              
200011c4  ti_sysbios_BIOS_Module__state__V                                  
00004f01  ti_sysbios_BIOS_RtsGateProxy_Handle__label__S                     
00004bcd  ti_sysbios_BIOS_RtsGateProxy_Object__delete__S                    
00000cfd  ti_sysbios_BIOS_RtsGateProxy_enter__E                             
00001185  ti_sysbios_BIOS_RtsGateProxy_leave__E                             
000053d1  ti_sysbios_BIOS_RtsGateProxy_query__E                             
000047ad  ti_sysbios_BIOS_atExitFunc__I                                     
00004b3d  ti_sysbios_BIOS_errorRaiseHook__I                                 
000050a7  ti_sysbios_BIOS_exitFunc__I                                       
0000353f  ti_sysbios_BIOS_nullFunc__I                                       
00004b61  ti_sysbios_BIOS_registerRTSLock__I                                
00004b85  ti_sysbios_BIOS_removeRTSLock__I                                  
00004ca5  ti_sysbios_BIOS_rtsLock__I                                        
00004fb5  ti_sysbios_BIOS_rtsUnlock__I                                      
00005179  ti_sysbios_BIOS_setThreadType__E                                  
00004ba9  ti_sysbios_BIOS_startFunc__I                                      
00005189  ti_sysbios_BIOS_start__E                                          
20001138  ti_sysbios_family_arm_lm4_Timer_Module_State_0_device__A          
20001204  ti_sysbios_family_arm_lm4_Timer_Module_State_0_handles__A         
00004fcd  ti_sysbios_family_arm_lm4_Timer_Module__startupDone__F            
00004fcd  ti_sysbios_family_arm_lm4_Timer_Module__startupDone__S            
20001260  ti_sysbios_family_arm_lm4_Timer_Module__state__V                  
000037b9  ti_sysbios_family_arm_lm4_Timer_Module_startup__E                 
2000108c  ti_sysbios_family_arm_lm4_Timer_Object__table__V                  
000070c4  ti_sysbios_family_arm_lm4_Timer_enableFunc__C                     
00002ba9  ti_sysbios_family_arm_lm4_Timer_enableTimers__I                   
00002af9  ti_sysbios_family_arm_lm4_Timer_enableTiva__I                     
000052b9  ti_sysbios_family_arm_lm4_Timer_getMaxTicks__E                    
000038e9  ti_sysbios_family_arm_lm4_Timer_isrStub__E                        
00005369  ti_sysbios_family_arm_lm4_Timer_masterDisable__I                  
00001385  ti_sysbios_family_arm_lm4_Timer_masterEnable__I                   
000070c8  ti_sysbios_family_arm_lm4_Timer_numTimerDevices__C                
00001df1  ti_sysbios_family_arm_lm4_Timer_start__E                          
000070cc  ti_sysbios_family_arm_lm4_Timer_startupNeeded__C                  
000043b9  ti_sysbios_family_arm_lm4_Timer_startup__E                        
000047e1  ti_sysbios_family_arm_lm4_Timer_stop__E                           
00004c61  ti_sysbios_family_arm_lm4_Timer_write__I                          
000070d0  ti_sysbios_family_arm_m3_Hwi_E_NMI__C                             
000070d4  ti_sysbios_family_arm_m3_Hwi_E_alreadyDefined__C                  
000070d8  ti_sysbios_family_arm_m3_Hwi_E_busFault__C                        
000070dc  ti_sysbios_family_arm_m3_Hwi_E_debugMon__C                        
000070e0  ti_sysbios_family_arm_m3_Hwi_E_hardFault__C                       
000070e4  ti_sysbios_family_arm_m3_Hwi_E_memFault__C                        
000070e8  ti_sysbios_family_arm_m3_Hwi_E_noIsr__C                           
000070ec  ti_sysbios_family_arm_m3_Hwi_E_reserved__C                        
000070f0  ti_sysbios_family_arm_m3_Hwi_E_svCall__C                          
000070f4  ti_sysbios_family_arm_m3_Hwi_E_usageFault__C                      
00004ecd  ti_sysbios_family_arm_m3_Hwi_Handle__label__S                     
00004639  ti_sysbios_family_arm_m3_Hwi_Instance_finalize__E                 
000030a9  ti_sysbios_family_arm_m3_Hwi_Instance_init__E                     
200012e6  ti_sysbios_family_arm_m3_Hwi_Module_State_0_excActive__A          
200012ec  ti_sysbios_family_arm_m3_Hwi_Module_State_0_excContext__A         
200012f0  ti_sysbios_family_arm_m3_Hwi_Module_State_0_excStack__A           
00007258  ti_sysbios_family_arm_m3_Hwi_Module__id__C                        
20001288  ti_sysbios_family_arm_m3_Hwi_Module__root__V                      
00004fe5  ti_sysbios_family_arm_m3_Hwi_Module__startupDone__F               
00004fe5  ti_sysbios_family_arm_m3_Hwi_Module__startupDone__S               
20001104  ti_sysbios_family_arm_m3_Hwi_Module__state__V                     
00003e91  ti_sysbios_family_arm_m3_Hwi_Module_startup__E                    
000070f8  ti_sysbios_family_arm_m3_Hwi_NUM_INTERRUPTS__C                    
00006f14  ti_sysbios_family_arm_m3_Hwi_Object__DESC__C                      
00006e2c  ti_sysbios_family_arm_m3_Hwi_Object__PARAMS__C                    
000070fc  ti_sysbios_family_arm_m3_Hwi_Object__count__C                     
000050e9  ti_sysbios_family_arm_m3_Hwi_Object__get__S                       
2000121c  ti_sysbios_family_arm_m3_Hwi_Object__table__V                     
000052c5  ti_sysbios_family_arm_m3_Hwi_Params__init__S                      
00007100  ti_sysbios_family_arm_m3_Hwi_ccr__C                               
0000381d  ti_sysbios_family_arm_m3_Hwi_create                               
000052d1  ti_sysbios_family_arm_m3_Hwi_disableFxn__E                        
000040c1  ti_sysbios_family_arm_m3_Hwi_disableInterrupt__E                  
[...]
00005289  ti_catalog_arm_cortexm4_tiva_ce_Boot_init__I                      
00005295  _register_lock                                                    
000052a1  _register_unlock                                                  
000052ad  __TI_zero_init                                                    
000052b9  ti_sysbios_family_arm_lm4_Timer_getMaxTicks__E                    
000052c5  ti_sysbios_family_arm_m3_Hwi_Params__init__S                      
000052c5  ti_sysbios_hal_Hwi_HwiProxy_Params__init__S                       
000052d1  ti_sysbios_family_arm_m3_Hwi_disableFxn__E                        
000052d1  ti_sysbios_hal_Hwi_HwiProxy_disable__E                            
000052e1  ti_sysbios_family_arm_m3_TaskSupport_checkStack__E                
000052e1  ti_sysbios_knl_Task_SupportProxy_checkStack__E                    
000052f1  ti_sysbios_family_arm_m3_TaskSupport_getStackAlignment__E         
000052f1  ti_sysbios_knl_Task_SupportProxy_getStackAlignment__E             
00005301  ti_sysbios_gates_GateHwi_enter__E                                 
0000530d  ti_sysbios_knl_Queue_Object__get__S                               
00005319  ti_sysbios_knl_Task_Params__init__S                               
00005325  xdc_runtime_Error_init__E                                         
00005331  xdc_runtime_Gate_enterSystem__E                                   
0000533d  xdc_runtime_Memory_calloc__E                                      
00005349  xdc_runtime_Memory_getMaxDefaultTypeAlign__E                      
00005355  xdc_runtime_Memory_HeapProxy_alloc__E                             
0000535f  xdc_runtime_Memory_HeapProxy_free__E                              
00005369  ti_sysbios_family_arm_lm4_Timer_masterDisable__I                  
00005371  ti_sysbios_family_arm_m3_Hwi_doSwiRestore__I                      
00005379  ti_sysbios_family_arm_m3_Hwi_startup__E                           
00005379  ti_sysbios_hal_Hwi_HwiProxy_startup__E                            
00005379  ti_sysbios_hal_Hwi_startup__E                                     
00005381  GPIOPinRead                                                       
00005387  GPIOPinWrite                                                      
0000538d  ti_catalog_arm_cortexm4_tiva_ce_Boot_sysCtlDelayI__I              
00005393  xdc_runtime_System_Module_startup__E                              
00005399  ti_sysbios_family_arm_m3_Hwi_doTaskRestore__I                     
000053a1  ti_sysbios_family_arm_m3_Hwi_restoreFxn__E                        
000053a1  ti_sysbios_hal_Hwi_HwiProxy_restore__E                            
000053a9  ti_sysbios_gates_GateHwi_leave__E                                 
000053b1  ti_sysbios_heaps_HeapMem_isBlocking__E                            
000053b9  ti_sysbios_knl_Queue_Instance_init__E                             
000053c1  ti_sysbios_knl_Swi_startup__E                                     
000053c9  ti_sysbios_gates_GateHwi_query__E                                 
000053c9  xdc_runtime_Main_Module_GateProxy_query__E                        
000053c9  xdc_runtime_System_Module_GateProxy_query__E                      
000053d1  ti_sysbios_BIOS_RtsGateProxy_query__E                             
000053d1  ti_sysbios_gates_GateMutex_query__E                               
000053d1  ti_sysbios_heaps_HeapMem_Module_GateProxy_query__E                
000053d9  ti_sysbios_knl_Task_startup__E                                    
000053e1  ti_sysbios_gates_GateHwi_Instance_init__E                         
000053e9  ti_sysbios_knl_Clock_logTick__E                                   
000053ec  xdc_runtime_Text_charTab__A                                       
00006c4d  xdc_runtime_Error_policy__C                                       
00006c4e  xdc_runtime_Text_nodeTab__A                                       
00006d5e  ti_catalog_arm_cortexm4_tiva_ce_Boot_Module__id__C                
00006df0  ti_sysbios_knl_Task_Object__PARAMS__C                             
00006e2c  ti_sysbios_family_arm_m3_Hwi_Object__PARAMS__C                    
00006e5c  ti_sysbios_heaps_HeapMem_Module__FXNS__C                          
00006e84  ti_sysbios_gates_GateHwi_Module__FXNS__C                          
00006ea8  ti_sysbios_gates_GateMutex_Module__FXNS__C                        
00006ecc  ti_sysbios_heaps_HeapMem_Object__PARAMS__C                        
00006ef0  ti_sysbios_knl_Semaphore_Object__PARAMS__C                        
00006f14  ti_sysbios_family_arm_m3_Hwi_Object__DESC__C                      
00006f34  ti_sysbios_gates_GateHwi_Object__DESC__C                          
00006f54  ti_sysbios_gates_GateMutex_Object__DESC__C                        
00006f74  ti_sysbios_heaps_HeapMem_Object__DESC__C                          
00006f94  ti_sysbios_knl_Queue_Object__DESC__C                              
00006fb4  ti_sysbios_knl_Semaphore_Object__DESC__C                          
00006fd4  ti_sysbios_knl_Task_Object__DESC__C                               
00006ff4  xdc_runtime_Startup_sfxnTab__A                                    
00007014  ti_sysbios_gates_GateHwi_Object__PARAMS__C                        
0000702c  ti_sysbios_gates_GateMutex_Object__PARAMS__C                      
00007044  ti_sysbios_knl_Queue_Object__PARAMS__C                            
0000705c  GPIOTiva_config                                                   
00007070  xdc_runtime_Startup_firstFxns__A                                  
00007084  xdc_runtime_Startup_sfxnRts__A                                    
00007094  ti_sysbios_family_arm_m3_Hwi_excHookFuncs__A                      
0000709c  ti_sysbios_knl_Idle_funcList__C                                   
000070a4  xdc_runtime_Startup_firstFxns__C                                  
000070ac  xdc_runtime_Startup_lastFxns__C                                   
000070b4  ti_catalog_arm_cortexm4_tiva_ce_Boot_A_mustUseEnhancedClockMode__C
000070b8  ti_catalog_arm_cortexm4_tiva_ce_Boot_Module__diagsEnabled__C      
000070bc  ti_catalog_arm_cortexm4_tiva_ce_Boot_Module__diagsIncluded__C     
000070c0  ti_catalog_arm_cortexm4_tiva_ce_Boot_Module__diagsMask__C         
000070c4  ti_sysbios_family_arm_lm4_Timer_enableFunc__C                     
000070c8  ti_sysbios_family_arm_lm4_Timer_numTimerDevices__C                
000070cc  ti_sysbios_family_arm_lm4_Timer_startupNeeded__C                  
000070d0  ti_sysbios_family_arm_m3_Hwi_E_NMI__C                             
000070d4  ti_sysbios_family_arm_m3_Hwi_E_alreadyDefined__C                  
000070d8  ti_sysbios_family_arm_m3_Hwi_E_busFault__C                        
000070dc  ti_sysbios_family_arm_m3_Hwi_E_debugMon__C                        
000070e0  ti_sysbios_family_arm_m3_Hwi_E_hardFault__C                       
000070e4  ti_sysbios_family_arm_m3_Hwi_E_memFault__C                        
000070e8  ti_sysbios_family_arm_m3_Hwi_E_noIsr__C                           
000070ec  ti_sysbios_family_arm_m3_Hwi_E_reserved__C                        
000070f0  ti_sysbios_family_arm_m3_Hwi_E_svCall__C                          
000070f4  ti_sysbios_family_arm_m3_Hwi_E_usageFault__C                      
000070f8  ti_sysbios_family_arm_m3_Hwi_NUM_INTERRUPTS__C                    
000070fc  ti_sysbios_family_arm_m3_Hwi_Object__count__C                     
00007100  ti_sysbios_family_arm_m3_Hwi_ccr__C                               
00007104  ti_sysbios_family_arm_m3_Hwi_excHandlerFunc__C                    
00007108  ti_sysbios_family_arm_m3_Hwi_excHookFuncs__C                      
0000710c  ti_sysbios_family_arm_m3_Hwi_nullIsrFunc__C                       
00007110  ti_sysbios_family_arm_m3_Hwi_priGroup__C                          
00007114  ti_sysbios_family_arm_m3_TaskSupport_stackAlignment__C            
00007118  ti_sysbios_gates_GateMutex_A_badContext__C                        
0000711c  ti_sysbios_gates_GateMutex_Instance_State_sem__O                  
00007120  ti_sysbios_gates_GateMutex_Module__diagsEnabled__C                
00007124  ti_sysbios_gates_GateMutex_Module__diagsIncluded__C               
00007128  ti_sysbios_gates_GateMutex_Module__diagsMask__C                   
0000712c  ti_sysbios_hal_Hwi_E_stackOverflow__C                             
00007130  ti_sysbios_heaps_HeapMem_A_align__C                               
00007134  ti_sysbios_heaps_HeapMem_A_heapSize__C                            
00007138  ti_sysbios_heaps_HeapMem_A_invalidFree__C                         
0000713c  ti_sysbios_heaps_HeapMem_A_zeroBlock__C                           
00007140  ti_sysbios_heaps_HeapMem_E_memory__C                              
00007144  ti_sysbios_heaps_HeapMem_Module__diagsEnabled__C                  
00007148  ti_sysbios_heaps_HeapMem_Module__diagsIncluded__C                 
0000714c  ti_sysbios_heaps_HeapMem_Module__diagsMask__C                     
00007150  ti_sysbios_heaps_HeapMem_Module__gateObj__C                       
00007154  ti_sysbios_heaps_HeapMem_Object__count__C                         
00007158  ti_sysbios_heaps_HeapMem_reqAlign__C                              
0000715c  ti_sysbios_knl_Clock_Module_State_clockQ__O                       
00007160  ti_sysbios_knl_Idle_funcList__A                                   
00007164  ti_sysbios_knl_Semaphore_A_badContext__C                          
00007168  ti_sysbios_knl_Semaphore_A_noEvents__C                            
0000716c  ti_sysbios_knl_Semaphore_A_overflow__C                            
00007170  ti_sysbios_knl_Semaphore_A_pendTaskDisabled__C                    
00007174  ti_sysbios_knl_Semaphore_Instance_State_pendQ__O                  
00007178  ti_sysbios_knl_Semaphore_Module__diagsEnabled__C                  
0000717c  ti_sysbios_knl_Semaphore_Module__diagsIncluded__C                 
00007180  ti_sysbios_knl_Semaphore_Module__diagsMask__C                     
00007184  ti_sysbios_knl_Swi_Object__count__C                               
00007188  ti_sysbios_knl_Task_A_badPriority__C                              
0000718c  ti_sysbios_knl_Task_A_badTaskState__C                             
00007190  ti_sysbios_knl_Task_A_badThreadType__C                            
00007194  ti_sysbios_knl_Task_A_badTimeout__C                               
00007198  ti_sysbios_knl_Task_A_noPendElem__C                               
0000719c  ti_sysbios_knl_Task_A_sleepTaskDisabled__C                        
000071a0  ti_sysbios_knl_Task_E_spOutOfBounds__C                            
000071a4  ti_sysbios_knl_Task_E_stackOverflow__C                            
000071a8  ti_sysbios_knl_Task_Module_State_inactiveQ__O                     
000071ac  ti_sysbios_knl_Task_Module__diagsEnabled__C                       
000071b0  ti_sysbios_knl_Task_Module__diagsIncluded__C                      
000071b4  ti_sysbios_knl_Task_Module__diagsMask__C                          
000071b8  ti_sysbios_knl_Task_Object__count__C                              
000071bc  ti_sysbios_knl_Task_allBlockedFunc__C                             
000071c0  ti_sysbios_knl_Task_defaultStackHeap__C                           
000071c4  ti_sysbios_knl_Task_defaultStackSize__C                           
000071c8  ti_sysbios_knl_Task_numConstructedTasks__C                        
000071cc  xdc_runtime_Assert_E_assertFailed__C                              
000071d0  xdc_runtime_Core_A_initializedParams__C                           
000071d4  xdc_runtime_Core_Module__diagsEnabled__C                          
000071d8  xdc_runtime_Core_Module__diagsIncluded__C                         
000071dc  xdc_runtime_Core_Module__diagsMask__C                             
000071e0  xdc_runtime_Error_E_memory__C                                     
000071e4  xdc_runtime_Error_Module__diagsEnabled__C                         
000071e8  xdc_runtime_Error_Module__diagsIncluded__C                        
000071ec  xdc_runtime_Error_Module__diagsMask__C                            
000071f0  xdc_runtime_Error_Module__loggerFxn8__C                           
000071f4  xdc_runtime_Error_Module__loggerObj__C                            
000071f8  xdc_runtime_Error_policyFxn__C                                    
000071fc  xdc_runtime_Error_raiseHook__C                                    
00007200  xdc_runtime_IGateProvider_Interface__BASE__C                      
00007204  xdc_runtime_IHeap_Interface__BASE__C                              
00007208  xdc_runtime_IModule_Interface__BASE__C                            
0000720c  xdc_runtime_Log_L_error__C                                        
00007210  xdc_runtime_Memory_defaultHeapInstance__C                         
00007214  xdc_runtime_Startup_execImpl__C                                   
00007218  xdc_runtime_Startup_maxPasses__C                                  
0000721c  xdc_runtime_Startup_sfxnRts__C                                    
00007220  xdc_runtime_Startup_sfxnTab__C                                    
00007224  xdc_runtime_SysMin_bufSize__C                                     
00007228  xdc_runtime_SysMin_outputFunc__C                                  
0000722c  xdc_runtime_System_Module__gateObj__C                             
00007230  xdc_runtime_System_abortFxn__C                                    
00007234  xdc_runtime_System_exitFxn__C                                     
00007238  xdc_runtime_System_extendFxn__C                                   
0000723c  xdc_runtime_System_maxAtexitHandlers__C                           
00007240  xdc_runtime_Text_charTab__C                                       
00007244  xdc_runtime_Text_nameEmpty__C                                     
00007248  xdc_runtime_Text_nameStatic__C                                    
0000724c  xdc_runtime_Text_nameUnknown__C                                   
00007250  xdc_runtime_Text_nodeTab__C                                       
00007254  xdc_runtime_Text_visitRopeFxn__C                                  
00007258  ti_sysbios_family_arm_m3_Hwi_Module__id__C                        
0000725a  ti_sysbios_gates_GateMutex_Module__id__C                          
0000725c  ti_sysbios_hal_Hwi_Module__id__C                                  
0000725e  ti_sysbios_heaps_HeapMem_Module__id__C                            
00007260  ti_sysbios_knl_Semaphore_Module__id__C                            
00007262  ti_sysbios_knl_Task_Module__id__C                                 
00007264  xdc_runtime_Core_Module__id__C                                    
00007266  xdc_runtime_Error_Module__loggerDefined__C                        
00007268  xdc_runtime_Error_maxDepth__C                                     
0000726a  xdc_runtime_Memory_Module__id__C                                  
0000726c  xdc_runtime_SysMin_flushAtExit__C                                 
0000726e  xdc_runtime_Text_charCnt__C                                       
00007270  xdc_runtime_Text_isLoaded__C                                      
00007272  xdc_runtime_Text_registryModsLastId__C                            
00007274  xdc_runtime_Text_unnamedModsLastId__C                             
00007278  __TI_static_base__                                                
00007448  __TI_Handler_Table_Base                                           
00007454  __TI_Handler_Table_Limit                                          
00007468  __TI_CINIT_Base                                                   
00007480  __TI_CINIT_Limit                                                  
20000000  ti_sysbios_family_arm_m3_Hwi_ramVectors                           
20000360  ti_sysbios_heaps_HeapMem_Instance_State_0_buf__A                  
20000760  ti_sysbios_family_arm_m3_Hwi_dispatchTable                        
20000ac0  ti_sysbios_knl_Task_Instance_State_0_stack__A                     
20000cc0  __CIOBUF_                                                         
20000e70  xdc_runtime_SysMin_Module_State_0_outbuf__A                       
20000ef0  parmbuf                                                           
20000efc  ti_sysbios_knl_Swi_Module_State_0_readyQ__A                       
20000f7c  ti_sysbios_knl_Task_Module_State_0_readyQ__A                      
20000ffc  ti_sysbios_knl_Task_Object__table__V                              
20001048  ti_sysbios_knl_Task_Module__state__V                              
2000108c  ti_sysbios_family_arm_lm4_Timer_Object__table__V                  
200010cc  ti_sysbios_gates_GateMutex_Object__table__V                       
20001104  ti_sysbios_family_arm_m3_Hwi_Module__state__V                     
20001138  ti_sysbios_family_arm_lm4_Timer_Module_State_0_device__A          
20001168  ti_sysbios_knl_Swi_Object__table__V                               
20001198  ti_sysbios_knl_Clock_Module__state__V                             
200011c4  ti_sysbios_BIOS_Module__state__V                                  
200011e8  ti_sysbios_knl_Swi_Module__state__V                               
20001204  ti_sysbios_family_arm_lm4_Timer_Module_State_0_handles__A         
2000121c  ti_sysbios_family_arm_m3_Hwi_Object__table__V                     
20001234  ti_sysbios_heaps_HeapMem_Object__table__V                         
2000124c  gpioPinConfigs                                                    
20001260  ti_sysbios_family_arm_lm4_Timer_Module__state__V                  
2000126c  xdc_runtime_SysMin_Module__state__V                               
20001278  _lock                                                             
2000127c  _unlock                                                           
20001280  gpioCallbackFunctions                                             
20001288  ti_sysbios_family_arm_m3_Hwi_Module__root__V                      
20001290  ti_sysbios_gates_GateHwi_Module__root__V                          
20001298  ti_sysbios_gates_GateMutex_Module__root__V                        
200012a0  ti_sysbios_heaps_HeapMem_Module__root__V                          
200012a8  ti_sysbios_knl_Queue_Module__root__V                              
200012b0  ti_sysbios_knl_Semaphore_Module__root__V                          
200012b8  ti_sysbios_knl_Task_Module__root__V                               
200012c0  xdc_runtime_Registry_Module__state__V                             
200012c8  xdc_runtime_Startup_Module__state__V                              
200012d0  xdc_runtime_System_Module_State_0_atexitHandlers__A               
200012d8  xdc_runtime_System_Module__state__V                               
200012e6  ti_sysbios_family_arm_m3_Hwi_Module_State_0_excActive__A          
200012e8  main_func_sp                                                      
200012ec  ti_sysbios_family_arm_m3_Hwi_Module_State_0_excContext__A         
200012f0  ti_sysbios_family_arm_m3_Hwi_Module_State_0_excStack__A           
200012f4  ti_sysbios_gates_GateHwi_Object__table__V                         
200012f8  ti_sysbios_knl_Task_Module_State_0_idleTask__A                    
200012fc  xdc_runtime_Memory_Module__state__V                               
20001300  xdc_runtime_Error_Module__state__V                                
20001308  __stack                                                           
20001608  __STACK_END                                                       
e000e000  ti_sysbios_family_arm_m3_Hwi_nvic                                 
ffffffff  __TI_pprof_out_hndl                                               
ffffffff  __TI_prof_data_size                                               
ffffffff  __TI_prof_data_start                                              
ffffffff  __binit__                                                         
ffffffff  __c_args__                                                        
ffffffff  binit                                                             
UNDEFED   SHT$$INIT_ARRAY$$Base                                             
UNDEFED   SHT$$INIT_ARRAY$$Limit                                            

[539 symbols]
